[0.153s] DEBUG:colcon:Command line arguments: ['/usr/bin/colcon', 'build']
[0.153s] DEBUG:colcon:Parsed command line arguments: Namespace(log_base=None, log_level=None, verb_name='build', build_base='build', install_base='install', merge_install=False, symlink_install=False, test_result_base=None, continue_on_error=False, executor='parallel', parallel_workers=16, event_handlers=None, ignore_user_meta=False, metas=['./colcon.meta'], base_paths=['.'], packages_ignore=None, packages_ignore_regex=None, paths=None, packages_up_to=None, packages_up_to_regex=None, packages_above=None, packages_above_and_dependencies=None, packages_above_depth=None, packages_select_by_dep=None, packages_skip_by_dep=None, packages_skip_up_to=None, packages_select_build_failed=False, packages_skip_build_finished=False, packages_select_test_failures=False, packages_skip_test_passed=False, packages_select=None, packages_skip=None, packages_select_regex=None, packages_skip_regex=None, packages_start=None, packages_end=None, allow_overriding=[], cmake_args=None, cmake_target=None, cmake_target_skip_unavailable=False, cmake_clean_cache=False, cmake_clean_first=False, cmake_force_configure=False, ament_cmake_args=None, catkin_cmake_args=None, catkin_skip_building_tests=False, mixin_files=None, mixin=None, verb_parser=<colcon_mixin.mixin.mixin_argument.MixinArgumentDecorator object at 0x7aa4d5e87d70>, verb_extension=<colcon_core.verb.build.BuildVerb object at 0x7aa4d698e990>, main=<bound method BuildVerb.main of <colcon_core.verb.build.BuildVerb object at 0x7aa4d698e990>>, mixin_verb=('build',))
[0.196s] Level 1:colcon.colcon_core.package_discovery:discover_packages(colcon_meta) check parameters
[0.196s] Level 1:colcon.colcon_core.package_discovery:discover_packages(recursive) check parameters
[0.196s] Level 1:colcon.colcon_core.package_discovery:discover_packages(ignore) check parameters
[0.196s] Level 1:colcon.colcon_core.package_discovery:discover_packages(path) check parameters
[0.196s] Level 1:colcon.colcon_core.package_discovery:discover_packages(colcon_meta) discover
[0.196s] Level 1:colcon.colcon_core.package_discovery:discover_packages(recursive) discover
[0.196s] INFO:colcon.colcon_core.package_discovery:Crawling recursively for packages in '/home/abdullah/task12/Group7-Task7-Maze'
[0.197s] Level 1:colcon.colcon_core.package_identification:_identify(.) by extensions ['ignore', 'ignore_ament_install']
[0.197s] Level 1:colcon.colcon_core.package_identification:_identify(.) by extension 'ignore'
[0.197s] Level 1:colcon.colcon_core.package_identification:_identify(.) by extension 'ignore_ament_install'
[0.197s] Level 1:colcon.colcon_core.package_identification:_identify(.) by extensions ['colcon_pkg']
[0.197s] Level 1:colcon.colcon_core.package_identification:_identify(.) by extension 'colcon_pkg'
[0.197s] Level 1:colcon.colcon_core.package_identification:_identify(.) by extensions ['colcon_meta']
[0.197s] Level 1:colcon.colcon_core.package_identification:_identify(.) by extension 'colcon_meta'
[0.197s] Level 1:colcon.colcon_core.package_identification:_identify(.) by extensions ['ros']
[0.197s] Level 1:colcon.colcon_core.package_identification:_identify(.) by extension 'ros'
[0.217s] Level 1:colcon.colcon_core.package_identification:_identify(.) by extensions ['cmake', 'python']
[0.217s] Level 1:colcon.colcon_core.package_identification:_identify(.) by extension 'cmake'
[0.217s] Level 1:colcon.colcon_core.package_identification:_identify(.) by extension 'python'
[0.218s] Level 1:colcon.colcon_core.package_identification:_identify(.) by extensions ['python_setup_py']
[0.218s] Level 1:colcon.colcon_core.package_identification:_identify(.) by extension 'python_setup_py'
[0.218s] Level 1:colcon.colcon_core.package_identification:_identify(build) by extensions ['ignore', 'ignore_ament_install']
[0.218s] Level 1:colcon.colcon_core.package_identification:_identify(build) by extension 'ignore'
[0.218s] Level 1:colcon.colcon_core.package_identification:_identify(build) ignored
[0.218s] Level 1:colcon.colcon_core.package_identification:_identify(install) by extensions ['ignore', 'ignore_ament_install']
[0.218s] Level 1:colcon.colcon_core.package_identification:_identify(install) by extension 'ignore'
[0.218s] Level 1:colcon.colcon_core.package_identification:_identify(install) ignored
[0.218s] Level 1:colcon.colcon_core.package_identification:_identify(log) by extensions ['ignore', 'ignore_ament_install']
[0.218s] Level 1:colcon.colcon_core.package_identification:_identify(log) by extension 'ignore'
[0.218s] Level 1:colcon.colcon_core.package_identification:_identify(log) ignored
[0.218s] Level 1:colcon.colcon_core.package_identification:_identify(maze_control) by extensions ['ignore', 'ignore_ament_install']
[0.218s] Level 1:colcon.colcon_core.package_identification:_identify(maze_control) by extension 'ignore'
[0.218s] Level 1:colcon.colcon_core.package_identification:_identify(maze_control) by extension 'ignore_ament_install'
[0.218s] Level 1:colcon.colcon_core.package_identification:_identify(maze_control) by extensions ['colcon_pkg']
[0.218s] Level 1:colcon.colcon_core.package_identification:_identify(maze_control) by extension 'colcon_pkg'
[0.218s] Level 1:colcon.colcon_core.package_identification:_identify(maze_control) by extensions ['colcon_meta']
[0.218s] Level 1:colcon.colcon_core.package_identification:_identify(maze_control) by extension 'colcon_meta'
[0.218s] Level 1:colcon.colcon_core.package_identification:_identify(maze_control) by extensions ['ros']
[0.218s] Level 1:colcon.colcon_core.package_identification:_identify(maze_control) by extension 'ros'
[0.221s] DEBUG:colcon.colcon_core.package_identification:Package 'maze_control' with type 'ros.ament_python' and name 'maze_control'
[0.221s] Level 1:colcon.colcon_core.package_identification:_identify(maze_movement) by extensions ['ignore', 'ignore_ament_install']
[0.221s] Level 1:colcon.colcon_core.package_identification:_identify(maze_movement) by extension 'ignore'
[0.221s] Level 1:colcon.colcon_core.package_identification:_identify(maze_movement) by extension 'ignore_ament_install'
[0.221s] Level 1:colcon.colcon_core.package_identification:_identify(maze_movement) by extensions ['colcon_pkg']
[0.221s] Level 1:colcon.colcon_core.package_identification:_identify(maze_movement) by extension 'colcon_pkg'
[0.221s] Level 1:colcon.colcon_core.package_identification:_identify(maze_movement) by extensions ['colcon_meta']
[0.221s] Level 1:colcon.colcon_core.package_identification:_identify(maze_movement) by extension 'colcon_meta'
[0.221s] Level 1:colcon.colcon_core.package_identification:_identify(maze_movement) by extensions ['ros']
[0.221s] Level 1:colcon.colcon_core.package_identification:_identify(maze_movement) by extension 'ros'
[0.222s] DEBUG:colcon.colcon_core.package_identification:Package 'maze_movement' with type 'ros.ament_python' and name 'maze_movement'
[0.222s] Level 1:colcon.colcon_core.package_identification:_identify(maze_msgs) by extensions ['ignore', 'ignore_ament_install']
[0.222s] Level 1:colcon.colcon_core.package_identification:_identify(maze_msgs) by extension 'ignore'
[0.222s] Level 1:colcon.colcon_core.package_identification:_identify(maze_msgs) by extension 'ignore_ament_install'
[0.222s] Level 1:colcon.colcon_core.package_identification:_identify(maze_msgs) by extensions ['colcon_pkg']
[0.222s] Level 1:colcon.colcon_core.package_identification:_identify(maze_msgs) by extension 'colcon_pkg'
[0.222s] Level 1:colcon.colcon_core.package_identification:_identify(maze_msgs) by extensions ['colcon_meta']
[0.222s] Level 1:colcon.colcon_core.package_identification:_identify(maze_msgs) by extension 'colcon_meta'
[0.222s] Level 1:colcon.colcon_core.package_identification:_identify(maze_msgs) by extensions ['ros']
[0.222s] Level 1:colcon.colcon_core.package_identification:_identify(maze_msgs) by extension 'ros'
[0.222s] DEBUG:colcon.colcon_core.package_identification:Package 'maze_msgs' with type 'ros.ament_cmake' and name 'maze_msgs'
[0.222s] Level 1:colcon.colcon_core.package_discovery:discover_packages(recursive) using defaults
[0.222s] Level 1:colcon.colcon_core.package_discovery:discover_packages(ignore) discover
[0.222s] Level 1:colcon.colcon_core.package_discovery:discover_packages(ignore) using defaults
[0.222s] Level 1:colcon.colcon_core.package_discovery:discover_packages(path) discover
[0.223s] Level 1:colcon.colcon_core.package_discovery:discover_packages(path) using defaults
[0.241s] Level 1:colcon.colcon_core.package_discovery:discover_packages(prefix_path) check parameters
[0.241s] Level 1:colcon.colcon_core.package_discovery:discover_packages(prefix_path) discover
[0.244s] DEBUG:colcon.colcon_installed_package_information.package_discovery:Found 323 installed packages in /opt/ros/jazzy
[0.245s] Level 1:colcon.colcon_core.package_discovery:discover_packages(prefix_path) using defaults
[0.283s] Level 5:colcon.colcon_core.verb:set package 'maze_control' build argument 'cmake_args' from command line to 'None'
[0.283s] Level 5:colcon.colcon_core.verb:set package 'maze_control' build argument 'cmake_target' from command line to 'None'
[0.283s] Level 5:colcon.colcon_core.verb:set package 'maze_control' build argument 'cmake_target_skip_unavailable' from command line to 'False'
[0.283s] Level 5:colcon.colcon_core.verb:set package 'maze_control' build argument 'cmake_clean_cache' from command line to 'False'
[0.283s] Level 5:colcon.colcon_core.verb:set package 'maze_control' build argument 'cmake_clean_first' from command line to 'False'
[0.283s] Level 5:colcon.colcon_core.verb:set package 'maze_control' build argument 'cmake_force_configure' from command line to 'False'
[0.283s] Level 5:colcon.colcon_core.verb:set package 'maze_control' build argument 'ament_cmake_args' from command line to 'None'
[0.283s] Level 5:colcon.colcon_core.verb:set package 'maze_control' build argument 'catkin_cmake_args' from command line to 'None'
[0.283s] Level 5:colcon.colcon_core.verb:set package 'maze_control' build argument 'catkin_skip_building_tests' from command line to 'False'
[0.283s] DEBUG:colcon.colcon_core.verb:Building package 'maze_control' with the following arguments: {'ament_cmake_args': None, 'build_base': '/home/abdullah/task12/Group7-Task7-Maze/build/maze_control', 'catkin_cmake_args': None, 'catkin_skip_building_tests': False, 'cmake_args': None, 'cmake_clean_cache': False, 'cmake_clean_first': False, 'cmake_force_configure': False, 'cmake_target': None, 'cmake_target_skip_unavailable': False, 'install_base': '/home/abdullah/task12/Group7-Task7-Maze/install/maze_control', 'merge_install': False, 'path': '/home/abdullah/task12/Group7-Task7-Maze/maze_control', 'symlink_install': False, 'test_result_base': None}
[0.283s] Level 5:colcon.colcon_core.verb:set package 'maze_movement' build argument 'cmake_args' from command line to 'None'
[0.283s] Level 5:colcon.colcon_core.verb:set package 'maze_movement' build argument 'cmake_target' from command line to 'None'
[0.283s] Level 5:colcon.colcon_core.verb:set package 'maze_movement' build argument 'cmake_target_skip_unavailable' from command line to 'False'
[0.283s] Level 5:colcon.colcon_core.verb:set package 'maze_movement' build argument 'cmake_clean_cache' from command line to 'False'
[0.283s] Level 5:colcon.colcon_core.verb:set package 'maze_movement' build argument 'cmake_clean_first' from command line to 'False'
[0.283s] Level 5:colcon.colcon_core.verb:set package 'maze_movement' build argument 'cmake_force_configure' from command line to 'False'
[0.283s] Level 5:colcon.colcon_core.verb:set package 'maze_movement' build argument 'ament_cmake_args' from command line to 'None'
[0.283s] Level 5:colcon.colcon_core.verb:set package 'maze_movement' build argument 'catkin_cmake_args' from command line to 'None'
[0.283s] Level 5:colcon.colcon_core.verb:set package 'maze_movement' build argument 'catkin_skip_building_tests' from command line to 'False'
[0.283s] DEBUG:colcon.colcon_core.verb:Building package 'maze_movement' with the following arguments: {'ament_cmake_args': None, 'build_base': '/home/abdullah/task12/Group7-Task7-Maze/build/maze_movement', 'catkin_cmake_args': None, 'catkin_skip_building_tests': False, 'cmake_args': None, 'cmake_clean_cache': False, 'cmake_clean_first': False, 'cmake_force_configure': False, 'cmake_target': None, 'cmake_target_skip_unavailable': False, 'install_base': '/home/abdullah/task12/Group7-Task7-Maze/install/maze_movement', 'merge_install': False, 'path': '/home/abdullah/task12/Group7-Task7-Maze/maze_movement', 'symlink_install': False, 'test_result_base': None}
[0.283s] Level 5:colcon.colcon_core.verb:set package 'maze_msgs' build argument 'cmake_args' from command line to 'None'
[0.283s] Level 5:colcon.colcon_core.verb:set package 'maze_msgs' build argument 'cmake_target' from command line to 'None'
[0.283s] Level 5:colcon.colcon_core.verb:set package 'maze_msgs' build argument 'cmake_target_skip_unavailable' from command line to 'False'
[0.283s] Level 5:colcon.colcon_core.verb:set package 'maze_msgs' build argument 'cmake_clean_cache' from command line to 'False'
[0.284s] Level 5:colcon.colcon_core.verb:set package 'maze_msgs' build argument 'cmake_clean_first' from command line to 'False'
[0.284s] Level 5:colcon.colcon_core.verb:set package 'maze_msgs' build argument 'cmake_force_configure' from command line to 'False'
[0.284s] Level 5:colcon.colcon_core.verb:set package 'maze_msgs' build argument 'ament_cmake_args' from command line to 'None'
[0.284s] Level 5:colcon.colcon_core.verb:set package 'maze_msgs' build argument 'catkin_cmake_args' from command line to 'None'
[0.284s] Level 5:colcon.colcon_core.verb:set package 'maze_msgs' build argument 'catkin_skip_building_tests' from command line to 'False'
[0.284s] DEBUG:colcon.colcon_core.verb:Building package 'maze_msgs' with the following arguments: {'ament_cmake_args': None, 'build_base': '/home/abdullah/task12/Group7-Task7-Maze/build/maze_msgs', 'catkin_cmake_args': None, 'catkin_skip_building_tests': False, 'cmake_args': None, 'cmake_clean_cache': False, 'cmake_clean_first': False, 'cmake_force_configure': False, 'cmake_target': None, 'cmake_target_skip_unavailable': False, 'install_base': '/home/abdullah/task12/Group7-Task7-Maze/install/maze_msgs', 'merge_install': False, 'path': '/home/abdullah/task12/Group7-Task7-Maze/maze_msgs', 'symlink_install': False, 'test_result_base': None}
[0.284s] INFO:colcon.colcon_core.executor:Executing jobs using 'parallel' executor
[0.284s] DEBUG:colcon.colcon_parallel_executor.executor.parallel:run_until_complete
[0.285s] INFO:colcon.colcon_ros.task.ament_python.build:Building ROS package in '/home/abdullah/task12/Group7-Task7-Maze/maze_control' with build type 'ament_python'
[0.285s] Level 1:colcon.colcon_core.shell:create_environment_hook('maze_control', 'ament_prefix_path')
[0.288s] INFO:colcon.colcon_core.plugin_system:Skipping extension 'colcon_core.shell.bat': Not used on non-Windows systems
[0.288s] INFO:colcon.colcon_core.shell:Creating environment hook '/home/abdullah/task12/Group7-Task7-Maze/install/maze_control/share/maze_control/hook/ament_prefix_path.ps1'
[0.289s] INFO:colcon.colcon_core.shell:Creating environment descriptor '/home/abdullah/task12/Group7-Task7-Maze/install/maze_control/share/maze_control/hook/ament_prefix_path.dsv'
[0.290s] INFO:colcon.colcon_core.shell:Creating environment hook '/home/abdullah/task12/Group7-Task7-Maze/install/maze_control/share/maze_control/hook/ament_prefix_path.sh'
[0.291s] INFO:colcon.colcon_core.shell:Skip shell extension 'powershell' for command environment: Not usable outside of PowerShell
[0.291s] DEBUG:colcon.colcon_core.shell:Skip shell extension 'dsv' for command environment
[0.294s] INFO:colcon.colcon_ros.task.ament_python.build:Building ROS package in '/home/abdullah/task12/Group7-Task7-Maze/maze_movement' with build type 'ament_python'
[0.294s] Level 1:colcon.colcon_core.shell:create_environment_hook('maze_movement', 'ament_prefix_path')
[0.294s] INFO:colcon.colcon_core.shell:Creating environment hook '/home/abdullah/task12/Group7-Task7-Maze/install/maze_movement/share/maze_movement/hook/ament_prefix_path.ps1'
[0.295s] INFO:colcon.colcon_core.shell:Creating environment descriptor '/home/abdullah/task12/Group7-Task7-Maze/install/maze_movement/share/maze_movement/hook/ament_prefix_path.dsv'
[0.295s] INFO:colcon.colcon_core.shell:Creating environment hook '/home/abdullah/task12/Group7-Task7-Maze/install/maze_movement/share/maze_movement/hook/ament_prefix_path.sh'
[0.295s] INFO:colcon.colcon_core.shell:Skip shell extension 'powershell' for command environment: Not usable outside of PowerShell
[0.295s] DEBUG:colcon.colcon_core.shell:Skip shell extension 'dsv' for command environment
[0.298s] INFO:colcon.colcon_ros.task.ament_cmake.build:Building ROS package in '/home/abdullah/task12/Group7-Task7-Maze/maze_msgs' with build type 'ament_cmake'
[0.298s] INFO:colcon.colcon_cmake.task.cmake.build:Building CMake package in '/home/abdullah/task12/Group7-Task7-Maze/maze_msgs'
[0.298s] INFO:colcon.colcon_core.shell:Skip shell extension 'powershell' for command environment: Not usable outside of PowerShell
[0.298s] DEBUG:colcon.colcon_core.shell:Skip shell extension 'dsv' for command environment
[0.468s] INFO:colcon.colcon_core.task.python.build:Building Python package in '/home/abdullah/task12/Group7-Task7-Maze/maze_control'
[0.468s] INFO:colcon.colcon_core.shell:Skip shell extension 'powershell' for command environment: Not usable outside of PowerShell
[0.468s] DEBUG:colcon.colcon_core.shell:Skip shell extension 'dsv' for command environment
[0.639s] INFO:colcon.colcon_core.task.python.build:Building Python package in '/home/abdullah/task12/Group7-Task7-Maze/maze_movement'
[0.639s] INFO:colcon.colcon_core.shell:Skip shell extension 'powershell' for command environment: Not usable outside of PowerShell
[0.639s] DEBUG:colcon.colcon_core.shell:Skip shell extension 'dsv' for command environment
[0.644s] DEBUG:colcon.colcon_core.event_handler.log_command:Invoking command in '/home/abdullah/task12/Group7-Task7-Maze/build/maze_msgs': CMAKE_PREFIX_PATH=${CMAKE_PREFIX_PATH}:/opt/ros/jazzy DEBUGINFOD_URLS=https://debuginfod.ubuntu.com /usr/bin/cmake /home/abdullah/task12/Group7-Task7-Maze/maze_msgs -DCMAKE_INSTALL_PREFIX=/home/abdullah/task12/Group7-Task7-Maze/install/maze_msgs
[1.279s] DEBUG:colcon.colcon_core.task.python.build:Available setuptools commands: bdist, symlink_data, upload_docs, bdist_egg, sdist, build, install_egg_info, alias, extract_messages, install_headers, develop, build_clib, bdist_rpm, easy_install, register, bdist_dumb, setopt, dist_info, rotate, install_scripts, build_scripts, clean, install_lib, check, editable_wheel, egg_info, install, update_catalog, build_ext, compile_catalog, init_catalog, saveopts, upload, test, install_data, build_py
[1.281s] DEBUG:colcon.colcon_core.task.python.build:Available setuptools commands: bdist, symlink_data, upload_docs, bdist_egg, sdist, build, install_egg_info, alias, extract_messages, install_headers, develop, build_clib, bdist_rpm, easy_install, register, bdist_dumb, setopt, dist_info, rotate, install_scripts, build_scripts, clean, install_lib, check, editable_wheel, egg_info, install, update_catalog, build_ext, compile_catalog, init_catalog, saveopts, upload, test, install_data, build_py
[1.281s] DEBUG:colcon.colcon_core.event_handler.log_command:Invoking command in '/home/abdullah/task12/Group7-Task7-Maze/maze_control': DEBUGINFOD_URLS=https://debuginfod.ubuntu.com PYTHONPATH=/home/abdullah/task12/Group7-Task7-Maze/build/maze_control/prefix_override:/usr/lib/python3/dist-packages/colcon_core/task/python/colcon_distutils_commands:/home/abdullah/task12/Group7-Task7-Maze/install/maze_control/lib/python3.12/site-packages:${PYTHONPATH} /usr/bin/python3 -W ignore:setup.py install is deprecated -W ignore:easy_install command is deprecated setup.py egg_info --egg-base ../build/maze_control build --build-base /home/abdullah/task12/Group7-Task7-Maze/build/maze_control/build install --record /home/abdullah/task12/Group7-Task7-Maze/build/maze_control/install.log --install-scripts $base/lib/maze_control --single-version-externally-managed install_data
[1.282s] DEBUG:colcon.colcon_core.event_handler.log_command:Invoking command in '/home/abdullah/task12/Group7-Task7-Maze/maze_movement': DEBUGINFOD_URLS=https://debuginfod.ubuntu.com PYTHONPATH=/home/abdullah/task12/Group7-Task7-Maze/build/maze_movement/prefix_override:/usr/lib/python3/dist-packages/colcon_core/task/python/colcon_distutils_commands:/home/abdullah/task12/Group7-Task7-Maze/install/maze_movement/lib/python3.12/site-packages:${PYTHONPATH} /usr/bin/python3 -W ignore:setup.py install is deprecated -W ignore:easy_install command is deprecated setup.py egg_info --egg-base ../build/maze_movement build --build-base /home/abdullah/task12/Group7-Task7-Maze/build/maze_movement/build install --record /home/abdullah/task12/Group7-Task7-Maze/build/maze_movement/install.log --install-scripts $base/lib/maze_movement --single-version-externally-managed install_data
[1.742s] DEBUG:colcon.colcon_core.event_handler.log_command:Invoked command in '/home/abdullah/task12/Group7-Task7-Maze/maze_control' returned '0': DEBUGINFOD_URLS=https://debuginfod.ubuntu.com PYTHONPATH=/home/abdullah/task12/Group7-Task7-Maze/build/maze_control/prefix_override:/usr/lib/python3/dist-packages/colcon_core/task/python/colcon_distutils_commands:/home/abdullah/task12/Group7-Task7-Maze/install/maze_control/lib/python3.12/site-packages:${PYTHONPATH} /usr/bin/python3 -W ignore:setup.py install is deprecated -W ignore:easy_install command is deprecated setup.py egg_info --egg-base ../build/maze_control build --build-base /home/abdullah/task12/Group7-Task7-Maze/build/maze_control/build install --record /home/abdullah/task12/Group7-Task7-Maze/build/maze_control/install.log --install-scripts $base/lib/maze_control --single-version-externally-managed install_data
[1.746s] Level 1:colcon.colcon_core.environment:checking '/home/abdullah/task12/Group7-Task7-Maze/install/maze_control' for CMake module files
[1.746s] Level 1:colcon.colcon_core.environment:checking '/home/abdullah/task12/Group7-Task7-Maze/install/maze_control' for CMake config files
[1.747s] Level 1:colcon.colcon_core.environment:checking '/home/abdullah/task12/Group7-Task7-Maze/install/maze_control/lib'
[1.747s] Level 1:colcon.colcon_core.environment:checking '/home/abdullah/task12/Group7-Task7-Maze/install/maze_control/bin'
[1.747s] Level 1:colcon.colcon_core.environment:checking '/home/abdullah/task12/Group7-Task7-Maze/install/maze_control/lib/pkgconfig/maze_control.pc'
[1.747s] Level 1:colcon.colcon_core.environment:checking '/home/abdullah/task12/Group7-Task7-Maze/install/maze_control/lib/python3.12/site-packages'
[1.747s] Level 1:colcon.colcon_core.shell:create_environment_hook('maze_control', 'pythonpath')
[1.748s] INFO:colcon.colcon_core.shell:Creating environment hook '/home/abdullah/task12/Group7-Task7-Maze/install/maze_control/share/maze_control/hook/pythonpath.ps1'
[1.748s] INFO:colcon.colcon_core.shell:Creating environment descriptor '/home/abdullah/task12/Group7-Task7-Maze/install/maze_control/share/maze_control/hook/pythonpath.dsv'
[1.748s] INFO:colcon.colcon_core.shell:Creating environment hook '/home/abdullah/task12/Group7-Task7-Maze/install/maze_control/share/maze_control/hook/pythonpath.sh'
[1.749s] Level 1:colcon.colcon_core.environment:checking '/home/abdullah/task12/Group7-Task7-Maze/install/maze_control/bin'
[1.749s] Level 1:colcon.colcon_core.environment:create_environment_scripts_only(maze_control)
[1.749s] INFO:colcon.colcon_core.shell:Creating package script '/home/abdullah/task12/Group7-Task7-Maze/install/maze_control/share/maze_control/package.ps1'
[1.750s] INFO:colcon.colcon_core.shell:Creating package descriptor '/home/abdullah/task12/Group7-Task7-Maze/install/maze_control/share/maze_control/package.dsv'
[1.750s] INFO:colcon.colcon_core.shell:Creating package script '/home/abdullah/task12/Group7-Task7-Maze/install/maze_control/share/maze_control/package.sh'
[1.751s] INFO:colcon.colcon_core.shell:Creating package script '/home/abdullah/task12/Group7-Task7-Maze/install/maze_control/share/maze_control/package.bash'
[1.751s] INFO:colcon.colcon_core.shell:Creating package script '/home/abdullah/task12/Group7-Task7-Maze/install/maze_control/share/maze_control/package.zsh'
[1.752s] Level 1:colcon.colcon_core.environment:create_file_with_runtime_dependencies(/home/abdullah/task12/Group7-Task7-Maze/install/maze_control/share/colcon-core/packages/maze_control)
[1.755s] Level 1:colcon.colcon_core.environment:checking '/home/abdullah/task12/Group7-Task7-Maze/install/maze_movement' for CMake module files
[1.756s] DEBUG:colcon.colcon_core.event_handler.log_command:Invoked command in '/home/abdullah/task12/Group7-Task7-Maze/maze_movement' returned '0': DEBUGINFOD_URLS=https://debuginfod.ubuntu.com PYTHONPATH=/home/abdullah/task12/Group7-Task7-Maze/build/maze_movement/prefix_override:/usr/lib/python3/dist-packages/colcon_core/task/python/colcon_distutils_commands:/home/abdullah/task12/Group7-Task7-Maze/install/maze_movement/lib/python3.12/site-packages:${PYTHONPATH} /usr/bin/python3 -W ignore:setup.py install is deprecated -W ignore:easy_install command is deprecated setup.py egg_info --egg-base ../build/maze_movement build --build-base /home/abdullah/task12/Group7-Task7-Maze/build/maze_movement/build install --record /home/abdullah/task12/Group7-Task7-Maze/build/maze_movement/install.log --install-scripts $base/lib/maze_movement --single-version-externally-managed install_data
[1.756s] Level 1:colcon.colcon_core.environment:checking '/home/abdullah/task12/Group7-Task7-Maze/install/maze_movement' for CMake config files
[1.757s] Level 1:colcon.colcon_core.environment:checking '/home/abdullah/task12/Group7-Task7-Maze/install/maze_movement/lib'
[1.757s] Level 1:colcon.colcon_core.environment:checking '/home/abdullah/task12/Group7-Task7-Maze/install/maze_movement/bin'
[1.757s] Level 1:colcon.colcon_core.environment:checking '/home/abdullah/task12/Group7-Task7-Maze/install/maze_movement/lib/pkgconfig/maze_movement.pc'
[1.757s] Level 1:colcon.colcon_core.environment:checking '/home/abdullah/task12/Group7-Task7-Maze/install/maze_movement/lib/python3.12/site-packages'
[1.757s] Level 1:colcon.colcon_core.shell:create_environment_hook('maze_movement', 'pythonpath')
[1.757s] INFO:colcon.colcon_core.shell:Creating environment hook '/home/abdullah/task12/Group7-Task7-Maze/install/maze_movement/share/maze_movement/hook/pythonpath.ps1'
[1.758s] INFO:colcon.colcon_core.shell:Creating environment descriptor '/home/abdullah/task12/Group7-Task7-Maze/install/maze_movement/share/maze_movement/hook/pythonpath.dsv'
[1.758s] INFO:colcon.colcon_core.shell:Creating environment hook '/home/abdullah/task12/Group7-Task7-Maze/install/maze_movement/share/maze_movement/hook/pythonpath.sh'
[1.758s] Level 1:colcon.colcon_core.environment:checking '/home/abdullah/task12/Group7-Task7-Maze/install/maze_movement/bin'
[1.758s] Level 1:colcon.colcon_core.environment:create_environment_scripts_only(maze_movement)
[1.759s] INFO:colcon.colcon_core.shell:Creating package script '/home/abdullah/task12/Group7-Task7-Maze/install/maze_movement/share/maze_movement/package.ps1'
[1.759s] INFO:colcon.colcon_core.shell:Creating package descriptor '/home/abdullah/task12/Group7-Task7-Maze/install/maze_movement/share/maze_movement/package.dsv'
[1.760s] INFO:colcon.colcon_core.shell:Creating package script '/home/abdullah/task12/Group7-Task7-Maze/install/maze_movement/share/maze_movement/package.sh'
[1.760s] INFO:colcon.colcon_core.shell:Creating package script '/home/abdullah/task12/Group7-Task7-Maze/install/maze_movement/share/maze_movement/package.bash'
[1.760s] INFO:colcon.colcon_core.shell:Creating package script '/home/abdullah/task12/Group7-Task7-Maze/install/maze_movement/share/maze_movement/package.zsh'
[1.760s] Level 1:colcon.colcon_core.environment:create_file_with_runtime_dependencies(/home/abdullah/task12/Group7-Task7-Maze/install/maze_movement/share/colcon-core/packages/maze_movement)
[3.963s] DEBUG:colcon.colcon_core.event_handler.log_command:Invoked command in '/home/abdullah/task12/Group7-Task7-Maze/build/maze_msgs' returned '0': CMAKE_PREFIX_PATH=${CMAKE_PREFIX_PATH}:/opt/ros/jazzy DEBUGINFOD_URLS=https://debuginfod.ubuntu.com /usr/bin/cmake /home/abdullah/task12/Group7-Task7-Maze/maze_msgs -DCMAKE_INSTALL_PREFIX=/home/abdullah/task12/Group7-Task7-Maze/install/maze_msgs
[3.965s] DEBUG:colcon.colcon_core.event_handler.log_command:Invoking command in '/home/abdullah/task12/Group7-Task7-Maze/build/maze_msgs': CMAKE_PREFIX_PATH=${CMAKE_PREFIX_PATH}:/opt/ros/jazzy DEBUGINFOD_URLS=https://debuginfod.ubuntu.com /usr/bin/cmake --build /home/abdullah/task12/Group7-Task7-Maze/build/maze_msgs -- -j16 -l16
[7.948s] DEBUG:colcon.colcon_core.event_handler.log_command:Invoked command in '/home/abdullah/task12/Group7-Task7-Maze/build/maze_msgs' returned '0': CMAKE_PREFIX_PATH=${CMAKE_PREFIX_PATH}:/opt/ros/jazzy DEBUGINFOD_URLS=https://debuginfod.ubuntu.com /usr/bin/cmake --build /home/abdullah/task12/Group7-Task7-Maze/build/maze_msgs -- -j16 -l16
[7.957s] DEBUG:colcon.colcon_core.event_handler.log_command:Invoking command in '/home/abdullah/task12/Group7-Task7-Maze/build/maze_msgs': CMAKE_PREFIX_PATH=${CMAKE_PREFIX_PATH}:/opt/ros/jazzy DEBUGINFOD_URLS=https://debuginfod.ubuntu.com /usr/bin/cmake --install /home/abdullah/task12/Group7-Task7-Maze/build/maze_msgs
[8.043s] Level 1:colcon.colcon_core.environment:create_environment_scripts_only(maze_msgs)
[8.044s] Level 1:colcon.colcon_core.environment:checking '/home/abdullah/task12/Group7-Task7-Maze/install/maze_msgs' for CMake module files
[8.044s] DEBUG:colcon.colcon_core.event_handler.log_command:Invoked command in '/home/abdullah/task12/Group7-Task7-Maze/build/maze_msgs' returned '0': CMAKE_PREFIX_PATH=${CMAKE_PREFIX_PATH}:/opt/ros/jazzy DEBUGINFOD_URLS=https://debuginfod.ubuntu.com /usr/bin/cmake --install /home/abdullah/task12/Group7-Task7-Maze/build/maze_msgs
[8.045s] Level 1:colcon.colcon_core.environment:checking '/home/abdullah/task12/Group7-Task7-Maze/install/maze_msgs' for CMake config files
[8.045s] Level 1:colcon.colcon_core.shell:create_environment_hook('maze_msgs', 'cmake_prefix_path')
[8.045s] INFO:colcon.colcon_core.shell:Creating environment hook '/home/abdullah/task12/Group7-Task7-Maze/install/maze_msgs/share/maze_msgs/hook/cmake_prefix_path.ps1'
[8.045s] INFO:colcon.colcon_core.shell:Creating environment descriptor '/home/abdullah/task12/Group7-Task7-Maze/install/maze_msgs/share/maze_msgs/hook/cmake_prefix_path.dsv'
[8.046s] INFO:colcon.colcon_core.shell:Creating environment hook '/home/abdullah/task12/Group7-Task7-Maze/install/maze_msgs/share/maze_msgs/hook/cmake_prefix_path.sh'
[8.046s] Level 1:colcon.colcon_core.environment:checking '/home/abdullah/task12/Group7-Task7-Maze/install/maze_msgs/lib'
[8.046s] Level 1:colcon.colcon_core.shell:create_environment_hook('maze_msgs', 'ld_library_path_lib')
[8.046s] INFO:colcon.colcon_core.shell:Creating environment hook '/home/abdullah/task12/Group7-Task7-Maze/install/maze_msgs/share/maze_msgs/hook/ld_library_path_lib.ps1'
[8.046s] INFO:colcon.colcon_core.shell:Creating environment descriptor '/home/abdullah/task12/Group7-Task7-Maze/install/maze_msgs/share/maze_msgs/hook/ld_library_path_lib.dsv'
[8.047s] INFO:colcon.colcon_core.shell:Creating environment hook '/home/abdullah/task12/Group7-Task7-Maze/install/maze_msgs/share/maze_msgs/hook/ld_library_path_lib.sh'
[8.047s] Level 1:colcon.colcon_core.environment:checking '/home/abdullah/task12/Group7-Task7-Maze/install/maze_msgs/bin'
[8.047s] Level 1:colcon.colcon_core.environment:checking '/home/abdullah/task12/Group7-Task7-Maze/install/maze_msgs/lib/pkgconfig/maze_msgs.pc'
[8.047s] Level 1:colcon.colcon_core.environment:checking '/home/abdullah/task12/Group7-Task7-Maze/install/maze_msgs/lib/python3.12/site-packages'
[8.047s] Level 1:colcon.colcon_core.shell:create_environment_hook('maze_msgs', 'pythonpath')
[8.047s] INFO:colcon.colcon_core.shell:Creating environment hook '/home/abdullah/task12/Group7-Task7-Maze/install/maze_msgs/share/maze_msgs/hook/pythonpath.ps1'
[8.047s] INFO:colcon.colcon_core.shell:Creating environment descriptor '/home/abdullah/task12/Group7-Task7-Maze/install/maze_msgs/share/maze_msgs/hook/pythonpath.dsv'
[8.048s] INFO:colcon.colcon_core.shell:Creating environment hook '/home/abdullah/task12/Group7-Task7-Maze/install/maze_msgs/share/maze_msgs/hook/pythonpath.sh'
[8.048s] Level 1:colcon.colcon_core.environment:checking '/home/abdullah/task12/Group7-Task7-Maze/install/maze_msgs/bin'
[8.048s] INFO:colcon.colcon_core.shell:Creating package script '/home/abdullah/task12/Group7-Task7-Maze/install/maze_msgs/share/maze_msgs/package.ps1'
[8.049s] INFO:colcon.colcon_core.shell:Creating package descriptor '/home/abdullah/task12/Group7-Task7-Maze/install/maze_msgs/share/maze_msgs/package.dsv'
[8.049s] INFO:colcon.colcon_core.shell:Creating package script '/home/abdullah/task12/Group7-Task7-Maze/install/maze_msgs/share/maze_msgs/package.sh'
[8.049s] INFO:colcon.colcon_core.shell:Creating package script '/home/abdullah/task12/Group7-Task7-Maze/install/maze_msgs/share/maze_msgs/package.bash'
[8.050s] INFO:colcon.colcon_core.shell:Creating package script '/home/abdullah/task12/Group7-Task7-Maze/install/maze_msgs/share/maze_msgs/package.zsh'
[8.050s] Level 1:colcon.colcon_core.environment:create_file_with_runtime_dependencies(/home/abdullah/task12/Group7-Task7-Maze/install/maze_msgs/share/colcon-core/packages/maze_msgs)
[8.050s] Level 1:colcon.colcon_core.environment:create_environment_scripts_only(maze_msgs)
[8.050s] Level 1:colcon.colcon_core.environment:checking '/home/abdullah/task12/Group7-Task7-Maze/install/maze_msgs' for CMake module files
[8.051s] Level 1:colcon.colcon_core.environment:checking '/home/abdullah/task12/Group7-Task7-Maze/install/maze_msgs' for CMake config files
[8.051s] Level 1:colcon.colcon_core.shell:create_environment_hook('maze_msgs', 'cmake_prefix_path')
[8.051s] INFO:colcon.colcon_core.shell:Creating environment hook '/home/abdullah/task12/Group7-Task7-Maze/install/maze_msgs/share/maze_msgs/hook/cmake_prefix_path.ps1'
[8.052s] INFO:colcon.colcon_core.shell:Creating environment descriptor '/home/abdullah/task12/Group7-Task7-Maze/install/maze_msgs/share/maze_msgs/hook/cmake_prefix_path.dsv'
[8.052s] INFO:colcon.colcon_core.shell:Creating environment hook '/home/abdullah/task12/Group7-Task7-Maze/install/maze_msgs/share/maze_msgs/hook/cmake_prefix_path.sh'
[8.052s] Level 1:colcon.colcon_core.environment:checking '/home/abdullah/task12/Group7-Task7-Maze/install/maze_msgs/lib'
[8.052s] Level 1:colcon.colcon_core.shell:create_environment_hook('maze_msgs', 'ld_library_path_lib')
[8.052s] INFO:colcon.colcon_core.shell:Creating environment hook '/home/abdullah/task12/Group7-Task7-Maze/install/maze_msgs/share/maze_msgs/hook/ld_library_path_lib.ps1'
[8.053s] INFO:colcon.colcon_core.shell:Creating environment descriptor '/home/abdullah/task12/Group7-Task7-Maze/install/maze_msgs/share/maze_msgs/hook/ld_library_path_lib.dsv'
[8.053s] INFO:colcon.colcon_core.shell:Creating environment hook '/home/abdullah/task12/Group7-Task7-Maze/install/maze_msgs/share/maze_msgs/hook/ld_library_path_lib.sh'
[8.053s] Level 1:colcon.colcon_core.environment:checking '/home/abdullah/task12/Group7-Task7-Maze/install/maze_msgs/bin'
[8.053s] Level 1:colcon.colcon_core.environment:checking '/home/abdullah/task12/Group7-Task7-Maze/install/maze_msgs/lib/pkgconfig/maze_msgs.pc'
[8.053s] Level 1:colcon.colcon_core.environment:checking '/home/abdullah/task12/Group7-Task7-Maze/install/maze_msgs/lib/python3.12/site-packages'
[8.053s] Level 1:colcon.colcon_core.shell:create_environment_hook('maze_msgs', 'pythonpath')
[8.053s] INFO:colcon.colcon_core.shell:Creating environment hook '/home/abdullah/task12/Group7-Task7-Maze/install/maze_msgs/share/maze_msgs/hook/pythonpath.ps1'
[8.054s] INFO:colcon.colcon_core.shell:Creating environment descriptor '/home/abdullah/task12/Group7-Task7-Maze/install/maze_msgs/share/maze_msgs/hook/pythonpath.dsv'
[8.054s] INFO:colcon.colcon_core.shell:Creating environment hook '/home/abdullah/task12/Group7-Task7-Maze/install/maze_msgs/share/maze_msgs/hook/pythonpath.sh'
[8.054s] Level 1:colcon.colcon_core.environment:checking '/home/abdullah/task12/Group7-Task7-Maze/install/maze_msgs/bin'
[8.055s] INFO:colcon.colcon_core.shell:Creating package script '/home/abdullah/task12/Group7-Task7-Maze/install/maze_msgs/share/maze_msgs/package.ps1'
[8.055s] INFO:colcon.colcon_core.shell:Creating package descriptor '/home/abdullah/task12/Group7-Task7-Maze/install/maze_msgs/share/maze_msgs/package.dsv'
[8.055s] INFO:colcon.colcon_core.shell:Creating package script '/home/abdullah/task12/Group7-Task7-Maze/install/maze_msgs/share/maze_msgs/package.sh'
[8.056s] INFO:colcon.colcon_core.shell:Creating package script '/home/abdullah/task12/Group7-Task7-Maze/install/maze_msgs/share/maze_msgs/package.bash'
[8.056s] INFO:colcon.colcon_core.shell:Creating package script '/home/abdullah/task12/Group7-Task7-Maze/install/maze_msgs/share/maze_msgs/package.zsh'
[8.056s] Level 1:colcon.colcon_core.environment:create_file_with_runtime_dependencies(/home/abdullah/task12/Group7-Task7-Maze/install/maze_msgs/share/colcon-core/packages/maze_msgs)
[8.056s] DEBUG:colcon.colcon_parallel_executor.executor.parallel:closing loop
[8.057s] DEBUG:colcon.colcon_parallel_executor.executor.parallel:loop closed
[8.057s] DEBUG:colcon.colcon_parallel_executor.executor.parallel:run_until_complete finished with '0'
[8.057s] DEBUG:colcon.colcon_core.event_reactor:joining thread
[8.063s] INFO:colcon.colcon_core.plugin_system:Skipping extension 'colcon_notification.desktop_notification.terminal_notifier': Not used on non-Darwin systems
[8.063s] INFO:colcon.colcon_core.plugin_system:Skipping extension 'colcon_notification.desktop_notification.win32': Not used on non-Windows systems
[8.064s] INFO:colcon.colcon_notification.desktop_notification:Sending desktop notification using 'notify2'
[8.082s] DEBUG:colcon.colcon_core.event_reactor:joined thread
[8.082s] INFO:colcon.colcon_core.shell:Creating prefix script '/home/abdullah/task12/Group7-Task7-Maze/install/local_setup.ps1'
[8.083s] INFO:colcon.colcon_core.shell:Creating prefix util module '/home/abdullah/task12/Group7-Task7-Maze/install/_local_setup_util_ps1.py'
[8.084s] INFO:colcon.colcon_core.shell:Creating prefix chain script '/home/abdullah/task12/Group7-Task7-Maze/install/setup.ps1'
[8.085s] INFO:colcon.colcon_core.shell:Creating prefix script '/home/abdullah/task12/Group7-Task7-Maze/install/local_setup.sh'
[8.085s] INFO:colcon.colcon_core.shell:Creating prefix util module '/home/abdullah/task12/Group7-Task7-Maze/install/_local_setup_util_sh.py'
[8.086s] INFO:colcon.colcon_core.shell:Creating prefix chain script '/home/abdullah/task12/Group7-Task7-Maze/install/setup.sh'
[8.086s] INFO:colcon.colcon_core.shell:Creating prefix script '/home/abdullah/task12/Group7-Task7-Maze/install/local_setup.bash'
[8.087s] INFO:colcon.colcon_core.shell:Creating prefix chain script '/home/abdullah/task12/Group7-Task7-Maze/install/setup.bash'
[8.088s] INFO:colcon.colcon_core.shell:Creating prefix script '/home/abdullah/task12/Group7-Task7-Maze/install/local_setup.zsh'
[8.088s] INFO:colcon.colcon_core.shell:Creating prefix chain script '/home/abdullah/task12/Group7-Task7-Maze/install/setup.zsh'
