[  4%] Built target maze_msgs__rosidl_generator_type_description
[  4%] Built target maze_msgs__rs
[  4%] Built target ament_cmake_python_copy_maze_msgs
[  6%] Built target maze_msgs__cpp
[ 24%] Built target maze_msgs__rosidl_generator_c
[ 42%] Built target maze_msgs__rosidl_typesupport_c
[ 42%] Built target maze_msgs__rosidl_typesupport_introspection_c
[ 51%] Built target maze_msgs__rosidl_typesupport_introspection_cpp
[ 68%] Built target maze_msgs__rosidl_typesupport_fastrtps_c
[ 68%] Built target maze_msgs__rosidl_typesupport_cpp
[ 77%] Built target maze_msgs__rosidl_typesupport_fastrtps_cpp
[ 77%] Built target maze_msgs
[ 80%] Built target maze_msgs__py
[ 86%] Built target maze_msgs__rosidl_generator_py
[100%] Built target maze_msgs_s__rosidl_typesupport_c
[100%] Built target maze_msgs_s__rosidl_typesupport_fastrtps_c
[100%] Built target maze_msgs_s__rosidl_typesupport_introspection_c
running egg_info
writing maze_msgs.egg-info/PKG-INFO
writing dependency_links to maze_msgs.egg-info/dependency_links.txt
writing top-level names to maze_msgs.egg-info/top_level.txt
reading manifest file 'maze_msgs.egg-info/SOURCES.txt'
writing manifest file 'maze_msgs.egg-info/SOURCES.txt'
[100%] Built target ament_cmake_python_build_maze_msgs_egg
-- Install configuration: ""
-- Up-to-date: /home/abdullah/task12/Group7-Task7-Maze/install/maze_msgs/share/ament_index/resource_index/rosidl_interfaces/maze_msgs
-- Up-to-date: /home/abdullah/task12/Group7-Task7-Maze/install/maze_msgs/share/maze_msgs/action/MoveX.json
-- Up-to-date: /home/abdullah/task12/Group7-Task7-Maze/install/maze_msgs/share/maze_msgs/action/MoveYaw.json
-- Up-to-date: /home/abdullah/task12/Group7-Task7-Maze/install/maze_msgs/include/maze_msgs/maze_msgs
-- Up-to-date: /home/abdullah/task12/Group7-Task7-Maze/install/maze_msgs/include/maze_msgs/maze_msgs/msg
-- Up-to-date: /home/abdullah/task12/Group7-Task7-Maze/install/maze_msgs/include/maze_msgs/maze_msgs/msg/rosidl_generator_c__visibility_control.h
-- Up-to-date: /home/abdullah/task12/Group7-Task7-Maze/install/maze_msgs/include/maze_msgs/maze_msgs/action
-- Up-to-date: /home/abdullah/task12/Group7-Task7-Maze/install/maze_msgs/include/maze_msgs/maze_msgs/action/detail
-- Up-to-date: /home/abdullah/task12/Group7-Task7-Maze/install/maze_msgs/include/maze_msgs/maze_msgs/action/detail/move_x__type_support.h
-- Up-to-date: /home/abdullah/task12/Group7-Task7-Maze/install/maze_msgs/include/maze_msgs/maze_msgs/action/detail/move_yaw__functions.h
-- Up-to-date: /home/abdullah/task12/Group7-Task7-Maze/install/maze_msgs/include/maze_msgs/maze_msgs/action/detail/move_x__functions.c
-- Up-to-date: /home/abdullah/task12/Group7-Task7-Maze/install/maze_msgs/include/maze_msgs/maze_msgs/action/detail/move_x__struct.h
-- Up-to-date: /home/abdullah/task12/Group7-Task7-Maze/install/maze_msgs/include/maze_msgs/maze_msgs/action/detail/move_x__type_support.c
-- Up-to-date: /home/abdullah/task12/Group7-Task7-Maze/install/maze_msgs/include/maze_msgs/maze_msgs/action/detail/move_yaw__type_support.c
-- Up-to-date: /home/abdullah/task12/Group7-Task7-Maze/install/maze_msgs/include/maze_msgs/maze_msgs/action/detail/move_x__functions.h
-- Up-to-date: /home/abdullah/task12/Group7-Task7-Maze/install/maze_msgs/include/maze_msgs/maze_msgs/action/detail/move_yaw__functions.c
-- Up-to-date: /home/abdullah/task12/Group7-Task7-Maze/install/maze_msgs/include/maze_msgs/maze_msgs/action/detail/move_yaw__description.c
-- Up-to-date: /home/abdullah/task12/Group7-Task7-Maze/install/maze_msgs/include/maze_msgs/maze_msgs/action/detail/move_yaw__type_support.h
-- Up-to-date: /home/abdullah/task12/Group7-Task7-Maze/install/maze_msgs/include/maze_msgs/maze_msgs/action/detail/move_yaw__struct.h
-- Up-to-date: /home/abdullah/task12/Group7-Task7-Maze/install/maze_msgs/include/maze_msgs/maze_msgs/action/detail/move_x__description.c
-- Up-to-date: /home/abdullah/task12/Group7-Task7-Maze/install/maze_msgs/include/maze_msgs/maze_msgs/action/move_x.h
-- Up-to-date: /home/abdullah/task12/Group7-Task7-Maze/install/maze_msgs/include/maze_msgs/maze_msgs/action/move_yaw.h
-- Up-to-date: /home/abdullah/task12/Group7-Task7-Maze/install/maze_msgs/share/maze_msgs/environment/library_path.sh
-- Up-to-date: /home/abdullah/task12/Group7-Task7-Maze/install/maze_msgs/share/maze_msgs/environment/library_path.dsv
-- Up-to-date: /home/abdullah/task12/Group7-Task7-Maze/install/maze_msgs/lib/libmaze_msgs__rosidl_generator_c.so
-- Up-to-date: /home/abdullah/task12/Group7-Task7-Maze/install/maze_msgs/include/maze_msgs/maze_msgs
-- Up-to-date: /home/abdullah/task12/Group7-Task7-Maze/install/maze_msgs/include/maze_msgs/maze_msgs/msg
-- Up-to-date: /home/abdullah/task12/Group7-Task7-Maze/install/maze_msgs/include/maze_msgs/maze_msgs/msg/rosidl_typesupport_fastrtps_c__visibility_control.h
-- Up-to-date: /home/abdullah/task12/Group7-Task7-Maze/install/maze_msgs/include/maze_msgs/maze_msgs/action
-- Up-to-date: /home/abdullah/task12/Group7-Task7-Maze/install/maze_msgs/include/maze_msgs/maze_msgs/action/detail
-- Up-to-date: /home/abdullah/task12/Group7-Task7-Maze/install/maze_msgs/include/maze_msgs/maze_msgs/action/detail/move_yaw__rosidl_typesupport_fastrtps_c.h
-- Up-to-date: /home/abdullah/task12/Group7-Task7-Maze/install/maze_msgs/include/maze_msgs/maze_msgs/action/detail/move_x__rosidl_typesupport_fastrtps_c.h
-- Up-to-date: /home/abdullah/task12/Group7-Task7-Maze/install/maze_msgs/lib/libmaze_msgs__rosidl_typesupport_fastrtps_c.so
-- Up-to-date: /home/abdullah/task12/Group7-Task7-Maze/install/maze_msgs/include/maze_msgs/maze_msgs
-- Up-to-date: /home/abdullah/task12/Group7-Task7-Maze/install/maze_msgs/include/maze_msgs/maze_msgs/msg
-- Up-to-date: /home/abdullah/task12/Group7-Task7-Maze/install/maze_msgs/include/maze_msgs/maze_msgs/msg/rosidl_typesupport_introspection_c__visibility_control.h
-- Up-to-date: /home/abdullah/task12/Group7-Task7-Maze/install/maze_msgs/include/maze_msgs/maze_msgs/action
-- Up-to-date: /home/abdullah/task12/Group7-Task7-Maze/install/maze_msgs/include/maze_msgs/maze_msgs/action/detail
-- Up-to-date: /home/abdullah/task12/Group7-Task7-Maze/install/maze_msgs/include/maze_msgs/maze_msgs/action/detail/move_yaw__rosidl_typesupport_introspection_c.h
-- Up-to-date: /home/abdullah/task12/Group7-Task7-Maze/install/maze_msgs/include/maze_msgs/maze_msgs/action/detail/move_x__type_support.c
-- Up-to-date: /home/abdullah/task12/Group7-Task7-Maze/install/maze_msgs/include/maze_msgs/maze_msgs/action/detail/move_x__rosidl_typesupport_introspection_c.h
-- Up-to-date: /home/abdullah/task12/Group7-Task7-Maze/install/maze_msgs/include/maze_msgs/maze_msgs/action/detail/move_yaw__type_support.c
-- Up-to-date: /home/abdullah/task12/Group7-Task7-Maze/install/maze_msgs/lib/libmaze_msgs__rosidl_typesupport_introspection_c.so
-- Up-to-date: /home/abdullah/task12/Group7-Task7-Maze/install/maze_msgs/lib/libmaze_msgs__rosidl_typesupport_c.so
-- Up-to-date: /home/abdullah/task12/Group7-Task7-Maze/install/maze_msgs/include/maze_msgs/maze_msgs
-- Up-to-date: /home/abdullah/task12/Group7-Task7-Maze/install/maze_msgs/include/maze_msgs/maze_msgs/msg
-- Up-to-date: /home/abdullah/task12/Group7-Task7-Maze/install/maze_msgs/include/maze_msgs/maze_msgs/msg/rosidl_generator_cpp__visibility_control.hpp
-- Up-to-date: /home/abdullah/task12/Group7-Task7-Maze/install/maze_msgs/include/maze_msgs/maze_msgs/action
-- Up-to-date: /home/abdullah/task12/Group7-Task7-Maze/install/maze_msgs/include/maze_msgs/maze_msgs/action/move_x.hpp
-- Up-to-date: /home/abdullah/task12/Group7-Task7-Maze/install/maze_msgs/include/maze_msgs/maze_msgs/action/detail
-- Up-to-date: /home/abdullah/task12/Group7-Task7-Maze/install/maze_msgs/include/maze_msgs/maze_msgs/action/detail/move_yaw__traits.hpp
-- Up-to-date: /home/abdullah/task12/Group7-Task7-Maze/install/maze_msgs/include/maze_msgs/maze_msgs/action/detail/move_x__struct.hpp
-- Up-to-date: /home/abdullah/task12/Group7-Task7-Maze/install/maze_msgs/include/maze_msgs/maze_msgs/action/detail/move_yaw__struct.hpp
-- Up-to-date: /home/abdullah/task12/Group7-Task7-Maze/install/maze_msgs/include/maze_msgs/maze_msgs/action/detail/move_yaw__type_support.hpp
-- Up-to-date: /home/abdullah/task12/Group7-Task7-Maze/install/maze_msgs/include/maze_msgs/maze_msgs/action/detail/move_x__type_support.hpp
-- Up-to-date: /home/abdullah/task12/Group7-Task7-Maze/install/maze_msgs/include/maze_msgs/maze_msgs/action/detail/move_x__traits.hpp
-- Up-to-date: /home/abdullah/task12/Group7-Task7-Maze/install/maze_msgs/include/maze_msgs/maze_msgs/action/detail/move_x__builder.hpp
-- Up-to-date: /home/abdullah/task12/Group7-Task7-Maze/install/maze_msgs/include/maze_msgs/maze_msgs/action/detail/move_yaw__builder.hpp
-- Up-to-date: /home/abdullah/task12/Group7-Task7-Maze/install/maze_msgs/include/maze_msgs/maze_msgs/action/move_yaw.hpp
-- Up-to-date: /home/abdullah/task12/Group7-Task7-Maze/install/maze_msgs/include/maze_msgs/maze_msgs
-- Up-to-date: /home/abdullah/task12/Group7-Task7-Maze/install/maze_msgs/include/maze_msgs/maze_msgs/msg
-- Up-to-date: /home/abdullah/task12/Group7-Task7-Maze/install/maze_msgs/include/maze_msgs/maze_msgs/msg/rosidl_typesupport_fastrtps_cpp__visibility_control.h
-- Up-to-date: /home/abdullah/task12/Group7-Task7-Maze/install/maze_msgs/include/maze_msgs/maze_msgs/action
-- Up-to-date: /home/abdullah/task12/Group7-Task7-Maze/install/maze_msgs/include/maze_msgs/maze_msgs/action/detail
-- Up-to-date: /home/abdullah/task12/Group7-Task7-Maze/install/maze_msgs/include/maze_msgs/maze_msgs/action/detail/dds_fastrtps
-- Up-to-date: /home/abdullah/task12/Group7-Task7-Maze/install/maze_msgs/include/maze_msgs/maze_msgs/action/detail/move_x__rosidl_typesupport_fastrtps_cpp.hpp
-- Up-to-date: /home/abdullah/task12/Group7-Task7-Maze/install/maze_msgs/include/maze_msgs/maze_msgs/action/detail/move_yaw__rosidl_typesupport_fastrtps_cpp.hpp
-- Up-to-date: /home/abdullah/task12/Group7-Task7-Maze/install/maze_msgs/lib/libmaze_msgs__rosidl_typesupport_fastrtps_cpp.so
-- Up-to-date: /home/abdullah/task12/Group7-Task7-Maze/install/maze_msgs/include/maze_msgs/maze_msgs
-- Up-to-date: /home/abdullah/task12/Group7-Task7-Maze/install/maze_msgs/include/maze_msgs/maze_msgs/action
-- Up-to-date: /home/abdullah/task12/Group7-Task7-Maze/install/maze_msgs/include/maze_msgs/maze_msgs/action/detail
-- Up-to-date: /home/abdullah/task12/Group7-Task7-Maze/install/maze_msgs/include/maze_msgs/maze_msgs/action/detail/move_yaw__type_support.cpp
-- Up-to-date: /home/abdullah/task12/Group7-Task7-Maze/install/maze_msgs/include/maze_msgs/maze_msgs/action/detail/move_yaw__rosidl_typesupport_introspection_cpp.hpp
-- Up-to-date: /home/abdullah/task12/Group7-Task7-Maze/install/maze_msgs/include/maze_msgs/maze_msgs/action/detail/move_x__rosidl_typesupport_introspection_cpp.hpp
-- Up-to-date: /home/abdullah/task12/Group7-Task7-Maze/install/maze_msgs/include/maze_msgs/maze_msgs/action/detail/move_x__type_support.cpp
-- Up-to-date: /home/abdullah/task12/Group7-Task7-Maze/install/maze_msgs/lib/libmaze_msgs__rosidl_typesupport_introspection_cpp.so
-- Up-to-date: /home/abdullah/task12/Group7-Task7-Maze/install/maze_msgs/lib/libmaze_msgs__rosidl_typesupport_cpp.so
-- Up-to-date: /home/abdullah/task12/Group7-Task7-Maze/install/maze_msgs/share/maze_msgs/environment/pythonpath.sh
-- Up-to-date: /home/abdullah/task12/Group7-Task7-Maze/install/maze_msgs/share/maze_msgs/environment/pythonpath.dsv
-- Up-to-date: /home/abdullah/task12/Group7-Task7-Maze/install/maze_msgs/lib/python3.12/site-packages/maze_msgs-0.0.0-py3.12.egg-info
-- Installing: /home/abdullah/task12/Group7-Task7-Maze/install/maze_msgs/lib/python3.12/site-packages/maze_msgs-0.0.0-py3.12.egg-info/dependency_links.txt
-- Installing: /home/abdullah/task12/Group7-Task7-Maze/install/maze_msgs/lib/python3.12/site-packages/maze_msgs-0.0.0-py3.12.egg-info/PKG-INFO
-- Installing: /home/abdullah/task12/Group7-Task7-Maze/install/maze_msgs/lib/python3.12/site-packages/maze_msgs-0.0.0-py3.12.egg-info/SOURCES.txt
-- Installing: /home/abdullah/task12/Group7-Task7-Maze/install/maze_msgs/lib/python3.12/site-packages/maze_msgs-0.0.0-py3.12.egg-info/top_level.txt
-- Up-to-date: /home/abdullah/task12/Group7-Task7-Maze/install/maze_msgs/lib/python3.12/site-packages/maze_msgs
-- Up-to-date: /home/abdullah/task12/Group7-Task7-Maze/install/maze_msgs/lib/python3.12/site-packages/maze_msgs/maze_msgs_s__rosidl_typesupport_fastrtps_c.so
-- Up-to-date: /home/abdullah/task12/Group7-Task7-Maze/install/maze_msgs/lib/python3.12/site-packages/maze_msgs/_maze_msgs_s.ep.rosidl_typesupport_c.c
-- Up-to-date: /home/abdullah/task12/Group7-Task7-Maze/install/maze_msgs/lib/python3.12/site-packages/maze_msgs/maze_msgs_s__rosidl_typesupport_c.so
-- Up-to-date: /home/abdullah/task12/Group7-Task7-Maze/install/maze_msgs/lib/python3.12/site-packages/maze_msgs/__init__.py
-- Up-to-date: /home/abdullah/task12/Group7-Task7-Maze/install/maze_msgs/lib/python3.12/site-packages/maze_msgs/maze_msgs_s__rosidl_typesupport_introspection_c.so
-- Up-to-date: /home/abdullah/task12/Group7-Task7-Maze/install/maze_msgs/lib/python3.12/site-packages/maze_msgs/_maze_msgs_s.ep.rosidl_typesupport_fastrtps_c.c
-- Up-to-date: /home/abdullah/task12/Group7-Task7-Maze/install/maze_msgs/lib/python3.12/site-packages/maze_msgs/action
-- Up-to-date: /home/abdullah/task12/Group7-Task7-Maze/install/maze_msgs/lib/python3.12/site-packages/maze_msgs/action/_move_yaw_s.c
-- Up-to-date: /home/abdullah/task12/Group7-Task7-Maze/install/maze_msgs/lib/python3.12/site-packages/maze_msgs/action/_move_yaw.py
-- Up-to-date: /home/abdullah/task12/Group7-Task7-Maze/install/maze_msgs/lib/python3.12/site-packages/maze_msgs/action/_move_x.py
-- Up-to-date: /home/abdullah/task12/Group7-Task7-Maze/install/maze_msgs/lib/python3.12/site-packages/maze_msgs/action/_move_x_s.c
-- Up-to-date: /home/abdullah/task12/Group7-Task7-Maze/install/maze_msgs/lib/python3.12/site-packages/maze_msgs/action/__init__.py
-- Up-to-date: /home/abdullah/task12/Group7-Task7-Maze/install/maze_msgs/lib/python3.12/site-packages/maze_msgs/_maze_msgs_s.ep.rosidl_typesupport_introspection_c.c
Listing '/home/abdullah/task12/Group7-Task7-Maze/install/maze_msgs/lib/python3.12/site-packages/maze_msgs'...
Listing '/home/abdullah/task12/Group7-Task7-Maze/install/maze_msgs/lib/python3.12/site-packages/maze_msgs/action'...
-- Up-to-date: /home/abdullah/task12/Group7-Task7-Maze/install/maze_msgs/lib/python3.12/site-packages/maze_msgs/maze_msgs_s__rosidl_typesupport_fastrtps_c.so
-- Up-to-date: /home/abdullah/task12/Group7-Task7-Maze/install/maze_msgs/lib/python3.12/site-packages/maze_msgs/maze_msgs_s__rosidl_typesupport_introspection_c.so
-- Up-to-date: /home/abdullah/task12/Group7-Task7-Maze/install/maze_msgs/lib/python3.12/site-packages/maze_msgs/maze_msgs_s__rosidl_typesupport_c.so
-- Up-to-date: /home/abdullah/task12/Group7-Task7-Maze/install/maze_msgs/lib/libmaze_msgs__rosidl_generator_py.so
-- Up-to-date: /home/abdullah/task12/Group7-Task7-Maze/install/maze_msgs/share/ament_index/resource_index/rust_packages/maze_msgs
-- Up-to-date: /home/abdullah/task12/Group7-Task7-Maze/install/maze_msgs/share/maze_msgs/rust
-- Up-to-date: /home/abdullah/task12/Group7-Task7-Maze/install/maze_msgs/share/maze_msgs/rust/Cargo.toml
-- Up-to-date: /home/abdullah/task12/Group7-Task7-Maze/install/maze_msgs/share/maze_msgs/rust/build.rs
-- Up-to-date: /home/abdullah/task12/Group7-Task7-Maze/install/maze_msgs/share/maze_msgs/rust/src
-- Up-to-date: /home/abdullah/task12/Group7-Task7-Maze/install/maze_msgs/share/maze_msgs/rust/src/lib.rs
-- Up-to-date: /home/abdullah/task12/Group7-Task7-Maze/install/maze_msgs/share/maze_msgs/rust/src/action.rs
-- Up-to-date: /home/abdullah/task12/Group7-Task7-Maze/install/maze_msgs/share/maze_msgs/rust/src/action
-- Up-to-date: /home/abdullah/task12/Group7-Task7-Maze/install/maze_msgs/share/maze_msgs/rust/src/action/rmw.rs
-- Up-to-date: /home/abdullah/task12/Group7-Task7-Maze/install/maze_msgs/share/maze_msgs/action/MoveX.idl
-- Up-to-date: /home/abdullah/task12/Group7-Task7-Maze/install/maze_msgs/share/maze_msgs/action/MoveYaw.idl
-- Up-to-date: /home/abdullah/task12/Group7-Task7-Maze/install/maze_msgs/share/maze_msgs/action/MoveX.action
-- Up-to-date: /home/abdullah/task12/Group7-Task7-Maze/install/maze_msgs/share/maze_msgs/action/MoveYaw.action
-- Up-to-date: /home/abdullah/task12/Group7-Task7-Maze/install/maze_msgs/share/ament_index/resource_index/package_run_dependencies/maze_msgs
-- Up-to-date: /home/abdullah/task12/Group7-Task7-Maze/install/maze_msgs/share/ament_index/resource_index/parent_prefix_path/maze_msgs
-- Up-to-date: /home/abdullah/task12/Group7-Task7-Maze/install/maze_msgs/share/maze_msgs/environment/ament_prefix_path.sh
-- Up-to-date: /home/abdullah/task12/Group7-Task7-Maze/install/maze_msgs/share/maze_msgs/environment/ament_prefix_path.dsv
-- Up-to-date: /home/abdullah/task12/Group7-Task7-Maze/install/maze_msgs/share/maze_msgs/environment/path.sh
-- Up-to-date: /home/abdullah/task12/Group7-Task7-Maze/install/maze_msgs/share/maze_msgs/environment/path.dsv
-- Up-to-date: /home/abdullah/task12/Group7-Task7-Maze/install/maze_msgs/share/maze_msgs/local_setup.bash
-- Up-to-date: /home/abdullah/task12/Group7-Task7-Maze/install/maze_msgs/share/maze_msgs/local_setup.sh
-- Up-to-date: /home/abdullah/task12/Group7-Task7-Maze/install/maze_msgs/share/maze_msgs/local_setup.zsh
-- Up-to-date: /home/abdullah/task12/Group7-Task7-Maze/install/maze_msgs/share/maze_msgs/local_setup.dsv
-- Installing: /home/abdullah/task12/Group7-Task7-Maze/install/maze_msgs/share/maze_msgs/package.dsv
-- Up-to-date: /home/abdullah/task12/Group7-Task7-Maze/install/maze_msgs/share/ament_index/resource_index/packages/maze_msgs
-- Up-to-date: /home/abdullah/task12/Group7-Task7-Maze/install/maze_msgs/share/maze_msgs/cmake/export_maze_msgs__rosidl_generator_cExport.cmake
-- Up-to-date: /home/abdullah/task12/Group7-Task7-Maze/install/maze_msgs/share/maze_msgs/cmake/export_maze_msgs__rosidl_generator_cExport-noconfig.cmake
-- Up-to-date: /home/abdullah/task12/Group7-Task7-Maze/install/maze_msgs/share/maze_msgs/cmake/export_maze_msgs__rosidl_typesupport_fastrtps_cExport.cmake
-- Up-to-date: /home/abdullah/task12/Group7-Task7-Maze/install/maze_msgs/share/maze_msgs/cmake/export_maze_msgs__rosidl_typesupport_fastrtps_cExport-noconfig.cmake
-- Up-to-date: /home/abdullah/task12/Group7-Task7-Maze/install/maze_msgs/share/maze_msgs/cmake/maze_msgs__rosidl_typesupport_introspection_cExport.cmake
-- Up-to-date: /home/abdullah/task12/Group7-Task7-Maze/install/maze_msgs/share/maze_msgs/cmake/maze_msgs__rosidl_typesupport_introspection_cExport-noconfig.cmake
-- Up-to-date: /home/abdullah/task12/Group7-Task7-Maze/install/maze_msgs/share/maze_msgs/cmake/maze_msgs__rosidl_typesupport_cExport.cmake
-- Up-to-date: /home/abdullah/task12/Group7-Task7-Maze/install/maze_msgs/share/maze_msgs/cmake/maze_msgs__rosidl_typesupport_cExport-noconfig.cmake
-- Up-to-date: /home/abdullah/task12/Group7-Task7-Maze/install/maze_msgs/share/maze_msgs/cmake/export_maze_msgs__rosidl_generator_cppExport.cmake
-- Up-to-date: /home/abdullah/task12/Group7-Task7-Maze/install/maze_msgs/share/maze_msgs/cmake/export_maze_msgs__rosidl_typesupport_fastrtps_cppExport.cmake
-- Up-to-date: /home/abdullah/task12/Group7-Task7-Maze/install/maze_msgs/share/maze_msgs/cmake/export_maze_msgs__rosidl_typesupport_fastrtps_cppExport-noconfig.cmake
-- Up-to-date: /home/abdullah/task12/Group7-Task7-Maze/install/maze_msgs/share/maze_msgs/cmake/maze_msgs__rosidl_typesupport_introspection_cppExport.cmake
-- Up-to-date: /home/abdullah/task12/Group7-Task7-Maze/install/maze_msgs/share/maze_msgs/cmake/maze_msgs__rosidl_typesupport_introspection_cppExport-noconfig.cmake
-- Up-to-date: /home/abdullah/task12/Group7-Task7-Maze/install/maze_msgs/share/maze_msgs/cmake/maze_msgs__rosidl_typesupport_cppExport.cmake
-- Up-to-date: /home/abdullah/task12/Group7-Task7-Maze/install/maze_msgs/share/maze_msgs/cmake/maze_msgs__rosidl_typesupport_cppExport-noconfig.cmake
-- Up-to-date: /home/abdullah/task12/Group7-Task7-Maze/install/maze_msgs/share/maze_msgs/cmake/export_maze_msgs__rosidl_generator_pyExport.cmake
-- Up-to-date: /home/abdullah/task12/Group7-Task7-Maze/install/maze_msgs/share/maze_msgs/cmake/export_maze_msgs__rosidl_generator_pyExport-noconfig.cmake
-- Up-to-date: /home/abdullah/task12/Group7-Task7-Maze/install/maze_msgs/share/maze_msgs/cmake/rosidl_cmake-extras.cmake
-- Up-to-date: /home/abdullah/task12/Group7-Task7-Maze/install/maze_msgs/share/maze_msgs/cmake/ament_cmake_export_dependencies-extras.cmake
-- Up-to-date: /home/abdullah/task12/Group7-Task7-Maze/install/maze_msgs/share/maze_msgs/cmake/ament_cmake_export_include_directories-extras.cmake
-- Up-to-date: /home/abdullah/task12/Group7-Task7-Maze/install/maze_msgs/share/maze_msgs/cmake/ament_cmake_export_libraries-extras.cmake
-- Up-to-date: /home/abdullah/task12/Group7-Task7-Maze/install/maze_msgs/share/maze_msgs/cmake/ament_cmake_export_targets-extras.cmake
-- Up-to-date: /home/abdullah/task12/Group7-Task7-Maze/install/maze_msgs/share/maze_msgs/cmake/rosidl_cmake_export_typesupport_targets-extras.cmake
-- Up-to-date: /home/abdullah/task12/Group7-Task7-Maze/install/maze_msgs/share/maze_msgs/cmake/rosidl_cmake_export_typesupport_libraries-extras.cmake
-- Up-to-date: /home/abdullah/task12/Group7-Task7-Maze/install/maze_msgs/share/maze_msgs/cmake/rosidl_cmake_aggregate_target-extras.cmake
-- Up-to-date: /home/abdullah/task12/Group7-Task7-Maze/install/maze_msgs/share/maze_msgs/cmake/maze_msgsConfig.cmake
-- Up-to-date: /home/abdullah/task12/Group7-Task7-Maze/install/maze_msgs/share/maze_msgs/cmake/maze_msgsConfig-version.cmake
-- Up-to-date: /home/abdullah/task12/Group7-Task7-Maze/install/maze_msgs/share/maze_msgs/package.xml
