[0.265s] Invoking command in '/home/abdullah/task12/Group7-Task7-Maze/build/maze_msgs': DEBUGINFOD_URLS=https://debuginfod.ubuntu.com /usr/bin/cmake --build /home/abdullah/task12/Group7-Task7-Maze/build/maze_msgs -- -j16 -l16
[0.310s] [  4%] Built target maze_msgs__rosidl_generator_type_description
[0.311s] [  4%] Built target maze_msgs__rs
[0.319s] [  4%] Built target ament_cmake_python_copy_maze_msgs
[0.327s] [  6%] Built target maze_msgs__cpp
[0.332s] [ 24%] Built target maze_msgs__rosidl_generator_c
[0.355s] [ 42%] Built target maze_msgs__rosidl_typesupport_c
[0.355s] [ 42%] Built target maze_msgs__rosidl_typesupport_introspection_c
[0.355s] [ 51%] Built target maze_msgs__rosidl_typesupport_introspection_cpp
[0.358s] [ 68%] Built target maze_msgs__rosidl_typesupport_fastrtps_c
[0.358s] [ 68%] Built target maze_msgs__rosidl_typesupport_cpp
[0.362s] [ 77%] Built target maze_msgs__rosidl_typesupport_fastrtps_cpp
[0.380s] [ 77%] Built target maze_msgs
[0.400s] [ 80%] Built target maze_msgs__py
[0.425s] [ 86%] Built target maze_msgs__rosidl_generator_py
[0.446s] [100%] Built target maze_msgs_s__rosidl_typesupport_c
[0.446s] [100%] Built target maze_msgs_s__rosidl_typesupport_fastrtps_c
[0.446s] [100%] Built target maze_msgs_s__rosidl_typesupport_introspection_c
[0.467s] running egg_info
[0.476s] writing maze_msgs.egg-info/PKG-INFO
[0.477s] writing dependency_links to maze_msgs.egg-info/dependency_links.txt
[0.477s] writing top-level names to maze_msgs.egg-info/top_level.txt
[0.502s] reading manifest file 'maze_msgs.egg-info/SOURCES.txt'
[0.503s] writing manifest file 'maze_msgs.egg-info/SOURCES.txt'
[0.528s] [100%] Built target ament_cmake_python_build_maze_msgs_egg
[0.539s] Invoked command in '/home/abdullah/task12/Group7-Task7-Maze/build/maze_msgs' returned '0': DEBUGINFOD_URLS=https://debuginfod.ubuntu.com /usr/bin/cmake --build /home/abdullah/task12/Group7-Task7-Maze/build/maze_msgs -- -j16 -l16
[0.548s] Invoking command in '/home/abdullah/task12/Group7-Task7-Maze/build/maze_msgs': DEBUGINFOD_URLS=https://debuginfod.ubuntu.com /usr/bin/cmake --install /home/abdullah/task12/Group7-Task7-Maze/build/maze_msgs
[0.554s] -- Install configuration: ""
[0.554s] -- Up-to-date: /home/abdullah/task12/Group7-Task7-Maze/install/maze_msgs/share/ament_index/resource_index/rosidl_interfaces/maze_msgs
[0.554s] -- Up-to-date: /home/abdullah/task12/Group7-Task7-Maze/install/maze_msgs/share/maze_msgs/action/MoveX.json
[0.554s] -- Up-to-date: /home/abdullah/task12/Group7-Task7-Maze/install/maze_msgs/share/maze_msgs/action/MoveYaw.json
[0.555s] -- Up-to-date: /home/abdullah/task12/Group7-Task7-Maze/install/maze_msgs/include/maze_msgs/maze_msgs
[0.555s] -- Up-to-date: /home/abdullah/task12/Group7-Task7-Maze/install/maze_msgs/include/maze_msgs/maze_msgs/msg
[0.555s] -- Up-to-date: /home/abdullah/task12/Group7-Task7-Maze/install/maze_msgs/include/maze_msgs/maze_msgs/msg/rosidl_generator_c__visibility_control.h
[0.555s] -- Up-to-date: /home/abdullah/task12/Group7-Task7-Maze/install/maze_msgs/include/maze_msgs/maze_msgs/action
[0.555s] -- Up-to-date: /home/abdullah/task12/Group7-Task7-Maze/install/maze_msgs/include/maze_msgs/maze_msgs/action/detail
[0.555s] -- Up-to-date: /home/abdullah/task12/Group7-Task7-Maze/install/maze_msgs/include/maze_msgs/maze_msgs/action/detail/move_x__type_support.h
[0.555s] -- Up-to-date: /home/abdullah/task12/Group7-Task7-Maze/install/maze_msgs/include/maze_msgs/maze_msgs/action/detail/move_yaw__functions.h
[0.555s] -- Up-to-date: /home/abdullah/task12/Group7-Task7-Maze/install/maze_msgs/include/maze_msgs/maze_msgs/action/detail/move_x__functions.c
[0.555s] -- Up-to-date: /home/abdullah/task12/Group7-Task7-Maze/install/maze_msgs/include/maze_msgs/maze_msgs/action/detail/move_x__struct.h
[0.555s] -- Up-to-date: /home/abdullah/task12/Group7-Task7-Maze/install/maze_msgs/include/maze_msgs/maze_msgs/action/detail/move_x__type_support.c
[0.555s] -- Up-to-date: /home/abdullah/task12/Group7-Task7-Maze/install/maze_msgs/include/maze_msgs/maze_msgs/action/detail/move_yaw__type_support.c
[0.556s] -- Up-to-date: /home/abdullah/task12/Group7-Task7-Maze/install/maze_msgs/include/maze_msgs/maze_msgs/action/detail/move_x__functions.h
[0.556s] -- Up-to-date: /home/abdullah/task12/Group7-Task7-Maze/install/maze_msgs/include/maze_msgs/maze_msgs/action/detail/move_yaw__functions.c
[0.556s] -- Up-to-date: /home/abdullah/task12/Group7-Task7-Maze/install/maze_msgs/include/maze_msgs/maze_msgs/action/detail/move_yaw__description.c
[0.556s] -- Up-to-date: /home/abdullah/task12/Group7-Task7-Maze/install/maze_msgs/include/maze_msgs/maze_msgs/action/detail/move_yaw__type_support.h
[0.556s] -- Up-to-date: /home/abdullah/task12/Group7-Task7-Maze/install/maze_msgs/include/maze_msgs/maze_msgs/action/detail/move_yaw__struct.h
[0.556s] -- Up-to-date: /home/abdullah/task12/Group7-Task7-Maze/install/maze_msgs/include/maze_msgs/maze_msgs/action/detail/move_x__description.c
[0.556s] -- Up-to-date: /home/abdullah/task12/Group7-Task7-Maze/install/maze_msgs/include/maze_msgs/maze_msgs/action/move_x.h
[0.556s] -- Up-to-date: /home/abdullah/task12/Group7-Task7-Maze/install/maze_msgs/include/maze_msgs/maze_msgs/action/move_yaw.h
[0.556s] -- Up-to-date: /home/abdullah/task12/Group7-Task7-Maze/install/maze_msgs/share/maze_msgs/environment/library_path.sh
[0.556s] -- Up-to-date: /home/abdullah/task12/Group7-Task7-Maze/install/maze_msgs/share/maze_msgs/environment/library_path.dsv
[0.556s] -- Up-to-date: /home/abdullah/task12/Group7-Task7-Maze/install/maze_msgs/lib/libmaze_msgs__rosidl_generator_c.so
[0.556s] -- Up-to-date: /home/abdullah/task12/Group7-Task7-Maze/install/maze_msgs/include/maze_msgs/maze_msgs
[0.556s] -- Up-to-date: /home/abdullah/task12/Group7-Task7-Maze/install/maze_msgs/include/maze_msgs/maze_msgs/msg
[0.556s] -- Up-to-date: /home/abdullah/task12/Group7-Task7-Maze/install/maze_msgs/include/maze_msgs/maze_msgs/msg/rosidl_typesupport_fastrtps_c__visibility_control.h
[0.557s] -- Up-to-date: /home/abdullah/task12/Group7-Task7-Maze/install/maze_msgs/include/maze_msgs/maze_msgs/action
[0.557s] -- Up-to-date: /home/abdullah/task12/Group7-Task7-Maze/install/maze_msgs/include/maze_msgs/maze_msgs/action/detail
[0.557s] -- Up-to-date: /home/abdullah/task12/Group7-Task7-Maze/install/maze_msgs/include/maze_msgs/maze_msgs/action/detail/move_yaw__rosidl_typesupport_fastrtps_c.h
[0.557s] -- Up-to-date: /home/abdullah/task12/Group7-Task7-Maze/install/maze_msgs/include/maze_msgs/maze_msgs/action/detail/move_x__rosidl_typesupport_fastrtps_c.h
[0.557s] -- Up-to-date: /home/abdullah/task12/Group7-Task7-Maze/install/maze_msgs/lib/libmaze_msgs__rosidl_typesupport_fastrtps_c.so
[0.557s] -- Up-to-date: /home/abdullah/task12/Group7-Task7-Maze/install/maze_msgs/include/maze_msgs/maze_msgs
[0.557s] -- Up-to-date: /home/abdullah/task12/Group7-Task7-Maze/install/maze_msgs/include/maze_msgs/maze_msgs/msg
[0.557s] -- Up-to-date: /home/abdullah/task12/Group7-Task7-Maze/install/maze_msgs/include/maze_msgs/maze_msgs/msg/rosidl_typesupport_introspection_c__visibility_control.h
[0.557s] -- Up-to-date: /home/abdullah/task12/Group7-Task7-Maze/install/maze_msgs/include/maze_msgs/maze_msgs/action
[0.557s] -- Up-to-date: /home/abdullah/task12/Group7-Task7-Maze/install/maze_msgs/include/maze_msgs/maze_msgs/action/detail
[0.557s] -- Up-to-date: /home/abdullah/task12/Group7-Task7-Maze/install/maze_msgs/include/maze_msgs/maze_msgs/action/detail/move_yaw__rosidl_typesupport_introspection_c.h
[0.557s] -- Up-to-date: /home/abdullah/task12/Group7-Task7-Maze/install/maze_msgs/include/maze_msgs/maze_msgs/action/detail/move_x__type_support.c
[0.557s] -- Up-to-date: /home/abdullah/task12/Group7-Task7-Maze/install/maze_msgs/include/maze_msgs/maze_msgs/action/detail/move_x__rosidl_typesupport_introspection_c.h
[0.557s] -- Up-to-date: /home/abdullah/task12/Group7-Task7-Maze/install/maze_msgs/include/maze_msgs/maze_msgs/action/detail/move_yaw__type_support.c
[0.557s] -- Up-to-date: /home/abdullah/task12/Group7-Task7-Maze/install/maze_msgs/lib/libmaze_msgs__rosidl_typesupport_introspection_c.so
[0.558s] -- Up-to-date: /home/abdullah/task12/Group7-Task7-Maze/install/maze_msgs/lib/libmaze_msgs__rosidl_typesupport_c.so
[0.558s] -- Up-to-date: /home/abdullah/task12/Group7-Task7-Maze/install/maze_msgs/include/maze_msgs/maze_msgs
[0.558s] -- Up-to-date: /home/abdullah/task12/Group7-Task7-Maze/install/maze_msgs/include/maze_msgs/maze_msgs/msg
[0.558s] -- Up-to-date: /home/abdullah/task12/Group7-Task7-Maze/install/maze_msgs/include/maze_msgs/maze_msgs/msg/rosidl_generator_cpp__visibility_control.hpp
[0.558s] -- Up-to-date: /home/abdullah/task12/Group7-Task7-Maze/install/maze_msgs/include/maze_msgs/maze_msgs/action
[0.558s] -- Up-to-date: /home/abdullah/task12/Group7-Task7-Maze/install/maze_msgs/include/maze_msgs/maze_msgs/action/move_x.hpp
[0.558s] -- Up-to-date: /home/abdullah/task12/Group7-Task7-Maze/install/maze_msgs/include/maze_msgs/maze_msgs/action/detail
[0.558s] -- Up-to-date: /home/abdullah/task12/Group7-Task7-Maze/install/maze_msgs/include/maze_msgs/maze_msgs/action/detail/move_yaw__traits.hpp
[0.558s] -- Up-to-date: /home/abdullah/task12/Group7-Task7-Maze/install/maze_msgs/include/maze_msgs/maze_msgs/action/detail/move_x__struct.hpp
[0.558s] -- Up-to-date: /home/abdullah/task12/Group7-Task7-Maze/install/maze_msgs/include/maze_msgs/maze_msgs/action/detail/move_yaw__struct.hpp
[0.558s] -- Up-to-date: /home/abdullah/task12/Group7-Task7-Maze/install/maze_msgs/include/maze_msgs/maze_msgs/action/detail/move_yaw__type_support.hpp
[0.558s] -- Up-to-date: /home/abdullah/task12/Group7-Task7-Maze/install/maze_msgs/include/maze_msgs/maze_msgs/action/detail/move_x__type_support.hpp
[0.559s] -- Up-to-date: /home/abdullah/task12/Group7-Task7-Maze/install/maze_msgs/include/maze_msgs/maze_msgs/action/detail/move_x__traits.hpp
[0.559s] -- Up-to-date: /home/abdullah/task12/Group7-Task7-Maze/install/maze_msgs/include/maze_msgs/maze_msgs/action/detail/move_x__builder.hpp
[0.559s] -- Up-to-date: /home/abdullah/task12/Group7-Task7-Maze/install/maze_msgs/include/maze_msgs/maze_msgs/action/detail/move_yaw__builder.hpp
[0.559s] -- Up-to-date: /home/abdullah/task12/Group7-Task7-Maze/install/maze_msgs/include/maze_msgs/maze_msgs/action/move_yaw.hpp
[0.559s] -- Up-to-date: /home/abdullah/task12/Group7-Task7-Maze/install/maze_msgs/include/maze_msgs/maze_msgs
[0.559s] -- Up-to-date: /home/abdullah/task12/Group7-Task7-Maze/install/maze_msgs/include/maze_msgs/maze_msgs/msg
[0.559s] -- Up-to-date: /home/abdullah/task12/Group7-Task7-Maze/install/maze_msgs/include/maze_msgs/maze_msgs/msg/rosidl_typesupport_fastrtps_cpp__visibility_control.h
[0.559s] -- Up-to-date: /home/abdullah/task12/Group7-Task7-Maze/install/maze_msgs/include/maze_msgs/maze_msgs/action
[0.559s] -- Up-to-date: /home/abdullah/task12/Group7-Task7-Maze/install/maze_msgs/include/maze_msgs/maze_msgs/action/detail
[0.559s] -- Up-to-date: /home/abdullah/task12/Group7-Task7-Maze/install/maze_msgs/include/maze_msgs/maze_msgs/action/detail/dds_fastrtps
[0.559s] -- Up-to-date: /home/abdullah/task12/Group7-Task7-Maze/install/maze_msgs/include/maze_msgs/maze_msgs/action/detail/move_x__rosidl_typesupport_fastrtps_cpp.hpp
[0.559s] -- Up-to-date: /home/abdullah/task12/Group7-Task7-Maze/install/maze_msgs/include/maze_msgs/maze_msgs/action/detail/move_yaw__rosidl_typesupport_fastrtps_cpp.hpp
[0.559s] -- Up-to-date: /home/abdullah/task12/Group7-Task7-Maze/install/maze_msgs/lib/libmaze_msgs__rosidl_typesupport_fastrtps_cpp.so
[0.559s] -- Up-to-date: /home/abdullah/task12/Group7-Task7-Maze/install/maze_msgs/include/maze_msgs/maze_msgs
[0.559s] -- Up-to-date: /home/abdullah/task12/Group7-Task7-Maze/install/maze_msgs/include/maze_msgs/maze_msgs/action
[0.560s] -- Up-to-date: /home/abdullah/task12/Group7-Task7-Maze/install/maze_msgs/include/maze_msgs/maze_msgs/action/detail
[0.560s] -- Up-to-date: /home/abdullah/task12/Group7-Task7-Maze/install/maze_msgs/include/maze_msgs/maze_msgs/action/detail/move_yaw__type_support.cpp
[0.560s] -- Up-to-date: /home/abdullah/task12/Group7-Task7-Maze/install/maze_msgs/include/maze_msgs/maze_msgs/action/detail/move_yaw__rosidl_typesupport_introspection_cpp.hpp
[0.560s] -- Up-to-date: /home/abdullah/task12/Group7-Task7-Maze/install/maze_msgs/include/maze_msgs/maze_msgs/action/detail/move_x__rosidl_typesupport_introspection_cpp.hpp
[0.560s] -- Up-to-date: /home/abdullah/task12/Group7-Task7-Maze/install/maze_msgs/include/maze_msgs/maze_msgs/action/detail/move_x__type_support.cpp
[0.560s] -- Up-to-date: /home/abdullah/task12/Group7-Task7-Maze/install/maze_msgs/lib/libmaze_msgs__rosidl_typesupport_introspection_cpp.so
[0.560s] -- Up-to-date: /home/abdullah/task12/Group7-Task7-Maze/install/maze_msgs/lib/libmaze_msgs__rosidl_typesupport_cpp.so
[0.560s] -- Up-to-date: /home/abdullah/task12/Group7-Task7-Maze/install/maze_msgs/share/maze_msgs/environment/pythonpath.sh
[0.560s] -- Up-to-date: /home/abdullah/task12/Group7-Task7-Maze/install/maze_msgs/share/maze_msgs/environment/pythonpath.dsv
[0.560s] -- Up-to-date: /home/abdullah/task12/Group7-Task7-Maze/install/maze_msgs/lib/python3.12/site-packages/maze_msgs-0.0.0-py3.12.egg-info
[0.560s] -- Installing: /home/abdullah/task12/Group7-Task7-Maze/install/maze_msgs/lib/python3.12/site-packages/maze_msgs-0.0.0-py3.12.egg-info/dependency_links.txt
[0.561s] -- Installing: /home/abdullah/task12/Group7-Task7-Maze/install/maze_msgs/lib/python3.12/site-packages/maze_msgs-0.0.0-py3.12.egg-info/PKG-INFO
[0.561s] -- Installing: /home/abdullah/task12/Group7-Task7-Maze/install/maze_msgs/lib/python3.12/site-packages/maze_msgs-0.0.0-py3.12.egg-info/SOURCES.txt
[0.561s] -- Installing: /home/abdullah/task12/Group7-Task7-Maze/install/maze_msgs/lib/python3.12/site-packages/maze_msgs-0.0.0-py3.12.egg-info/top_level.txt
[0.561s] -- Up-to-date: /home/abdullah/task12/Group7-Task7-Maze/install/maze_msgs/lib/python3.12/site-packages/maze_msgs
[0.561s] -- Up-to-date: /home/abdullah/task12/Group7-Task7-Maze/install/maze_msgs/lib/python3.12/site-packages/maze_msgs/maze_msgs_s__rosidl_typesupport_fastrtps_c.so
[0.561s] -- Up-to-date: /home/abdullah/task12/Group7-Task7-Maze/install/maze_msgs/lib/python3.12/site-packages/maze_msgs/_maze_msgs_s.ep.rosidl_typesupport_c.c
[0.561s] -- Up-to-date: /home/abdullah/task12/Group7-Task7-Maze/install/maze_msgs/lib/python3.12/site-packages/maze_msgs/maze_msgs_s__rosidl_typesupport_c.so
[0.561s] -- Up-to-date: /home/abdullah/task12/Group7-Task7-Maze/install/maze_msgs/lib/python3.12/site-packages/maze_msgs/__init__.py
[0.561s] -- Up-to-date: /home/abdullah/task12/Group7-Task7-Maze/install/maze_msgs/lib/python3.12/site-packages/maze_msgs/maze_msgs_s__rosidl_typesupport_introspection_c.so
[0.561s] -- Up-to-date: /home/abdullah/task12/Group7-Task7-Maze/install/maze_msgs/lib/python3.12/site-packages/maze_msgs/_maze_msgs_s.ep.rosidl_typesupport_fastrtps_c.c
[0.562s] -- Up-to-date: /home/abdullah/task12/Group7-Task7-Maze/install/maze_msgs/lib/python3.12/site-packages/maze_msgs/action
[0.562s] -- Up-to-date: /home/abdullah/task12/Group7-Task7-Maze/install/maze_msgs/lib/python3.12/site-packages/maze_msgs/action/_move_yaw_s.c
[0.562s] -- Up-to-date: /home/abdullah/task12/Group7-Task7-Maze/install/maze_msgs/lib/python3.12/site-packages/maze_msgs/action/_move_yaw.py
[0.562s] -- Up-to-date: /home/abdullah/task12/Group7-Task7-Maze/install/maze_msgs/lib/python3.12/site-packages/maze_msgs/action/_move_x.py
[0.562s] -- Up-to-date: /home/abdullah/task12/Group7-Task7-Maze/install/maze_msgs/lib/python3.12/site-packages/maze_msgs/action/_move_x_s.c
[0.562s] -- Up-to-date: /home/abdullah/task12/Group7-Task7-Maze/install/maze_msgs/lib/python3.12/site-packages/maze_msgs/action/__init__.py
[0.562s] -- Up-to-date: /home/abdullah/task12/Group7-Task7-Maze/install/maze_msgs/lib/python3.12/site-packages/maze_msgs/_maze_msgs_s.ep.rosidl_typesupport_introspection_c.c
[0.588s] Listing '/home/abdullah/task12/Group7-Task7-Maze/install/maze_msgs/lib/python3.12/site-packages/maze_msgs'...
[0.588s] Listing '/home/abdullah/task12/Group7-Task7-Maze/install/maze_msgs/lib/python3.12/site-packages/maze_msgs/action'...
[0.592s] -- Up-to-date: /home/abdullah/task12/Group7-Task7-Maze/install/maze_msgs/lib/python3.12/site-packages/maze_msgs/maze_msgs_s__rosidl_typesupport_fastrtps_c.so
[0.592s] -- Up-to-date: /home/abdullah/task12/Group7-Task7-Maze/install/maze_msgs/lib/python3.12/site-packages/maze_msgs/maze_msgs_s__rosidl_typesupport_introspection_c.so
[0.592s] -- Up-to-date: /home/abdullah/task12/Group7-Task7-Maze/install/maze_msgs/lib/python3.12/site-packages/maze_msgs/maze_msgs_s__rosidl_typesupport_c.so
[0.592s] -- Up-to-date: /home/abdullah/task12/Group7-Task7-Maze/install/maze_msgs/lib/libmaze_msgs__rosidl_generator_py.so
[0.593s] -- Up-to-date: /home/abdullah/task12/Group7-Task7-Maze/install/maze_msgs/share/ament_index/resource_index/rust_packages/maze_msgs
[0.593s] -- Up-to-date: /home/abdullah/task12/Group7-Task7-Maze/install/maze_msgs/share/maze_msgs/rust
[0.593s] -- Up-to-date: /home/abdullah/task12/Group7-Task7-Maze/install/maze_msgs/share/maze_msgs/rust/Cargo.toml
[0.593s] -- Up-to-date: /home/abdullah/task12/Group7-Task7-Maze/install/maze_msgs/share/maze_msgs/rust/build.rs
[0.593s] -- Up-to-date: /home/abdullah/task12/Group7-Task7-Maze/install/maze_msgs/share/maze_msgs/rust/src
[0.593s] -- Up-to-date: /home/abdullah/task12/Group7-Task7-Maze/install/maze_msgs/share/maze_msgs/rust/src/lib.rs
[0.593s] -- Up-to-date: /home/abdullah/task12/Group7-Task7-Maze/install/maze_msgs/share/maze_msgs/rust/src/action.rs
[0.593s] -- Up-to-date: /home/abdullah/task12/Group7-Task7-Maze/install/maze_msgs/share/maze_msgs/rust/src/action
[0.593s] -- Up-to-date: /home/abdullah/task12/Group7-Task7-Maze/install/maze_msgs/share/maze_msgs/rust/src/action/rmw.rs
[0.594s] -- Up-to-date: /home/abdullah/task12/Group7-Task7-Maze/install/maze_msgs/share/maze_msgs/action/MoveX.idl
[0.594s] -- Up-to-date: /home/abdullah/task12/Group7-Task7-Maze/install/maze_msgs/share/maze_msgs/action/MoveYaw.idl
[0.594s] -- Up-to-date: /home/abdullah/task12/Group7-Task7-Maze/install/maze_msgs/share/maze_msgs/action/MoveX.action
[0.594s] -- Up-to-date: /home/abdullah/task12/Group7-Task7-Maze/install/maze_msgs/share/maze_msgs/action/MoveYaw.action
[0.594s] -- Up-to-date: /home/abdullah/task12/Group7-Task7-Maze/install/maze_msgs/share/ament_index/resource_index/package_run_dependencies/maze_msgs
[0.594s] -- Up-to-date: /home/abdullah/task12/Group7-Task7-Maze/install/maze_msgs/share/ament_index/resource_index/parent_prefix_path/maze_msgs
[0.594s] -- Up-to-date: /home/abdullah/task12/Group7-Task7-Maze/install/maze_msgs/share/maze_msgs/environment/ament_prefix_path.sh
[0.594s] -- Up-to-date: /home/abdullah/task12/Group7-Task7-Maze/install/maze_msgs/share/maze_msgs/environment/ament_prefix_path.dsv
[0.594s] -- Up-to-date: /home/abdullah/task12/Group7-Task7-Maze/install/maze_msgs/share/maze_msgs/environment/path.sh
[0.594s] -- Up-to-date: /home/abdullah/task12/Group7-Task7-Maze/install/maze_msgs/share/maze_msgs/environment/path.dsv
[0.594s] -- Up-to-date: /home/abdullah/task12/Group7-Task7-Maze/install/maze_msgs/share/maze_msgs/local_setup.bash
[0.594s] -- Up-to-date: /home/abdullah/task12/Group7-Task7-Maze/install/maze_msgs/share/maze_msgs/local_setup.sh
[0.594s] -- Up-to-date: /home/abdullah/task12/Group7-Task7-Maze/install/maze_msgs/share/maze_msgs/local_setup.zsh
[0.595s] -- Up-to-date: /home/abdullah/task12/Group7-Task7-Maze/install/maze_msgs/share/maze_msgs/local_setup.dsv
[0.595s] -- Installing: /home/abdullah/task12/Group7-Task7-Maze/install/maze_msgs/share/maze_msgs/package.dsv
[0.595s] -- Up-to-date: /home/abdullah/task12/Group7-Task7-Maze/install/maze_msgs/share/ament_index/resource_index/packages/maze_msgs
[0.595s] -- Up-to-date: /home/abdullah/task12/Group7-Task7-Maze/install/maze_msgs/share/maze_msgs/cmake/export_maze_msgs__rosidl_generator_cExport.cmake
[0.595s] -- Up-to-date: /home/abdullah/task12/Group7-Task7-Maze/install/maze_msgs/share/maze_msgs/cmake/export_maze_msgs__rosidl_generator_cExport-noconfig.cmake
[0.595s] -- Up-to-date: /home/abdullah/task12/Group7-Task7-Maze/install/maze_msgs/share/maze_msgs/cmake/export_maze_msgs__rosidl_typesupport_fastrtps_cExport.cmake
[0.595s] -- Up-to-date: /home/abdullah/task12/Group7-Task7-Maze/install/maze_msgs/share/maze_msgs/cmake/export_maze_msgs__rosidl_typesupport_fastrtps_cExport-noconfig.cmake
[0.595s] -- Up-to-date: /home/abdullah/task12/Group7-Task7-Maze/install/maze_msgs/share/maze_msgs/cmake/maze_msgs__rosidl_typesupport_introspection_cExport.cmake
[0.595s] -- Up-to-date: /home/abdullah/task12/Group7-Task7-Maze/install/maze_msgs/share/maze_msgs/cmake/maze_msgs__rosidl_typesupport_introspection_cExport-noconfig.cmake
[0.595s] -- Up-to-date: /home/abdullah/task12/Group7-Task7-Maze/install/maze_msgs/share/maze_msgs/cmake/maze_msgs__rosidl_typesupport_cExport.cmake
[0.595s] -- Up-to-date: /home/abdullah/task12/Group7-Task7-Maze/install/maze_msgs/share/maze_msgs/cmake/maze_msgs__rosidl_typesupport_cExport-noconfig.cmake
[0.596s] -- Up-to-date: /home/abdullah/task12/Group7-Task7-Maze/install/maze_msgs/share/maze_msgs/cmake/export_maze_msgs__rosidl_generator_cppExport.cmake
[0.596s] -- Up-to-date: /home/abdullah/task12/Group7-Task7-Maze/install/maze_msgs/share/maze_msgs/cmake/export_maze_msgs__rosidl_typesupport_fastrtps_cppExport.cmake
[0.596s] -- Up-to-date: /home/abdullah/task12/Group7-Task7-Maze/install/maze_msgs/share/maze_msgs/cmake/export_maze_msgs__rosidl_typesupport_fastrtps_cppExport-noconfig.cmake
[0.596s] -- Up-to-date: /home/abdullah/task12/Group7-Task7-Maze/install/maze_msgs/share/maze_msgs/cmake/maze_msgs__rosidl_typesupport_introspection_cppExport.cmake
[0.596s] -- Up-to-date: /home/abdullah/task12/Group7-Task7-Maze/install/maze_msgs/share/maze_msgs/cmake/maze_msgs__rosidl_typesupport_introspection_cppExport-noconfig.cmake
[0.596s] -- Up-to-date: /home/abdullah/task12/Group7-Task7-Maze/install/maze_msgs/share/maze_msgs/cmake/maze_msgs__rosidl_typesupport_cppExport.cmake
[0.596s] -- Up-to-date: /home/abdullah/task12/Group7-Task7-Maze/install/maze_msgs/share/maze_msgs/cmake/maze_msgs__rosidl_typesupport_cppExport-noconfig.cmake
[0.596s] -- Up-to-date: /home/abdullah/task12/Group7-Task7-Maze/install/maze_msgs/share/maze_msgs/cmake/export_maze_msgs__rosidl_generator_pyExport.cmake
[0.596s] -- Up-to-date: /home/abdullah/task12/Group7-Task7-Maze/install/maze_msgs/share/maze_msgs/cmake/export_maze_msgs__rosidl_generator_pyExport-noconfig.cmake
[0.596s] -- Up-to-date: /home/abdullah/task12/Group7-Task7-Maze/install/maze_msgs/share/maze_msgs/cmake/rosidl_cmake-extras.cmake
[0.596s] -- Up-to-date: /home/abdullah/task12/Group7-Task7-Maze/install/maze_msgs/share/maze_msgs/cmake/ament_cmake_export_dependencies-extras.cmake
[0.596s] -- Up-to-date: /home/abdullah/task12/Group7-Task7-Maze/install/maze_msgs/share/maze_msgs/cmake/ament_cmake_export_include_directories-extras.cmake
[0.596s] -- Up-to-date: /home/abdullah/task12/Group7-Task7-Maze/install/maze_msgs/share/maze_msgs/cmake/ament_cmake_export_libraries-extras.cmake
[0.596s] -- Up-to-date: /home/abdullah/task12/Group7-Task7-Maze/install/maze_msgs/share/maze_msgs/cmake/ament_cmake_export_targets-extras.cmake
[0.596s] -- Up-to-date: /home/abdullah/task12/Group7-Task7-Maze/install/maze_msgs/share/maze_msgs/cmake/rosidl_cmake_export_typesupport_targets-extras.cmake
[0.596s] -- Up-to-date: /home/abdullah/task12/Group7-Task7-Maze/install/maze_msgs/share/maze_msgs/cmake/rosidl_cmake_export_typesupport_libraries-extras.cmake
[0.597s] -- Up-to-date: /home/abdullah/task12/Group7-Task7-Maze/install/maze_msgs/share/maze_msgs/cmake/rosidl_cmake_aggregate_target-extras.cmake
[0.597s] -- Up-to-date: /home/abdullah/task12/Group7-Task7-Maze/install/maze_msgs/share/maze_msgs/cmake/maze_msgsConfig.cmake
[0.597s] -- Up-to-date: /home/abdullah/task12/Group7-Task7-Maze/install/maze_msgs/share/maze_msgs/cmake/maze_msgsConfig-version.cmake
[0.597s] -- Up-to-date: /home/abdullah/task12/Group7-Task7-Maze/install/maze_msgs/share/maze_msgs/package.xml
[0.598s] Invoked command in '/home/abdullah/task12/Group7-Task7-Maze/build/maze_msgs' returned '0': DEBUGINFOD_URLS=https://debuginfod.ubuntu.com /usr/bin/cmake --install /home/abdullah/task12/Group7-Task7-Maze/build/maze_msgs
