running egg_info
creating ../build/maze_movement/maze_movement.egg-info
writing ../build/maze_movement/maze_movement.egg-info/PKG-INFO
writing dependency_links to ../build/maze_movement/maze_movement.egg-info/dependency_links.txt
writing entry points to ../build/maze_movement/maze_movement.egg-info/entry_points.txt
writing requirements to ../build/maze_movement/maze_movement.egg-info/requires.txt
writing top-level names to ../build/maze_movement/maze_movement.egg-info/top_level.txt
writing manifest file '../build/maze_movement/maze_movement.egg-info/SOURCES.txt'
reading manifest file '../build/maze_movement/maze_movement.egg-info/SOURCES.txt'
writing manifest file '../build/maze_movement/maze_movement.egg-info/SOURCES.txt'
running build
running build_py
creating /home/abdullah/task12/Group7-Task7-Maze/build/maze_movement/build
creating /home/abdullah/task12/Group7-Task7-Maze/build/maze_movement/build/lib
creating /home/abdullah/task12/Group7-Task7-Maze/build/maze_movement/build/lib/maze_movement
copying maze_movement/maze_solver_client.py -> /home/abdullah/task12/Group7-Task7-Maze/build/maze_movement/build/lib/maze_movement
copying maze_movement/__init__.py -> /home/abdullah/task12/Group7-Task7-Maze/build/maze_movement/build/lib/maze_movement
copying maze_movement/movement_x.py -> /home/abdullah/task12/Group7-Task7-Maze/build/maze_movement/build/lib/maze_movement
copying maze_movement/movement_yaw.py -> /home/abdullah/task12/Group7-Task7-Maze/build/maze_movement/build/lib/maze_movement
copying maze_movement/solve_maze.py -> /home/abdullah/task12/Group7-Task7-Maze/build/maze_movement/build/lib/maze_movement
running install
running install_lib
creating /home/abdullah/task12/Group7-Task7-Maze/install/maze_movement/lib/python3.12/site-packages/maze_movement
copying /home/abdullah/task12/Group7-Task7-Maze/build/maze_movement/build/lib/maze_movement/maze_solver_client.py -> /home/abdullah/task12/Group7-Task7-Maze/install/maze_movement/lib/python3.12/site-packages/maze_movement
copying /home/abdullah/task12/Group7-Task7-Maze/build/maze_movement/build/lib/maze_movement/__init__.py -> /home/abdullah/task12/Group7-Task7-Maze/install/maze_movement/lib/python3.12/site-packages/maze_movement
copying /home/abdullah/task12/Group7-Task7-Maze/build/maze_movement/build/lib/maze_movement/movement_x.py -> /home/abdullah/task12/Group7-Task7-Maze/install/maze_movement/lib/python3.12/site-packages/maze_movement
copying /home/abdullah/task12/Group7-Task7-Maze/build/maze_movement/build/lib/maze_movement/movement_yaw.py -> /home/abdullah/task12/Group7-Task7-Maze/install/maze_movement/lib/python3.12/site-packages/maze_movement
copying /home/abdullah/task12/Group7-Task7-Maze/build/maze_movement/build/lib/maze_movement/solve_maze.py -> /home/abdullah/task12/Group7-Task7-Maze/install/maze_movement/lib/python3.12/site-packages/maze_movement
byte-compiling /home/abdullah/task12/Group7-Task7-Maze/install/maze_movement/lib/python3.12/site-packages/maze_movement/maze_solver_client.py to maze_solver_client.cpython-312.pyc
byte-compiling /home/abdullah/task12/Group7-Task7-Maze/install/maze_movement/lib/python3.12/site-packages/maze_movement/__init__.py to __init__.cpython-312.pyc
byte-compiling /home/abdullah/task12/Group7-Task7-Maze/install/maze_movement/lib/python3.12/site-packages/maze_movement/movement_x.py to movement_x.cpython-312.pyc
byte-compiling /home/abdullah/task12/Group7-Task7-Maze/install/maze_movement/lib/python3.12/site-packages/maze_movement/movement_yaw.py to movement_yaw.cpython-312.pyc
byte-compiling /home/abdullah/task12/Group7-Task7-Maze/install/maze_movement/lib/python3.12/site-packages/maze_movement/solve_maze.py to solve_maze.cpython-312.pyc
running install_data
creating /home/abdullah/task12/Group7-Task7-Maze/install/maze_movement/share/ament_index
creating /home/abdullah/task12/Group7-Task7-Maze/install/maze_movement/share/ament_index/resource_index
creating /home/abdullah/task12/Group7-Task7-Maze/install/maze_movement/share/ament_index/resource_index/packages
copying resource/maze_movement -> /home/abdullah/task12/Group7-Task7-Maze/install/maze_movement/share/ament_index/resource_index/packages
copying package.xml -> /home/abdullah/task12/Group7-Task7-Maze/install/maze_movement/share/maze_movement
creating /home/abdullah/task12/Group7-Task7-Maze/install/maze_movement/share/maze_movement/launch
copying launch/solve_maze.launch.py -> /home/abdullah/task12/Group7-Task7-Maze/install/maze_movement/share/maze_movement/launch
running install_egg_info
Copying ../build/maze_movement/maze_movement.egg-info to /home/abdullah/task12/Group7-Task7-Maze/install/maze_movement/lib/python3.12/site-packages/maze_movement-0.0.0-py3.12.egg-info
running install_scripts
Installing maze_solver_client script to /home/abdullah/task12/Group7-Task7-Maze/install/maze_movement/lib/maze_movement
Installing movement_x script to /home/abdullah/task12/Group7-Task7-Maze/install/maze_movement/lib/maze_movement
Installing movement_yaw script to /home/abdullah/task12/Group7-Task7-Maze/install/maze_movement/lib/maze_movement
Installing solve_maze script to /home/abdullah/task12/Group7-Task7-Maze/install/maze_movement/lib/maze_movement
writing list of installed files to '/home/abdullah/task12/Group7-Task7-Maze/build/maze_movement/install.log'
