[0.666s] Invoking command in '/home/abdullah/task12/Group7-Task7-Maze/maze_control': DEBUGINFOD_URLS=https://debuginfod.ubuntu.com PYTHONPATH=/home/abdullah/task12/Group7-Task7-Maze/build/maze_control/prefix_override:/usr/lib/python3/dist-packages/colcon_core/task/python/colcon_distutils_commands:/home/abdullah/task12/Group7-Task7-Maze/install/maze_control/lib/python3.12/site-packages: /usr/bin/python3 -W ignore:setup.py install is deprecated -W ignore:easy_install command is deprecated setup.py egg_info --egg-base ../build/maze_control build --build-base /home/abdullah/task12/Group7-Task7-Maze/build/maze_control/build install --record /home/abdullah/task12/Group7-Task7-Maze/build/maze_control/install.log --install-scripts $base/lib/maze_control --single-version-externally-managed install_data
[0.821s] running egg_info
[0.829s] writing ../build/maze_control/maze_control.egg-info/PKG-INFO
[0.830s] writing dependency_links to ../build/maze_control/maze_control.egg-info/dependency_links.txt
[0.830s] writing entry points to ../build/maze_control/maze_control.egg-info/entry_points.txt
[0.830s] writing requirements to ../build/maze_control/maze_control.egg-info/requires.txt
[0.830s] writing top-level names to ../build/maze_control/maze_control.egg-info/top_level.txt
[0.849s] reading manifest file '../build/maze_control/maze_control.egg-info/SOURCES.txt'
[0.849s] writing manifest file '../build/maze_control/maze_control.egg-info/SOURCES.txt'
[0.850s] running build
[0.850s] running build_py
[0.850s] running install
[0.855s] running install_lib
[0.864s] running install_data
[0.865s] running install_egg_info
[0.874s] removing '/home/abdullah/task12/Group7-Task7-Maze/install/maze_control/lib/python3.12/site-packages/maze_control-0.1.0-py3.12.egg-info' (and everything under it)
[0.874s] Copying ../build/maze_control/maze_control.egg-info to /home/abdullah/task12/Group7-Task7-Maze/install/maze_control/lib/python3.12/site-packages/maze_control-0.1.0-py3.12.egg-info
[0.875s] running install_scripts
[0.949s] Installing maze_timer_node script to /home/abdullah/task12/Group7-Task7-Maze/install/maze_control/lib/maze_control
[0.949s] Installing switch_walls script to /home/abdullah/task12/Group7-Task7-Maze/install/maze_control/lib/maze_control
[0.949s] Installing wall_retraction_service script to /home/abdullah/task12/Group7-Task7-Maze/install/maze_control/lib/maze_control
[0.949s] writing list of installed files to '/home/abdullah/task12/Group7-Task7-Maze/build/maze_control/install.log'
[0.980s] Invoked command in '/home/abdullah/task12/Group7-Task7-Maze/maze_control' returned '0': DEBUGINFOD_URLS=https://debuginfod.ubuntu.com PYTHONPATH=/home/abdullah/task12/Group7-Task7-Maze/build/maze_control/prefix_override:/usr/lib/python3/dist-packages/colcon_core/task/python/colcon_distutils_commands:/home/abdullah/task12/Group7-Task7-Maze/install/maze_control/lib/python3.12/site-packages: /usr/bin/python3 -W ignore:setup.py install is deprecated -W ignore:easy_install command is deprecated setup.py egg_info --egg-base ../build/maze_control build --build-base /home/abdullah/task12/Group7-Task7-Maze/build/maze_control/build install --record /home/abdullah/task12/Group7-Task7-Maze/build/maze_control/install.log --install-scripts $base/lib/maze_control --single-version-externally-managed install_data
