running egg_info
writing ../build/maze_movement/maze_movement.egg-info/PKG-INFO
writing dependency_links to ../build/maze_movement/maze_movement.egg-info/dependency_links.txt
writing entry points to ../build/maze_movement/maze_movement.egg-info/entry_points.txt
writing requirements to ../build/maze_movement/maze_movement.egg-info/requires.txt
writing top-level names to ../build/maze_movement/maze_movement.egg-info/top_level.txt
reading manifest file '../build/maze_movement/maze_movement.egg-info/SOURCES.txt'
writing manifest file '../build/maze_movement/maze_movement.egg-info/SOURCES.txt'
running build
running build_py
running install
running install_lib
running install_data
running install_egg_info
removing '/home/abdullah/task12/Group7-Task7-Maze/install/maze_movement/lib/python3.12/site-packages/maze_movement-0.0.0-py3.12.egg-info' (and everything under it)
Copying ../build/maze_movement/maze_movement.egg-info to /home/abdullah/task12/Group7-Task7-Maze/install/maze_movement/lib/python3.12/site-packages/maze_movement-0.0.0-py3.12.egg-info
running install_scripts
Installing maze_solver_client script to /home/abdullah/task12/Group7-Task7-Maze/install/maze_movement/lib/maze_movement
Installing movement_x script to /home/abdullah/task12/Group7-Task7-Maze/install/maze_movement/lib/maze_movement
Installing movement_yaw script to /home/abdullah/task12/Group7-Task7-Maze/install/maze_movement/lib/maze_movement
Installing solve_maze script to /home/abdullah/task12/Group7-Task7-Maze/install/maze_movement/lib/maze_movement
writing list of installed files to '/home/abdullah/task12/Group7-Task7-Maze/build/maze_movement/install.log'
