[0.667s] Invoking command in '/home/abdullah/task12/Group7-Task7-Maze/maze_movement': DEBUGINFOD_URLS=https://debuginfod.ubuntu.com PYTHONPATH=/home/abdullah/task12/Group7-Task7-Maze/build/maze_movement/prefix_override:/usr/lib/python3/dist-packages/colcon_core/task/python/colcon_distutils_commands:/home/abdullah/task12/Group7-Task7-Maze/install/maze_movement/lib/python3.12/site-packages: /usr/bin/python3 -W ignore:setup.py install is deprecated -W ignore:easy_install command is deprecated setup.py egg_info --egg-base ../build/maze_movement build --build-base /home/abdullah/task12/Group7-Task7-Maze/build/maze_movement/build install --record /home/abdullah/task12/Group7-Task7-Maze/build/maze_movement/install.log --install-scripts $base/lib/maze_movement --single-version-externally-managed install_data
[0.819s] running egg_info
[0.827s] writing ../build/maze_movement/maze_movement.egg-info/PKG-INFO
[0.827s] writing dependency_links to ../build/maze_movement/maze_movement.egg-info/dependency_links.txt
[0.828s] writing entry points to ../build/maze_movement/maze_movement.egg-info/entry_points.txt
[0.828s] writing requirements to ../build/maze_movement/maze_movement.egg-info/requires.txt
[0.828s] writing top-level names to ../build/maze_movement/maze_movement.egg-info/top_level.txt
[0.846s] reading manifest file '../build/maze_movement/maze_movement.egg-info/SOURCES.txt'
[0.848s] writing manifest file '../build/maze_movement/maze_movement.egg-info/SOURCES.txt'
[0.848s] running build
[0.848s] running build_py
[0.848s] running install
[0.853s] running install_lib
[0.863s] running install_data
[0.863s] running install_egg_info
[0.872s] removing '/home/abdullah/task12/Group7-Task7-Maze/install/maze_movement/lib/python3.12/site-packages/maze_movement-0.0.0-py3.12.egg-info' (and everything under it)
[0.873s] Copying ../build/maze_movement/maze_movement.egg-info to /home/abdullah/task12/Group7-Task7-Maze/install/maze_movement/lib/python3.12/site-packages/maze_movement-0.0.0-py3.12.egg-info
[0.873s] running install_scripts
[0.948s] Installing maze_solver_client script to /home/abdullah/task12/Group7-Task7-Maze/install/maze_movement/lib/maze_movement
[0.948s] Installing movement_x script to /home/abdullah/task12/Group7-Task7-Maze/install/maze_movement/lib/maze_movement
[0.949s] Installing movement_yaw script to /home/abdullah/task12/Group7-Task7-Maze/install/maze_movement/lib/maze_movement
[0.949s] Installing solve_maze script to /home/abdullah/task12/Group7-Task7-Maze/install/maze_movement/lib/maze_movement
[0.949s] writing list of installed files to '/home/abdullah/task12/Group7-Task7-Maze/build/maze_movement/install.log'
[0.982s] Invoked command in '/home/abdullah/task12/Group7-Task7-Maze/maze_movement' returned '0': DEBUGINFOD_URLS=https://debuginfod.ubuntu.com PYTHONPATH=/home/abdullah/task12/Group7-Task7-Maze/build/maze_movement/prefix_override:/usr/lib/python3/dist-packages/colcon_core/task/python/colcon_distutils_commands:/home/abdullah/task12/Group7-Task7-Maze/install/maze_movement/lib/python3.12/site-packages: /usr/bin/python3 -W ignore:setup.py install is deprecated -W ignore:easy_install command is deprecated setup.py egg_info --egg-base ../build/maze_movement build --build-base /home/abdullah/task12/Group7-Task7-Maze/build/maze_movement/build install --record /home/abdullah/task12/Group7-Task7-Maze/build/maze_movement/install.log --install-scripts $base/lib/maze_movement --single-version-externally-managed install_data
