-- The C compiler identification is GNU 13.3.0
-- The CXX compiler identification is GNU 13.3.0
-- Detecting C compiler ABI info
-- Detecting C compiler ABI info - done
-- Check for working C compiler: /usr/bin/cc - skipped
-- Detecting C compile features
-- Detecting C compile features - done
-- Detecting CXX compiler ABI info
-- Detecting CXX compiler ABI info - done
-- Check for working CXX compiler: /usr/bin/c++ - skipped
-- Detecting CXX compile features
-- Detecting CXX compile features - done
-- Found ament_cmake: 2.5.6 (/opt/ros/jazzy/share/ament_cmake/cmake)
-- Found Python3: /usr/bin/python3 (found version "3.12.3") found components: Interpreter 
-- Found ament_lint_auto: 0.17.5 (/opt/ros/jazzy/share/ament_lint_auto/cmake)
-- Found rosidl_default_generators: 1.6.1 (/opt/ros/jazzy/share/rosidl_default_generators/cmake)
-- Using all available rosidl_typesupport_c: rosidl_typesupport_fastrtps_c;rosidl_typesupport_introspection_c
-- Using all available rosidl_typesupport_cpp: rosidl_typesupport_fastrtps_cpp;rosidl_typesupport_introspection_cpp
-- Found rosidl_adapter: 4.6.9 (/opt/ros/jazzy/share/rosidl_adapter/cmake)
-- Found geometry_msgs: 5.3.8 (/opt/ros/jazzy/share/geometry_msgs/cmake)
-- Found nav_msgs: 5.3.8 (/opt/ros/jazzy/share/nav_msgs/cmake)
-- Found ament_cmake_ros: 0.12.1 (/opt/ros/jazzy/share/ament_cmake_ros/cmake)
-- Using all available rosidl_typesupport_c: rosidl_typesupport_fastrtps_c;rosidl_typesupport_introspection_c
-- Using all available rosidl_typesupport_cpp: rosidl_typesupport_fastrtps_cpp;rosidl_typesupport_introspection_cpp
-- Found python_cmake_module: 0.11.1 (/opt/ros/jazzy/share/python_cmake_module/cmake)
-- Found PythonExtra: /usr/bin/python3  
-- Found Python3: /usr/bin/python3 (found version "3.12.3") found components: Interpreter Development NumPy Development.Module Development.Embed 
-- Found Python3: /usr/bin/python3 (found version "3.12.3") found components: Interpreter 
-- Added test 'lint_cmake' to check CMake code style
-- Added test 'xmllint' to check XML markup files
-- Configuring done (3.2s)
-- Generating done (0.0s)
-- Build files have been written to: /home/abdullah/task12/Group7-Task7-Maze/build/maze_msgs
[  4%] [34m[1mGenerating type hashes for ROS interfaces[0m
[  4%] [34m[1mGenerating Rust code for ROS interfaces[0m
[  4%] Built target ament_cmake_python_copy_maze_msgs
running egg_info
creating maze_msgs.egg-info
writing maze_msgs.egg-info/PKG-INFO
writing dependency_links to maze_msgs.egg-info/dependency_links.txt
writing top-level names to maze_msgs.egg-info/top_level.txt
[  4%] Built target maze_msgs__rosidl_generator_type_description
writing manifest file 'maze_msgs.egg-info/SOURCES.txt'
[  6%] [34m[1mGenerating C code for ROS interfaces[0m
[  8%] [34m[1mGenerating C++ code for ROS interfaces[0m
[  8%] Built target maze_msgs__rs
reading manifest file 'maze_msgs.egg-info/SOURCES.txt'
writing manifest file 'maze_msgs.egg-info/SOURCES.txt'
[  8%] Built target ament_cmake_python_build_maze_msgs_egg
[  8%] Built target maze_msgs__cpp
[ 22%] [32mBuilding C object CMakeFiles/maze_msgs__rosidl_generator_c.dir/rosidl_generator_c/maze_msgs/action/detail/move_x__functions.c.o[0m
[ 22%] [32mBuilding C object CMakeFiles/maze_msgs__rosidl_generator_c.dir/rosidl_generator_c/maze_msgs/action/detail/move_yaw__type_support.c.o[0m
[ 22%] [32mBuilding C object CMakeFiles/maze_msgs__rosidl_generator_c.dir/rosidl_generator_c/maze_msgs/action/detail/move_x__description.c.o[0m
[ 22%] [32mBuilding C object CMakeFiles/maze_msgs__rosidl_generator_c.dir/rosidl_generator_c/maze_msgs/action/detail/move_yaw__description.c.o[0m
[ 22%] [32mBuilding C object CMakeFiles/maze_msgs__rosidl_generator_c.dir/rosidl_generator_c/maze_msgs/action/detail/move_x__type_support.c.o[0m
[ 22%] [32mBuilding C object CMakeFiles/maze_msgs__rosidl_generator_c.dir/rosidl_generator_c/maze_msgs/action/detail/move_yaw__functions.c.o[0m
[ 24%] [32m[1mLinking C shared library libmaze_msgs__rosidl_generator_c.so[0m
[ 24%] Built target maze_msgs__rosidl_generator_c
[ 37%] [34m[1mGenerating C type support dispatch for ROS interfaces[0m
[ 37%] [34m[1mGenerating C introspection for ROS interfaces[0m
[ 37%] [34m[1mGenerating C type support for eProsima Fast-RTPS[0m
[ 37%] [34m[1mGenerating C++ type support dispatch for ROS interfaces[0m
[ 37%] [34m[1mGenerating C++ type support for eProsima Fast-RTPS[0m
[ 37%] [34m[1mGenerating C++ introspection for ROS interfaces[0m
[ 42%] [32mBuilding CXX object CMakeFiles/maze_msgs__rosidl_typesupport_c.dir/rosidl_typesupport_c/maze_msgs/action/move_x__type_support.cpp.o[0m
[ 42%] [32mBuilding CXX object CMakeFiles/maze_msgs__rosidl_typesupport_c.dir/rosidl_typesupport_c/maze_msgs/action/move_yaw__type_support.cpp.o[0m
[ 46%] [32mBuilding CXX object CMakeFiles/maze_msgs__rosidl_typesupport_cpp.dir/rosidl_typesupport_cpp/maze_msgs/action/move_x__type_support.cpp.o[0m
[ 46%] [32mBuilding CXX object CMakeFiles/maze_msgs__rosidl_typesupport_cpp.dir/rosidl_typesupport_cpp/maze_msgs/action/move_yaw__type_support.cpp.o[0m
[ 48%] [32m[1mLinking CXX shared library libmaze_msgs__rosidl_typesupport_c.so[0m
[ 53%] [32mBuilding CXX object CMakeFiles/maze_msgs__rosidl_typesupport_introspection_cpp.dir/rosidl_typesupport_introspection_cpp/maze_msgs/action/detail/move_x__type_support.cpp.o[0m
[ 53%] [32mBuilding CXX object CMakeFiles/maze_msgs__rosidl_typesupport_introspection_cpp.dir/rosidl_typesupport_introspection_cpp/maze_msgs/action/detail/move_yaw__type_support.cpp.o[0m
[ 55%] [32mBuilding C object CMakeFiles/maze_msgs__rosidl_typesupport_introspection_c.dir/rosidl_typesupport_introspection_c/maze_msgs/action/detail/move_x__type_support.c.o[0m
[ 57%] [32mBuilding C object CMakeFiles/maze_msgs__rosidl_typesupport_introspection_c.dir/rosidl_typesupport_introspection_c/maze_msgs/action/detail/move_yaw__type_support.c.o[0m
[ 57%] Built target maze_msgs__rosidl_typesupport_c
[ 60%] [32m[1mLinking C shared library libmaze_msgs__rosidl_typesupport_introspection_c.so[0m
[ 60%] Built target maze_msgs__rosidl_typesupport_introspection_c
[ 64%] [32mBuilding CXX object CMakeFiles/maze_msgs__rosidl_typesupport_fastrtps_cpp.dir/rosidl_typesupport_fastrtps_cpp/maze_msgs/action/detail/dds_fastrtps/move_yaw__type_support.cpp.o[0m
[ 64%] [32mBuilding CXX object CMakeFiles/maze_msgs__rosidl_typesupport_fastrtps_cpp.dir/rosidl_typesupport_fastrtps_cpp/maze_msgs/action/detail/dds_fastrtps/move_x__type_support.cpp.o[0m
[ 68%] [32mBuilding CXX object CMakeFiles/maze_msgs__rosidl_typesupport_fastrtps_c.dir/rosidl_typesupport_fastrtps_c/maze_msgs/action/detail/move_yaw__type_support_c.cpp.o[0m
[ 68%] [32mBuilding CXX object CMakeFiles/maze_msgs__rosidl_typesupport_fastrtps_c.dir/rosidl_typesupport_fastrtps_c/maze_msgs/action/detail/move_x__type_support_c.cpp.o[0m
[ 71%] [32m[1mLinking CXX shared library libmaze_msgs__rosidl_typesupport_cpp.so[0m
[ 73%] [32m[1mLinking CXX shared library libmaze_msgs__rosidl_typesupport_introspection_cpp.so[0m
[ 73%] Built target maze_msgs__rosidl_typesupport_cpp
[ 73%] Built target maze_msgs__rosidl_typesupport_introspection_cpp
[ 75%] [32m[1mLinking CXX shared library libmaze_msgs__rosidl_typesupport_fastrtps_c.so[0m
[ 75%] Built target maze_msgs__rosidl_typesupport_fastrtps_c
[ 77%] [32m[1mLinking CXX shared library libmaze_msgs__rosidl_typesupport_fastrtps_cpp.so[0m
[ 77%] Built target maze_msgs__rosidl_typesupport_fastrtps_cpp
[ 77%] Built target maze_msgs
[ 80%] [34m[1mGenerating Python code for ROS interfaces[0m
[ 80%] Built target maze_msgs__py
[ 84%] [32mBuilding C object CMakeFiles/maze_msgs__rosidl_generator_py.dir/rosidl_generator_py/maze_msgs/action/_move_yaw_s.c.o[0m
[ 84%] [32mBuilding C object CMakeFiles/maze_msgs__rosidl_generator_py.dir/rosidl_generator_py/maze_msgs/action/_move_x_s.c.o[0m
[ 86%] [32m[1mLinking C shared library libmaze_msgs__rosidl_generator_py.so[0m
[ 86%] Built target maze_msgs__rosidl_generator_py
[ 93%] [32mBuilding C object CMakeFiles/maze_msgs_s__rosidl_typesupport_c.dir/rosidl_generator_py/maze_msgs/_maze_msgs_s.ep.rosidl_typesupport_c.c.o[0m
[ 93%] [32mBuilding C object CMakeFiles/maze_msgs_s__rosidl_typesupport_introspection_c.dir/rosidl_generator_py/maze_msgs/_maze_msgs_s.ep.rosidl_typesupport_introspection_c.c.o[0m
[ 93%] [32mBuilding C object CMakeFiles/maze_msgs_s__rosidl_typesupport_fastrtps_c.dir/rosidl_generator_py/maze_msgs/_maze_msgs_s.ep.rosidl_typesupport_fastrtps_c.c.o[0m
[ 95%] [32m[1mLinking C shared module rosidl_generator_py/maze_msgs/maze_msgs_s__rosidl_typesupport_c.so[0m
[ 97%] [32m[1mLinking C shared module rosidl_generator_py/maze_msgs/maze_msgs_s__rosidl_typesupport_introspection_c.so[0m
[100%] [32m[1mLinking C shared module rosidl_generator_py/maze_msgs/maze_msgs_s__rosidl_typesupport_fastrtps_c.so[0m
[100%] Built target maze_msgs_s__rosidl_typesupport_c
[100%] Built target maze_msgs_s__rosidl_typesupport_introspection_c
[100%] Built target maze_msgs_s__rosidl_typesupport_fastrtps_c
-- Install configuration: ""
-- Installing: /home/abdullah/task12/Group7-Task7-Maze/install/maze_msgs/share/ament_index/resource_index/rosidl_interfaces/maze_msgs
-- Installing: /home/abdullah/task12/Group7-Task7-Maze/install/maze_msgs/share/maze_msgs/action/MoveX.json
-- Installing: /home/abdullah/task12/Group7-Task7-Maze/install/maze_msgs/share/maze_msgs/action/MoveYaw.json
-- Installing: /home/abdullah/task12/Group7-Task7-Maze/install/maze_msgs/include/maze_msgs/maze_msgs
-- Installing: /home/abdullah/task12/Group7-Task7-Maze/install/maze_msgs/include/maze_msgs/maze_msgs/msg
-- Installing: /home/abdullah/task12/Group7-Task7-Maze/install/maze_msgs/include/maze_msgs/maze_msgs/msg/rosidl_generator_c__visibility_control.h
-- Installing: /home/abdullah/task12/Group7-Task7-Maze/install/maze_msgs/include/maze_msgs/maze_msgs/action
-- Installing: /home/abdullah/task12/Group7-Task7-Maze/install/maze_msgs/include/maze_msgs/maze_msgs/action/detail
-- Installing: /home/abdullah/task12/Group7-Task7-Maze/install/maze_msgs/include/maze_msgs/maze_msgs/action/detail/move_x__type_support.h
-- Installing: /home/abdullah/task12/Group7-Task7-Maze/install/maze_msgs/include/maze_msgs/maze_msgs/action/detail/move_yaw__functions.h
-- Installing: /home/abdullah/task12/Group7-Task7-Maze/install/maze_msgs/include/maze_msgs/maze_msgs/action/detail/move_x__functions.c
-- Installing: /home/abdullah/task12/Group7-Task7-Maze/install/maze_msgs/include/maze_msgs/maze_msgs/action/detail/move_x__struct.h
-- Installing: /home/abdullah/task12/Group7-Task7-Maze/install/maze_msgs/include/maze_msgs/maze_msgs/action/detail/move_x__type_support.c
-- Installing: /home/abdullah/task12/Group7-Task7-Maze/install/maze_msgs/include/maze_msgs/maze_msgs/action/detail/move_yaw__type_support.c
-- Installing: /home/abdullah/task12/Group7-Task7-Maze/install/maze_msgs/include/maze_msgs/maze_msgs/action/detail/move_x__functions.h
-- Installing: /home/abdullah/task12/Group7-Task7-Maze/install/maze_msgs/include/maze_msgs/maze_msgs/action/detail/move_yaw__functions.c
-- Installing: /home/abdullah/task12/Group7-Task7-Maze/install/maze_msgs/include/maze_msgs/maze_msgs/action/detail/move_yaw__description.c
-- Installing: /home/abdullah/task12/Group7-Task7-Maze/install/maze_msgs/include/maze_msgs/maze_msgs/action/detail/move_yaw__type_support.h
-- Installing: /home/abdullah/task12/Group7-Task7-Maze/install/maze_msgs/include/maze_msgs/maze_msgs/action/detail/move_yaw__struct.h
-- Installing: /home/abdullah/task12/Group7-Task7-Maze/install/maze_msgs/include/maze_msgs/maze_msgs/action/detail/move_x__description.c
-- Installing: /home/abdullah/task12/Group7-Task7-Maze/install/maze_msgs/include/maze_msgs/maze_msgs/action/move_x.h
-- Installing: /home/abdullah/task12/Group7-Task7-Maze/install/maze_msgs/include/maze_msgs/maze_msgs/action/move_yaw.h
-- Installing: /home/abdullah/task12/Group7-Task7-Maze/install/maze_msgs/share/maze_msgs/environment/library_path.sh
-- Installing: /home/abdullah/task12/Group7-Task7-Maze/install/maze_msgs/share/maze_msgs/environment/library_path.dsv
-- Installing: /home/abdullah/task12/Group7-Task7-Maze/install/maze_msgs/lib/libmaze_msgs__rosidl_generator_c.so
-- Set non-toolchain portion of runtime path of "/home/abdullah/task12/Group7-Task7-Maze/install/maze_msgs/lib/libmaze_msgs__rosidl_generator_c.so" to ""
-- Up-to-date: /home/abdullah/task12/Group7-Task7-Maze/install/maze_msgs/include/maze_msgs/maze_msgs
-- Up-to-date: /home/abdullah/task12/Group7-Task7-Maze/install/maze_msgs/include/maze_msgs/maze_msgs/msg
-- Installing: /home/abdullah/task12/Group7-Task7-Maze/install/maze_msgs/include/maze_msgs/maze_msgs/msg/rosidl_typesupport_fastrtps_c__visibility_control.h
-- Up-to-date: /home/abdullah/task12/Group7-Task7-Maze/install/maze_msgs/include/maze_msgs/maze_msgs/action
-- Up-to-date: /home/abdullah/task12/Group7-Task7-Maze/install/maze_msgs/include/maze_msgs/maze_msgs/action/detail
-- Installing: /home/abdullah/task12/Group7-Task7-Maze/install/maze_msgs/include/maze_msgs/maze_msgs/action/detail/move_yaw__rosidl_typesupport_fastrtps_c.h
-- Installing: /home/abdullah/task12/Group7-Task7-Maze/install/maze_msgs/include/maze_msgs/maze_msgs/action/detail/move_x__rosidl_typesupport_fastrtps_c.h
-- Installing: /home/abdullah/task12/Group7-Task7-Maze/install/maze_msgs/lib/libmaze_msgs__rosidl_typesupport_fastrtps_c.so
-- Set non-toolchain portion of runtime path of "/home/abdullah/task12/Group7-Task7-Maze/install/maze_msgs/lib/libmaze_msgs__rosidl_typesupport_fastrtps_c.so" to ""
-- Up-to-date: /home/abdullah/task12/Group7-Task7-Maze/install/maze_msgs/include/maze_msgs/maze_msgs
-- Up-to-date: /home/abdullah/task12/Group7-Task7-Maze/install/maze_msgs/include/maze_msgs/maze_msgs/msg
-- Installing: /home/abdullah/task12/Group7-Task7-Maze/install/maze_msgs/include/maze_msgs/maze_msgs/msg/rosidl_typesupport_introspection_c__visibility_control.h
-- Up-to-date: /home/abdullah/task12/Group7-Task7-Maze/install/maze_msgs/include/maze_msgs/maze_msgs/action
-- Up-to-date: /home/abdullah/task12/Group7-Task7-Maze/install/maze_msgs/include/maze_msgs/maze_msgs/action/detail
-- Installing: /home/abdullah/task12/Group7-Task7-Maze/install/maze_msgs/include/maze_msgs/maze_msgs/action/detail/move_yaw__rosidl_typesupport_introspection_c.h
-- Installing: /home/abdullah/task12/Group7-Task7-Maze/install/maze_msgs/include/maze_msgs/maze_msgs/action/detail/move_x__type_support.c
-- Installing: /home/abdullah/task12/Group7-Task7-Maze/install/maze_msgs/include/maze_msgs/maze_msgs/action/detail/move_x__rosidl_typesupport_introspection_c.h
-- Installing: /home/abdullah/task12/Group7-Task7-Maze/install/maze_msgs/include/maze_msgs/maze_msgs/action/detail/move_yaw__type_support.c
-- Installing: /home/abdullah/task12/Group7-Task7-Maze/install/maze_msgs/lib/libmaze_msgs__rosidl_typesupport_introspection_c.so
-- Set non-toolchain portion of runtime path of "/home/abdullah/task12/Group7-Task7-Maze/install/maze_msgs/lib/libmaze_msgs__rosidl_typesupport_introspection_c.so" to ""
-- Installing: /home/abdullah/task12/Group7-Task7-Maze/install/maze_msgs/lib/libmaze_msgs__rosidl_typesupport_c.so
-- Set non-toolchain portion of runtime path of "/home/abdullah/task12/Group7-Task7-Maze/install/maze_msgs/lib/libmaze_msgs__rosidl_typesupport_c.so" to ""
-- Up-to-date: /home/abdullah/task12/Group7-Task7-Maze/install/maze_msgs/include/maze_msgs/maze_msgs
-- Up-to-date: /home/abdullah/task12/Group7-Task7-Maze/install/maze_msgs/include/maze_msgs/maze_msgs/msg
-- Installing: /home/abdullah/task12/Group7-Task7-Maze/install/maze_msgs/include/maze_msgs/maze_msgs/msg/rosidl_generator_cpp__visibility_control.hpp
-- Up-to-date: /home/abdullah/task12/Group7-Task7-Maze/install/maze_msgs/include/maze_msgs/maze_msgs/action
-- Installing: /home/abdullah/task12/Group7-Task7-Maze/install/maze_msgs/include/maze_msgs/maze_msgs/action/move_x.hpp
-- Up-to-date: /home/abdullah/task12/Group7-Task7-Maze/install/maze_msgs/include/maze_msgs/maze_msgs/action/detail
-- Installing: /home/abdullah/task12/Group7-Task7-Maze/install/maze_msgs/include/maze_msgs/maze_msgs/action/detail/move_yaw__traits.hpp
-- Installing: /home/abdullah/task12/Group7-Task7-Maze/install/maze_msgs/include/maze_msgs/maze_msgs/action/detail/move_x__struct.hpp
-- Installing: /home/abdullah/task12/Group7-Task7-Maze/install/maze_msgs/include/maze_msgs/maze_msgs/action/detail/move_yaw__struct.hpp
-- Installing: /home/abdullah/task12/Group7-Task7-Maze/install/maze_msgs/include/maze_msgs/maze_msgs/action/detail/move_yaw__type_support.hpp
-- Installing: /home/abdullah/task12/Group7-Task7-Maze/install/maze_msgs/include/maze_msgs/maze_msgs/action/detail/move_x__type_support.hpp
-- Installing: /home/abdullah/task12/Group7-Task7-Maze/install/maze_msgs/include/maze_msgs/maze_msgs/action/detail/move_x__traits.hpp
-- Installing: /home/abdullah/task12/Group7-Task7-Maze/install/maze_msgs/include/maze_msgs/maze_msgs/action/detail/move_x__builder.hpp
-- Installing: /home/abdullah/task12/Group7-Task7-Maze/install/maze_msgs/include/maze_msgs/maze_msgs/action/detail/move_yaw__builder.hpp
-- Installing: /home/abdullah/task12/Group7-Task7-Maze/install/maze_msgs/include/maze_msgs/maze_msgs/action/move_yaw.hpp
-- Up-to-date: /home/abdullah/task12/Group7-Task7-Maze/install/maze_msgs/include/maze_msgs/maze_msgs
-- Up-to-date: /home/abdullah/task12/Group7-Task7-Maze/install/maze_msgs/include/maze_msgs/maze_msgs/msg
-- Installing: /home/abdullah/task12/Group7-Task7-Maze/install/maze_msgs/include/maze_msgs/maze_msgs/msg/rosidl_typesupport_fastrtps_cpp__visibility_control.h
-- Up-to-date: /home/abdullah/task12/Group7-Task7-Maze/install/maze_msgs/include/maze_msgs/maze_msgs/action
-- Up-to-date: /home/abdullah/task12/Group7-Task7-Maze/install/maze_msgs/include/maze_msgs/maze_msgs/action/detail
-- Installing: /home/abdullah/task12/Group7-Task7-Maze/install/maze_msgs/include/maze_msgs/maze_msgs/action/detail/dds_fastrtps
-- Installing: /home/abdullah/task12/Group7-Task7-Maze/install/maze_msgs/include/maze_msgs/maze_msgs/action/detail/move_x__rosidl_typesupport_fastrtps_cpp.hpp
-- Installing: /home/abdullah/task12/Group7-Task7-Maze/install/maze_msgs/include/maze_msgs/maze_msgs/action/detail/move_yaw__rosidl_typesupport_fastrtps_cpp.hpp
-- Installing: /home/abdullah/task12/Group7-Task7-Maze/install/maze_msgs/lib/libmaze_msgs__rosidl_typesupport_fastrtps_cpp.so
-- Set non-toolchain portion of runtime path of "/home/abdullah/task12/Group7-Task7-Maze/install/maze_msgs/lib/libmaze_msgs__rosidl_typesupport_fastrtps_cpp.so" to ""
-- Up-to-date: /home/abdullah/task12/Group7-Task7-Maze/install/maze_msgs/include/maze_msgs/maze_msgs
-- Up-to-date: /home/abdullah/task12/Group7-Task7-Maze/install/maze_msgs/include/maze_msgs/maze_msgs/action
-- Up-to-date: /home/abdullah/task12/Group7-Task7-Maze/install/maze_msgs/include/maze_msgs/maze_msgs/action/detail
-- Installing: /home/abdullah/task12/Group7-Task7-Maze/install/maze_msgs/include/maze_msgs/maze_msgs/action/detail/move_yaw__type_support.cpp
-- Installing: /home/abdullah/task12/Group7-Task7-Maze/install/maze_msgs/include/maze_msgs/maze_msgs/action/detail/move_yaw__rosidl_typesupport_introspection_cpp.hpp
-- Installing: /home/abdullah/task12/Group7-Task7-Maze/install/maze_msgs/include/maze_msgs/maze_msgs/action/detail/move_x__rosidl_typesupport_introspection_cpp.hpp
-- Installing: /home/abdullah/task12/Group7-Task7-Maze/install/maze_msgs/include/maze_msgs/maze_msgs/action/detail/move_x__type_support.cpp
-- Installing: /home/abdullah/task12/Group7-Task7-Maze/install/maze_msgs/lib/libmaze_msgs__rosidl_typesupport_introspection_cpp.so
-- Set non-toolchain portion of runtime path of "/home/abdullah/task12/Group7-Task7-Maze/install/maze_msgs/lib/libmaze_msgs__rosidl_typesupport_introspection_cpp.so" to ""
-- Installing: /home/abdullah/task12/Group7-Task7-Maze/install/maze_msgs/lib/libmaze_msgs__rosidl_typesupport_cpp.so
-- Set non-toolchain portion of runtime path of "/home/abdullah/task12/Group7-Task7-Maze/install/maze_msgs/lib/libmaze_msgs__rosidl_typesupport_cpp.so" to ""
-- Installing: /home/abdullah/task12/Group7-Task7-Maze/install/maze_msgs/share/maze_msgs/environment/pythonpath.sh
-- Installing: /home/abdullah/task12/Group7-Task7-Maze/install/maze_msgs/share/maze_msgs/environment/pythonpath.dsv
-- Installing: /home/abdullah/task12/Group7-Task7-Maze/install/maze_msgs/lib/python3.12/site-packages/maze_msgs-0.0.0-py3.12.egg-info
-- Installing: /home/abdullah/task12/Group7-Task7-Maze/install/maze_msgs/lib/python3.12/site-packages/maze_msgs-0.0.0-py3.12.egg-info/dependency_links.txt
-- Installing: /home/abdullah/task12/Group7-Task7-Maze/install/maze_msgs/lib/python3.12/site-packages/maze_msgs-0.0.0-py3.12.egg-info/PKG-INFO
-- Installing: /home/abdullah/task12/Group7-Task7-Maze/install/maze_msgs/lib/python3.12/site-packages/maze_msgs-0.0.0-py3.12.egg-info/SOURCES.txt
-- Installing: /home/abdullah/task12/Group7-Task7-Maze/install/maze_msgs/lib/python3.12/site-packages/maze_msgs-0.0.0-py3.12.egg-info/top_level.txt
-- Installing: /home/abdullah/task12/Group7-Task7-Maze/install/maze_msgs/lib/python3.12/site-packages/maze_msgs
-- Installing: /home/abdullah/task12/Group7-Task7-Maze/install/maze_msgs/lib/python3.12/site-packages/maze_msgs/maze_msgs_s__rosidl_typesupport_fastrtps_c.so
-- Installing: /home/abdullah/task12/Group7-Task7-Maze/install/maze_msgs/lib/python3.12/site-packages/maze_msgs/_maze_msgs_s.ep.rosidl_typesupport_c.c
-- Installing: /home/abdullah/task12/Group7-Task7-Maze/install/maze_msgs/lib/python3.12/site-packages/maze_msgs/maze_msgs_s__rosidl_typesupport_c.so
-- Installing: /home/abdullah/task12/Group7-Task7-Maze/install/maze_msgs/lib/python3.12/site-packages/maze_msgs/__init__.py
-- Installing: /home/abdullah/task12/Group7-Task7-Maze/install/maze_msgs/lib/python3.12/site-packages/maze_msgs/maze_msgs_s__rosidl_typesupport_introspection_c.so
-- Installing: /home/abdullah/task12/Group7-Task7-Maze/install/maze_msgs/lib/python3.12/site-packages/maze_msgs/_maze_msgs_s.ep.rosidl_typesupport_fastrtps_c.c
-- Installing: /home/abdullah/task12/Group7-Task7-Maze/install/maze_msgs/lib/python3.12/site-packages/maze_msgs/action
-- Installing: /home/abdullah/task12/Group7-Task7-Maze/install/maze_msgs/lib/python3.12/site-packages/maze_msgs/action/_move_yaw_s.c
-- Installing: /home/abdullah/task12/Group7-Task7-Maze/install/maze_msgs/lib/python3.12/site-packages/maze_msgs/action/_move_yaw.py
-- Installing: /home/abdullah/task12/Group7-Task7-Maze/install/maze_msgs/lib/python3.12/site-packages/maze_msgs/action/_move_x.py
-- Installing: /home/abdullah/task12/Group7-Task7-Maze/install/maze_msgs/lib/python3.12/site-packages/maze_msgs/action/_move_x_s.c
-- Installing: /home/abdullah/task12/Group7-Task7-Maze/install/maze_msgs/lib/python3.12/site-packages/maze_msgs/action/__init__.py
-- Installing: /home/abdullah/task12/Group7-Task7-Maze/install/maze_msgs/lib/python3.12/site-packages/maze_msgs/_maze_msgs_s.ep.rosidl_typesupport_introspection_c.c
Listing '/home/abdullah/task12/Group7-Task7-Maze/install/maze_msgs/lib/python3.12/site-packages/maze_msgs'...
Compiling '/home/abdullah/task12/Group7-Task7-Maze/install/maze_msgs/lib/python3.12/site-packages/maze_msgs/__init__.py'...
Listing '/home/abdullah/task12/Group7-Task7-Maze/install/maze_msgs/lib/python3.12/site-packages/maze_msgs/action'...
Compiling '/home/abdullah/task12/Group7-Task7-Maze/install/maze_msgs/lib/python3.12/site-packages/maze_msgs/action/__init__.py'...
Compiling '/home/abdullah/task12/Group7-Task7-Maze/install/maze_msgs/lib/python3.12/site-packages/maze_msgs/action/_move_x.py'...
Compiling '/home/abdullah/task12/Group7-Task7-Maze/install/maze_msgs/lib/python3.12/site-packages/maze_msgs/action/_move_yaw.py'...
-- Installing: /home/abdullah/task12/Group7-Task7-Maze/install/maze_msgs/lib/python3.12/site-packages/maze_msgs/maze_msgs_s__rosidl_typesupport_fastrtps_c.so
-- Set non-toolchain portion of runtime path of "/home/abdullah/task12/Group7-Task7-Maze/install/maze_msgs/lib/python3.12/site-packages/maze_msgs/maze_msgs_s__rosidl_typesupport_fastrtps_c.so" to ""
-- Installing: /home/abdullah/task12/Group7-Task7-Maze/install/maze_msgs/lib/python3.12/site-packages/maze_msgs/maze_msgs_s__rosidl_typesupport_introspection_c.so
-- Set non-toolchain portion of runtime path of "/home/abdullah/task12/Group7-Task7-Maze/install/maze_msgs/lib/python3.12/site-packages/maze_msgs/maze_msgs_s__rosidl_typesupport_introspection_c.so" to ""
-- Installing: /home/abdullah/task12/Group7-Task7-Maze/install/maze_msgs/lib/python3.12/site-packages/maze_msgs/maze_msgs_s__rosidl_typesupport_c.so
-- Set non-toolchain portion of runtime path of "/home/abdullah/task12/Group7-Task7-Maze/install/maze_msgs/lib/python3.12/site-packages/maze_msgs/maze_msgs_s__rosidl_typesupport_c.so" to ""
-- Installing: /home/abdullah/task12/Group7-Task7-Maze/install/maze_msgs/lib/libmaze_msgs__rosidl_generator_py.so
-- Set non-toolchain portion of runtime path of "/home/abdullah/task12/Group7-Task7-Maze/install/maze_msgs/lib/libmaze_msgs__rosidl_generator_py.so" to ""
-- Installing: /home/abdullah/task12/Group7-Task7-Maze/install/maze_msgs/share/ament_index/resource_index/rust_packages/maze_msgs
-- Installing: /home/abdullah/task12/Group7-Task7-Maze/install/maze_msgs/share/maze_msgs/rust
-- Installing: /home/abdullah/task12/Group7-Task7-Maze/install/maze_msgs/share/maze_msgs/rust/Cargo.toml
-- Installing: /home/abdullah/task12/Group7-Task7-Maze/install/maze_msgs/share/maze_msgs/rust/build.rs
-- Installing: /home/abdullah/task12/Group7-Task7-Maze/install/maze_msgs/share/maze_msgs/rust/src
-- Installing: /home/abdullah/task12/Group7-Task7-Maze/install/maze_msgs/share/maze_msgs/rust/src/lib.rs
-- Installing: /home/abdullah/task12/Group7-Task7-Maze/install/maze_msgs/share/maze_msgs/rust/src/action.rs
-- Installing: /home/abdullah/task12/Group7-Task7-Maze/install/maze_msgs/share/maze_msgs/rust/src/action
-- Installing: /home/abdullah/task12/Group7-Task7-Maze/install/maze_msgs/share/maze_msgs/rust/src/action/rmw.rs
-- Installing: /home/abdullah/task12/Group7-Task7-Maze/install/maze_msgs/share/maze_msgs/action/MoveX.idl
-- Installing: /home/abdullah/task12/Group7-Task7-Maze/install/maze_msgs/share/maze_msgs/action/MoveYaw.idl
-- Installing: /home/abdullah/task12/Group7-Task7-Maze/install/maze_msgs/share/maze_msgs/action/MoveX.action
-- Installing: /home/abdullah/task12/Group7-Task7-Maze/install/maze_msgs/share/maze_msgs/action/MoveYaw.action
-- Installing: /home/abdullah/task12/Group7-Task7-Maze/install/maze_msgs/share/ament_index/resource_index/package_run_dependencies/maze_msgs
-- Installing: /home/abdullah/task12/Group7-Task7-Maze/install/maze_msgs/share/ament_index/resource_index/parent_prefix_path/maze_msgs
-- Installing: /home/abdullah/task12/Group7-Task7-Maze/install/maze_msgs/share/maze_msgs/environment/ament_prefix_path.sh
-- Installing: /home/abdullah/task12/Group7-Task7-Maze/install/maze_msgs/share/maze_msgs/environment/ament_prefix_path.dsv
-- Installing: /home/abdullah/task12/Group7-Task7-Maze/install/maze_msgs/share/maze_msgs/environment/path.sh
-- Installing: /home/abdullah/task12/Group7-Task7-Maze/install/maze_msgs/share/maze_msgs/environment/path.dsv
-- Installing: /home/abdullah/task12/Group7-Task7-Maze/install/maze_msgs/share/maze_msgs/local_setup.bash
-- Installing: /home/abdullah/task12/Group7-Task7-Maze/install/maze_msgs/share/maze_msgs/local_setup.sh
-- Installing: /home/abdullah/task12/Group7-Task7-Maze/install/maze_msgs/share/maze_msgs/local_setup.zsh
-- Installing: /home/abdullah/task12/Group7-Task7-Maze/install/maze_msgs/share/maze_msgs/local_setup.dsv
-- Installing: /home/abdullah/task12/Group7-Task7-Maze/install/maze_msgs/share/maze_msgs/package.dsv
-- Installing: /home/abdullah/task12/Group7-Task7-Maze/install/maze_msgs/share/ament_index/resource_index/packages/maze_msgs
-- Installing: /home/abdullah/task12/Group7-Task7-Maze/install/maze_msgs/share/maze_msgs/cmake/export_maze_msgs__rosidl_generator_cExport.cmake
-- Installing: /home/abdullah/task12/Group7-Task7-Maze/install/maze_msgs/share/maze_msgs/cmake/export_maze_msgs__rosidl_generator_cExport-noconfig.cmake
-- Installing: /home/abdullah/task12/Group7-Task7-Maze/install/maze_msgs/share/maze_msgs/cmake/export_maze_msgs__rosidl_typesupport_fastrtps_cExport.cmake
-- Installing: /home/abdullah/task12/Group7-Task7-Maze/install/maze_msgs/share/maze_msgs/cmake/export_maze_msgs__rosidl_typesupport_fastrtps_cExport-noconfig.cmake
-- Installing: /home/abdullah/task12/Group7-Task7-Maze/install/maze_msgs/share/maze_msgs/cmake/maze_msgs__rosidl_typesupport_introspection_cExport.cmake
-- Installing: /home/abdullah/task12/Group7-Task7-Maze/install/maze_msgs/share/maze_msgs/cmake/maze_msgs__rosidl_typesupport_introspection_cExport-noconfig.cmake
-- Installing: /home/abdullah/task12/Group7-Task7-Maze/install/maze_msgs/share/maze_msgs/cmake/maze_msgs__rosidl_typesupport_cExport.cmake
-- Installing: /home/abdullah/task12/Group7-Task7-Maze/install/maze_msgs/share/maze_msgs/cmake/maze_msgs__rosidl_typesupport_cExport-noconfig.cmake
-- Installing: /home/abdullah/task12/Group7-Task7-Maze/install/maze_msgs/share/maze_msgs/cmake/export_maze_msgs__rosidl_generator_cppExport.cmake
-- Installing: /home/abdullah/task12/Group7-Task7-Maze/install/maze_msgs/share/maze_msgs/cmake/export_maze_msgs__rosidl_typesupport_fastrtps_cppExport.cmake
-- Installing: /home/abdullah/task12/Group7-Task7-Maze/install/maze_msgs/share/maze_msgs/cmake/export_maze_msgs__rosidl_typesupport_fastrtps_cppExport-noconfig.cmake
-- Installing: /home/abdullah/task12/Group7-Task7-Maze/install/maze_msgs/share/maze_msgs/cmake/maze_msgs__rosidl_typesupport_introspection_cppExport.cmake
-- Installing: /home/abdullah/task12/Group7-Task7-Maze/install/maze_msgs/share/maze_msgs/cmake/maze_msgs__rosidl_typesupport_introspection_cppExport-noconfig.cmake
-- Installing: /home/abdullah/task12/Group7-Task7-Maze/install/maze_msgs/share/maze_msgs/cmake/maze_msgs__rosidl_typesupport_cppExport.cmake
-- Installing: /home/abdullah/task12/Group7-Task7-Maze/install/maze_msgs/share/maze_msgs/cmake/maze_msgs__rosidl_typesupport_cppExport-noconfig.cmake
-- Installing: /home/abdullah/task12/Group7-Task7-Maze/install/maze_msgs/share/maze_msgs/cmake/export_maze_msgs__rosidl_generator_pyExport.cmake
-- Installing: /home/abdullah/task12/Group7-Task7-Maze/install/maze_msgs/share/maze_msgs/cmake/export_maze_msgs__rosidl_generator_pyExport-noconfig.cmake
-- Installing: /home/abdullah/task12/Group7-Task7-Maze/install/maze_msgs/share/maze_msgs/cmake/rosidl_cmake-extras.cmake
-- Installing: /home/abdullah/task12/Group7-Task7-Maze/install/maze_msgs/share/maze_msgs/cmake/ament_cmake_export_dependencies-extras.cmake
-- Installing: /home/abdullah/task12/Group7-Task7-Maze/install/maze_msgs/share/maze_msgs/cmake/ament_cmake_export_include_directories-extras.cmake
-- Installing: /home/abdullah/task12/Group7-Task7-Maze/install/maze_msgs/share/maze_msgs/cmake/ament_cmake_export_libraries-extras.cmake
-- Installing: /home/abdullah/task12/Group7-Task7-Maze/install/maze_msgs/share/maze_msgs/cmake/ament_cmake_export_targets-extras.cmake
-- Installing: /home/abdullah/task12/Group7-Task7-Maze/install/maze_msgs/share/maze_msgs/cmake/rosidl_cmake_export_typesupport_targets-extras.cmake
-- Installing: /home/abdullah/task12/Group7-Task7-Maze/install/maze_msgs/share/maze_msgs/cmake/rosidl_cmake_export_typesupport_libraries-extras.cmake
-- Installing: /home/abdullah/task12/Group7-Task7-Maze/install/maze_msgs/share/maze_msgs/cmake/rosidl_cmake_aggregate_target-extras.cmake
-- Installing: /home/abdullah/task12/Group7-Task7-Maze/install/maze_msgs/share/maze_msgs/cmake/maze_msgsConfig.cmake
-- Installing: /home/abdullah/task12/Group7-Task7-Maze/install/maze_msgs/share/maze_msgs/cmake/maze_msgsConfig-version.cmake
-- Installing: /home/abdullah/task12/Group7-Task7-Maze/install/maze_msgs/share/maze_msgs/package.xml
