[0.346s] Invoking command in '/home/abdullah/task12/Group7-Task7-Maze/build/maze_msgs': CMAKE_PREFIX_PATH=${CMAKE_PREFIX_PATH}:/opt/ros/jazzy DEBUGINFOD_URLS=https://debuginfod.ubuntu.com /usr/bin/cmake /home/abdullah/task12/Group7-Task7-Maze/maze_msgs -DCMAKE_INSTALL_PREFIX=/home/abdullah/task12/Group7-Task7-Maze/install/maze_msgs
[0.460s] -- The C compiler identification is GNU 13.3.0
[0.555s] -- The CXX compiler identification is GNU 13.3.0
[0.574s] -- Detecting C compiler ABI info
[0.669s] -- Detecting C compiler ABI info - done
[0.676s] -- Check for working C compiler: /usr/bin/cc - skipped
[0.676s] -- Detecting C compile features
[0.677s] -- Detecting C compile features - done
[0.686s] -- Detecting CXX compiler ABI info
[0.784s] -- Detecting CXX compiler ABI info - done
[0.792s] -- Check for working CXX compiler: /usr/bin/c++ - skipped
[0.792s] -- Detecting CXX compile features
[0.792s] -- Detecting CXX compile features - done
[0.805s] -- Found ament_cmake: 2.5.6 (/opt/ros/jazzy/share/ament_cmake/cmake)
[0.940s] -- Found Python3: /usr/bin/python3 (found version "3.12.3") found components: Interpreter 
[1.067s] -- Found ament_lint_auto: 0.17.5 (/opt/ros/jazzy/share/ament_lint_auto/cmake)
[1.167s] -- Found rosidl_default_generators: 1.6.1 (/opt/ros/jazzy/share/rosidl_default_generators/cmake)
[1.177s] -- Using all available rosidl_typesupport_c: rosidl_typesupport_fastrtps_c;rosidl_typesupport_introspection_c
[1.251s] -- Using all available rosidl_typesupport_cpp: rosidl_typesupport_fastrtps_cpp;rosidl_typesupport_introspection_cpp
[1.316s] -- Found rosidl_adapter: 4.6.9 (/opt/ros/jazzy/share/rosidl_adapter/cmake)
[1.322s] -- Found geometry_msgs: 5.3.8 (/opt/ros/jazzy/share/geometry_msgs/cmake)
[1.383s] -- Found nav_msgs: 5.3.8 (/opt/ros/jazzy/share/nav_msgs/cmake)
[1.919s] -- Found ament_cmake_ros: 0.12.1 (/opt/ros/jazzy/share/ament_cmake_ros/cmake)
[2.360s] -- Using all available rosidl_typesupport_c: rosidl_typesupport_fastrtps_c;rosidl_typesupport_introspection_c
[2.935s] -- Using all available rosidl_typesupport_cpp: rosidl_typesupport_fastrtps_cpp;rosidl_typesupport_introspection_cpp
[2.943s] -- Found python_cmake_module: 0.11.1 (/opt/ros/jazzy/share/python_cmake_module/cmake)
[3.052s] -- Found PythonExtra: /usr/bin/python3  
[3.468s] -- Found Python3: /usr/bin/python3 (found version "3.12.3") found components: Interpreter Development NumPy Development.Module Development.Embed 
[3.585s] -- Found Python3: /usr/bin/python3 (found version "3.12.3") found components: Interpreter 
[3.591s] -- Added test 'lint_cmake' to check CMake code style
[3.593s] -- Added test 'xmllint' to check XML markup files
[3.602s] -- Configuring done (3.2s)
[3.643s] -- Generating done (0.0s)
[3.655s] -- Build files have been written to: /home/abdullah/task12/Group7-Task7-Maze/build/maze_msgs
[3.665s] Invoked command in '/home/abdullah/task12/Group7-Task7-Maze/build/maze_msgs' returned '0': CMAKE_PREFIX_PATH=${CMAKE_PREFIX_PATH}:/opt/ros/jazzy DEBUGINFOD_URLS=https://debuginfod.ubuntu.com /usr/bin/cmake /home/abdullah/task12/Group7-Task7-Maze/maze_msgs -DCMAKE_INSTALL_PREFIX=/home/abdullah/task12/Group7-Task7-Maze/install/maze_msgs
[3.667s] Invoking command in '/home/abdullah/task12/Group7-Task7-Maze/build/maze_msgs': CMAKE_PREFIX_PATH=${CMAKE_PREFIX_PATH}:/opt/ros/jazzy DEBUGINFOD_URLS=https://debuginfod.ubuntu.com /usr/bin/cmake --build /home/abdullah/task12/Group7-Task7-Maze/build/maze_msgs -- -j16 -l16
[3.719s] [  4%] [34m[1mGenerating type hashes for ROS interfaces[0m
[3.719s] [  4%] [34m[1mGenerating Rust code for ROS interfaces[0m
[3.727s] [  4%] Built target ament_cmake_python_copy_maze_msgs
[3.911s] running egg_info
[3.912s] creating maze_msgs.egg-info
[3.929s] writing maze_msgs.egg-info/PKG-INFO
[3.929s] writing dependency_links to maze_msgs.egg-info/dependency_links.txt
[3.929s] writing top-level names to maze_msgs.egg-info/top_level.txt
[3.929s] [  4%] Built target maze_msgs__rosidl_generator_type_description
[3.929s] writing manifest file 'maze_msgs.egg-info/SOURCES.txt'
[3.940s] [  6%] [34m[1mGenerating C code for ROS interfaces[0m
[3.952s] [  8%] [34m[1mGenerating C++ code for ROS interfaces[0m
[3.964s] [  8%] Built target maze_msgs__rs
[3.979s] reading manifest file 'maze_msgs.egg-info/SOURCES.txt'
[3.979s] writing manifest file 'maze_msgs.egg-info/SOURCES.txt'
[4.008s] [  8%] Built target ament_cmake_python_build_maze_msgs_egg
[4.458s] [  8%] Built target maze_msgs__cpp
[4.501s] [ 22%] [32mBuilding C object CMakeFiles/maze_msgs__rosidl_generator_c.dir/rosidl_generator_c/maze_msgs/action/detail/move_x__functions.c.o[0m
[4.501s] [ 22%] [32mBuilding C object CMakeFiles/maze_msgs__rosidl_generator_c.dir/rosidl_generator_c/maze_msgs/action/detail/move_yaw__type_support.c.o[0m
[4.501s] [ 22%] [32mBuilding C object CMakeFiles/maze_msgs__rosidl_generator_c.dir/rosidl_generator_c/maze_msgs/action/detail/move_x__description.c.o[0m
[4.501s] [ 22%] [32mBuilding C object CMakeFiles/maze_msgs__rosidl_generator_c.dir/rosidl_generator_c/maze_msgs/action/detail/move_yaw__description.c.o[0m
[4.501s] [ 22%] [32mBuilding C object CMakeFiles/maze_msgs__rosidl_generator_c.dir/rosidl_generator_c/maze_msgs/action/detail/move_x__type_support.c.o[0m
[4.501s] [ 22%] [32mBuilding C object CMakeFiles/maze_msgs__rosidl_generator_c.dir/rosidl_generator_c/maze_msgs/action/detail/move_yaw__functions.c.o[0m
[4.643s] [ 24%] [32m[1mLinking C shared library libmaze_msgs__rosidl_generator_c.so[0m
[4.686s] [ 24%] Built target maze_msgs__rosidl_generator_c
[4.698s] [ 37%] [34m[1mGenerating C type support dispatch for ROS interfaces[0m
[4.698s] [ 37%] [34m[1mGenerating C introspection for ROS interfaces[0m
[4.698s] [ 37%] [34m[1mGenerating C type support for eProsima Fast-RTPS[0m
[4.698s] [ 37%] [34m[1mGenerating C++ type support dispatch for ROS interfaces[0m
[4.698s] [ 37%] [34m[1mGenerating C++ type support for eProsima Fast-RTPS[0m
[4.698s] [ 37%] [34m[1mGenerating C++ introspection for ROS interfaces[0m
[5.029s] [ 42%] [32mBuilding CXX object CMakeFiles/maze_msgs__rosidl_typesupport_c.dir/rosidl_typesupport_c/maze_msgs/action/move_x__type_support.cpp.o[0m
[5.029s] [ 42%] [32mBuilding CXX object CMakeFiles/maze_msgs__rosidl_typesupport_c.dir/rosidl_typesupport_c/maze_msgs/action/move_yaw__type_support.cpp.o[0m
[5.047s] [ 46%] [32mBuilding CXX object CMakeFiles/maze_msgs__rosidl_typesupport_cpp.dir/rosidl_typesupport_cpp/maze_msgs/action/move_x__type_support.cpp.o[0m
[5.047s] [ 46%] [32mBuilding CXX object CMakeFiles/maze_msgs__rosidl_typesupport_cpp.dir/rosidl_typesupport_cpp/maze_msgs/action/move_yaw__type_support.cpp.o[0m
[5.109s] [ 48%] [32m[1mLinking CXX shared library libmaze_msgs__rosidl_typesupport_c.so[0m
[5.109s] [ 53%] [32mBuilding CXX object CMakeFiles/maze_msgs__rosidl_typesupport_introspection_cpp.dir/rosidl_typesupport_introspection_cpp/maze_msgs/action/detail/move_x__type_support.cpp.o[0m
[5.109s] [ 53%] [32mBuilding CXX object CMakeFiles/maze_msgs__rosidl_typesupport_introspection_cpp.dir/rosidl_typesupport_introspection_cpp/maze_msgs/action/detail/move_yaw__type_support.cpp.o[0m
[5.157s] [ 55%] [32mBuilding C object CMakeFiles/maze_msgs__rosidl_typesupport_introspection_c.dir/rosidl_typesupport_introspection_c/maze_msgs/action/detail/move_x__type_support.c.o[0m
[5.159s] [ 57%] [32mBuilding C object CMakeFiles/maze_msgs__rosidl_typesupport_introspection_c.dir/rosidl_typesupport_introspection_c/maze_msgs/action/detail/move_yaw__type_support.c.o[0m
[5.159s] [ 57%] Built target maze_msgs__rosidl_typesupport_c
[5.234s] [ 60%] [32m[1mLinking C shared library libmaze_msgs__rosidl_typesupport_introspection_c.so[0m
[5.277s] [ 60%] Built target maze_msgs__rosidl_typesupport_introspection_c
[5.331s] [ 64%] [32mBuilding CXX object CMakeFiles/maze_msgs__rosidl_typesupport_fastrtps_cpp.dir/rosidl_typesupport_fastrtps_cpp/maze_msgs/action/detail/dds_fastrtps/move_yaw__type_support.cpp.o[0m
[5.332s] [ 64%] [32mBuilding CXX object CMakeFiles/maze_msgs__rosidl_typesupport_fastrtps_cpp.dir/rosidl_typesupport_fastrtps_cpp/maze_msgs/action/detail/dds_fastrtps/move_x__type_support.cpp.o[0m
[5.400s] [ 68%] [32mBuilding CXX object CMakeFiles/maze_msgs__rosidl_typesupport_fastrtps_c.dir/rosidl_typesupport_fastrtps_c/maze_msgs/action/detail/move_yaw__type_support_c.cpp.o[0m
[5.400s] [ 68%] [32mBuilding CXX object CMakeFiles/maze_msgs__rosidl_typesupport_fastrtps_c.dir/rosidl_typesupport_fastrtps_c/maze_msgs/action/detail/move_x__type_support_c.cpp.o[0m
[5.720s] [ 71%] [32m[1mLinking CXX shared library libmaze_msgs__rosidl_typesupport_cpp.so[0m
[5.781s] [ 73%] [32m[1mLinking CXX shared library libmaze_msgs__rosidl_typesupport_introspection_cpp.so[0m
[5.826s] [ 73%] Built target maze_msgs__rosidl_typesupport_cpp
[5.888s] [ 73%] Built target maze_msgs__rosidl_typesupport_introspection_cpp
[5.960s] [ 75%] [32m[1mLinking CXX shared library libmaze_msgs__rosidl_typesupport_fastrtps_c.so[0m
[6.019s] [ 75%] Built target maze_msgs__rosidl_typesupport_fastrtps_c
[6.220s] [ 77%] [32m[1mLinking CXX shared library libmaze_msgs__rosidl_typesupport_fastrtps_cpp.so[0m
[6.295s] [ 77%] Built target maze_msgs__rosidl_typesupport_fastrtps_cpp
[6.316s] [ 77%] Built target maze_msgs
[6.336s] [ 80%] [34m[1mGenerating Python code for ROS interfaces[0m
[7.189s] [ 80%] Built target maze_msgs__py
[7.209s] [ 84%] [32mBuilding C object CMakeFiles/maze_msgs__rosidl_generator_py.dir/rosidl_generator_py/maze_msgs/action/_move_yaw_s.c.o[0m
[7.210s] [ 84%] [32mBuilding C object CMakeFiles/maze_msgs__rosidl_generator_py.dir/rosidl_generator_py/maze_msgs/action/_move_x_s.c.o[0m
[7.399s] [ 86%] [32m[1mLinking C shared library libmaze_msgs__rosidl_generator_py.so[0m
[7.451s] [ 86%] Built target maze_msgs__rosidl_generator_py
[7.471s] [ 93%] [32mBuilding C object CMakeFiles/maze_msgs_s__rosidl_typesupport_c.dir/rosidl_generator_py/maze_msgs/_maze_msgs_s.ep.rosidl_typesupport_c.c.o[0m
[7.471s] [ 93%] [32mBuilding C object CMakeFiles/maze_msgs_s__rosidl_typesupport_introspection_c.dir/rosidl_generator_py/maze_msgs/_maze_msgs_s.ep.rosidl_typesupport_introspection_c.c.o[0m
[7.472s] [ 93%] [32mBuilding C object CMakeFiles/maze_msgs_s__rosidl_typesupport_fastrtps_c.dir/rosidl_generator_py/maze_msgs/_maze_msgs_s.ep.rosidl_typesupport_fastrtps_c.c.o[0m
[7.601s] [ 95%] [32m[1mLinking C shared module rosidl_generator_py/maze_msgs/maze_msgs_s__rosidl_typesupport_c.so[0m
[7.602s] [ 97%] [32m[1mLinking C shared module rosidl_generator_py/maze_msgs/maze_msgs_s__rosidl_typesupport_introspection_c.so[0m
[7.605s] [100%] [32m[1mLinking C shared module rosidl_generator_py/maze_msgs/maze_msgs_s__rosidl_typesupport_fastrtps_c.so[0m
[7.636s] [100%] Built target maze_msgs_s__rosidl_typesupport_c
[7.636s] [100%] Built target maze_msgs_s__rosidl_typesupport_introspection_c
[7.639s] [100%] Built target maze_msgs_s__rosidl_typesupport_fastrtps_c
[7.650s] Invoked command in '/home/abdullah/task12/Group7-Task7-Maze/build/maze_msgs' returned '0': CMAKE_PREFIX_PATH=${CMAKE_PREFIX_PATH}:/opt/ros/jazzy DEBUGINFOD_URLS=https://debuginfod.ubuntu.com /usr/bin/cmake --build /home/abdullah/task12/Group7-Task7-Maze/build/maze_msgs -- -j16 -l16
[7.659s] Invoking command in '/home/abdullah/task12/Group7-Task7-Maze/build/maze_msgs': CMAKE_PREFIX_PATH=${CMAKE_PREFIX_PATH}:/opt/ros/jazzy DEBUGINFOD_URLS=https://debuginfod.ubuntu.com /usr/bin/cmake --install /home/abdullah/task12/Group7-Task7-Maze/build/maze_msgs
[7.668s] -- Install configuration: ""
[7.668s] -- Installing: /home/abdullah/task12/Group7-Task7-Maze/install/maze_msgs/share/ament_index/resource_index/rosidl_interfaces/maze_msgs
[7.668s] -- Installing: /home/abdullah/task12/Group7-Task7-Maze/install/maze_msgs/share/maze_msgs/action/MoveX.json
[7.668s] -- Installing: /home/abdullah/task12/Group7-Task7-Maze/install/maze_msgs/share/maze_msgs/action/MoveYaw.json
[7.669s] -- Installing: /home/abdullah/task12/Group7-Task7-Maze/install/maze_msgs/include/maze_msgs/maze_msgs
[7.669s] -- Installing: /home/abdullah/task12/Group7-Task7-Maze/install/maze_msgs/include/maze_msgs/maze_msgs/msg
[7.669s] -- Installing: /home/abdullah/task12/Group7-Task7-Maze/install/maze_msgs/include/maze_msgs/maze_msgs/msg/rosidl_generator_c__visibility_control.h
[7.669s] -- Installing: /home/abdullah/task12/Group7-Task7-Maze/install/maze_msgs/include/maze_msgs/maze_msgs/action
[7.669s] -- Installing: /home/abdullah/task12/Group7-Task7-Maze/install/maze_msgs/include/maze_msgs/maze_msgs/action/detail
[7.669s] -- Installing: /home/abdullah/task12/Group7-Task7-Maze/install/maze_msgs/include/maze_msgs/maze_msgs/action/detail/move_x__type_support.h
[7.669s] -- Installing: /home/abdullah/task12/Group7-Task7-Maze/install/maze_msgs/include/maze_msgs/maze_msgs/action/detail/move_yaw__functions.h
[7.670s] -- Installing: /home/abdullah/task12/Group7-Task7-Maze/install/maze_msgs/include/maze_msgs/maze_msgs/action/detail/move_x__functions.c
[7.670s] -- Installing: /home/abdullah/task12/Group7-Task7-Maze/install/maze_msgs/include/maze_msgs/maze_msgs/action/detail/move_x__struct.h
[7.670s] -- Installing: /home/abdullah/task12/Group7-Task7-Maze/install/maze_msgs/include/maze_msgs/maze_msgs/action/detail/move_x__type_support.c
[7.670s] -- Installing: /home/abdullah/task12/Group7-Task7-Maze/install/maze_msgs/include/maze_msgs/maze_msgs/action/detail/move_yaw__type_support.c
[7.670s] -- Installing: /home/abdullah/task12/Group7-Task7-Maze/install/maze_msgs/include/maze_msgs/maze_msgs/action/detail/move_x__functions.h
[7.670s] -- Installing: /home/abdullah/task12/Group7-Task7-Maze/install/maze_msgs/include/maze_msgs/maze_msgs/action/detail/move_yaw__functions.c
[7.671s] -- Installing: /home/abdullah/task12/Group7-Task7-Maze/install/maze_msgs/include/maze_msgs/maze_msgs/action/detail/move_yaw__description.c
[7.671s] -- Installing: /home/abdullah/task12/Group7-Task7-Maze/install/maze_msgs/include/maze_msgs/maze_msgs/action/detail/move_yaw__type_support.h
[7.671s] -- Installing: /home/abdullah/task12/Group7-Task7-Maze/install/maze_msgs/include/maze_msgs/maze_msgs/action/detail/move_yaw__struct.h
[7.671s] -- Installing: /home/abdullah/task12/Group7-Task7-Maze/install/maze_msgs/include/maze_msgs/maze_msgs/action/detail/move_x__description.c
[7.671s] -- Installing: /home/abdullah/task12/Group7-Task7-Maze/install/maze_msgs/include/maze_msgs/maze_msgs/action/move_x.h
[7.671s] -- Installing: /home/abdullah/task12/Group7-Task7-Maze/install/maze_msgs/include/maze_msgs/maze_msgs/action/move_yaw.h
[7.671s] -- Installing: /home/abdullah/task12/Group7-Task7-Maze/install/maze_msgs/share/maze_msgs/environment/library_path.sh
[7.672s] -- Installing: /home/abdullah/task12/Group7-Task7-Maze/install/maze_msgs/share/maze_msgs/environment/library_path.dsv
[7.672s] -- Installing: /home/abdullah/task12/Group7-Task7-Maze/install/maze_msgs/lib/libmaze_msgs__rosidl_generator_c.so
[7.672s] -- Set non-toolchain portion of runtime path of "/home/abdullah/task12/Group7-Task7-Maze/install/maze_msgs/lib/libmaze_msgs__rosidl_generator_c.so" to ""
[7.672s] -- Up-to-date: /home/abdullah/task12/Group7-Task7-Maze/install/maze_msgs/include/maze_msgs/maze_msgs
[7.672s] -- Up-to-date: /home/abdullah/task12/Group7-Task7-Maze/install/maze_msgs/include/maze_msgs/maze_msgs/msg
[7.673s] -- Installing: /home/abdullah/task12/Group7-Task7-Maze/install/maze_msgs/include/maze_msgs/maze_msgs/msg/rosidl_typesupport_fastrtps_c__visibility_control.h
[7.673s] -- Up-to-date: /home/abdullah/task12/Group7-Task7-Maze/install/maze_msgs/include/maze_msgs/maze_msgs/action
[7.673s] -- Up-to-date: /home/abdullah/task12/Group7-Task7-Maze/install/maze_msgs/include/maze_msgs/maze_msgs/action/detail
[7.673s] -- Installing: /home/abdullah/task12/Group7-Task7-Maze/install/maze_msgs/include/maze_msgs/maze_msgs/action/detail/move_yaw__rosidl_typesupport_fastrtps_c.h
[7.673s] -- Installing: /home/abdullah/task12/Group7-Task7-Maze/install/maze_msgs/include/maze_msgs/maze_msgs/action/detail/move_x__rosidl_typesupport_fastrtps_c.h
[7.673s] -- Installing: /home/abdullah/task12/Group7-Task7-Maze/install/maze_msgs/lib/libmaze_msgs__rosidl_typesupport_fastrtps_c.so
[7.673s] -- Set non-toolchain portion of runtime path of "/home/abdullah/task12/Group7-Task7-Maze/install/maze_msgs/lib/libmaze_msgs__rosidl_typesupport_fastrtps_c.so" to ""
[7.674s] -- Up-to-date: /home/abdullah/task12/Group7-Task7-Maze/install/maze_msgs/include/maze_msgs/maze_msgs
[7.674s] -- Up-to-date: /home/abdullah/task12/Group7-Task7-Maze/install/maze_msgs/include/maze_msgs/maze_msgs/msg
[7.674s] -- Installing: /home/abdullah/task12/Group7-Task7-Maze/install/maze_msgs/include/maze_msgs/maze_msgs/msg/rosidl_typesupport_introspection_c__visibility_control.h
[7.674s] -- Up-to-date: /home/abdullah/task12/Group7-Task7-Maze/install/maze_msgs/include/maze_msgs/maze_msgs/action
[7.674s] -- Up-to-date: /home/abdullah/task12/Group7-Task7-Maze/install/maze_msgs/include/maze_msgs/maze_msgs/action/detail
[7.674s] -- Installing: /home/abdullah/task12/Group7-Task7-Maze/install/maze_msgs/include/maze_msgs/maze_msgs/action/detail/move_yaw__rosidl_typesupport_introspection_c.h
[7.674s] -- Installing: /home/abdullah/task12/Group7-Task7-Maze/install/maze_msgs/include/maze_msgs/maze_msgs/action/detail/move_x__type_support.c
[7.674s] -- Installing: /home/abdullah/task12/Group7-Task7-Maze/install/maze_msgs/include/maze_msgs/maze_msgs/action/detail/move_x__rosidl_typesupport_introspection_c.h
[7.674s] -- Installing: /home/abdullah/task12/Group7-Task7-Maze/install/maze_msgs/include/maze_msgs/maze_msgs/action/detail/move_yaw__type_support.c
[7.674s] -- Installing: /home/abdullah/task12/Group7-Task7-Maze/install/maze_msgs/lib/libmaze_msgs__rosidl_typesupport_introspection_c.so
[7.675s] -- Set non-toolchain portion of runtime path of "/home/abdullah/task12/Group7-Task7-Maze/install/maze_msgs/lib/libmaze_msgs__rosidl_typesupport_introspection_c.so" to ""
[7.675s] -- Installing: /home/abdullah/task12/Group7-Task7-Maze/install/maze_msgs/lib/libmaze_msgs__rosidl_typesupport_c.so
[7.675s] -- Set non-toolchain portion of runtime path of "/home/abdullah/task12/Group7-Task7-Maze/install/maze_msgs/lib/libmaze_msgs__rosidl_typesupport_c.so" to ""
[7.675s] -- Up-to-date: /home/abdullah/task12/Group7-Task7-Maze/install/maze_msgs/include/maze_msgs/maze_msgs
[7.676s] -- Up-to-date: /home/abdullah/task12/Group7-Task7-Maze/install/maze_msgs/include/maze_msgs/maze_msgs/msg
[7.676s] -- Installing: /home/abdullah/task12/Group7-Task7-Maze/install/maze_msgs/include/maze_msgs/maze_msgs/msg/rosidl_generator_cpp__visibility_control.hpp
[7.676s] -- Up-to-date: /home/abdullah/task12/Group7-Task7-Maze/install/maze_msgs/include/maze_msgs/maze_msgs/action
[7.676s] -- Installing: /home/abdullah/task12/Group7-Task7-Maze/install/maze_msgs/include/maze_msgs/maze_msgs/action/move_x.hpp
[7.676s] -- Up-to-date: /home/abdullah/task12/Group7-Task7-Maze/install/maze_msgs/include/maze_msgs/maze_msgs/action/detail
[7.676s] -- Installing: /home/abdullah/task12/Group7-Task7-Maze/install/maze_msgs/include/maze_msgs/maze_msgs/action/detail/move_yaw__traits.hpp
[7.676s] -- Installing: /home/abdullah/task12/Group7-Task7-Maze/install/maze_msgs/include/maze_msgs/maze_msgs/action/detail/move_x__struct.hpp
[7.676s] -- Installing: /home/abdullah/task12/Group7-Task7-Maze/install/maze_msgs/include/maze_msgs/maze_msgs/action/detail/move_yaw__struct.hpp
[7.676s] -- Installing: /home/abdullah/task12/Group7-Task7-Maze/install/maze_msgs/include/maze_msgs/maze_msgs/action/detail/move_yaw__type_support.hpp
[7.676s] -- Installing: /home/abdullah/task12/Group7-Task7-Maze/install/maze_msgs/include/maze_msgs/maze_msgs/action/detail/move_x__type_support.hpp
[7.676s] -- Installing: /home/abdullah/task12/Group7-Task7-Maze/install/maze_msgs/include/maze_msgs/maze_msgs/action/detail/move_x__traits.hpp
[7.677s] -- Installing: /home/abdullah/task12/Group7-Task7-Maze/install/maze_msgs/include/maze_msgs/maze_msgs/action/detail/move_x__builder.hpp
[7.677s] -- Installing: /home/abdullah/task12/Group7-Task7-Maze/install/maze_msgs/include/maze_msgs/maze_msgs/action/detail/move_yaw__builder.hpp
[7.677s] -- Installing: /home/abdullah/task12/Group7-Task7-Maze/install/maze_msgs/include/maze_msgs/maze_msgs/action/move_yaw.hpp
[7.677s] -- Up-to-date: /home/abdullah/task12/Group7-Task7-Maze/install/maze_msgs/include/maze_msgs/maze_msgs
[7.677s] -- Up-to-date: /home/abdullah/task12/Group7-Task7-Maze/install/maze_msgs/include/maze_msgs/maze_msgs/msg
[7.677s] -- Installing: /home/abdullah/task12/Group7-Task7-Maze/install/maze_msgs/include/maze_msgs/maze_msgs/msg/rosidl_typesupport_fastrtps_cpp__visibility_control.h
[7.677s] -- Up-to-date: /home/abdullah/task12/Group7-Task7-Maze/install/maze_msgs/include/maze_msgs/maze_msgs/action
[7.677s] -- Up-to-date: /home/abdullah/task12/Group7-Task7-Maze/install/maze_msgs/include/maze_msgs/maze_msgs/action/detail
[7.677s] -- Installing: /home/abdullah/task12/Group7-Task7-Maze/install/maze_msgs/include/maze_msgs/maze_msgs/action/detail/dds_fastrtps
[7.677s] -- Installing: /home/abdullah/task12/Group7-Task7-Maze/install/maze_msgs/include/maze_msgs/maze_msgs/action/detail/move_x__rosidl_typesupport_fastrtps_cpp.hpp
[7.677s] -- Installing: /home/abdullah/task12/Group7-Task7-Maze/install/maze_msgs/include/maze_msgs/maze_msgs/action/detail/move_yaw__rosidl_typesupport_fastrtps_cpp.hpp
[7.678s] -- Installing: /home/abdullah/task12/Group7-Task7-Maze/install/maze_msgs/lib/libmaze_msgs__rosidl_typesupport_fastrtps_cpp.so
[7.678s] -- Set non-toolchain portion of runtime path of "/home/abdullah/task12/Group7-Task7-Maze/install/maze_msgs/lib/libmaze_msgs__rosidl_typesupport_fastrtps_cpp.so" to ""
[7.679s] -- Up-to-date: /home/abdullah/task12/Group7-Task7-Maze/install/maze_msgs/include/maze_msgs/maze_msgs
[7.679s] -- Up-to-date: /home/abdullah/task12/Group7-Task7-Maze/install/maze_msgs/include/maze_msgs/maze_msgs/action
[7.679s] -- Up-to-date: /home/abdullah/task12/Group7-Task7-Maze/install/maze_msgs/include/maze_msgs/maze_msgs/action/detail
[7.679s] -- Installing: /home/abdullah/task12/Group7-Task7-Maze/install/maze_msgs/include/maze_msgs/maze_msgs/action/detail/move_yaw__type_support.cpp
[7.679s] -- Installing: /home/abdullah/task12/Group7-Task7-Maze/install/maze_msgs/include/maze_msgs/maze_msgs/action/detail/move_yaw__rosidl_typesupport_introspection_cpp.hpp
[7.679s] -- Installing: /home/abdullah/task12/Group7-Task7-Maze/install/maze_msgs/include/maze_msgs/maze_msgs/action/detail/move_x__rosidl_typesupport_introspection_cpp.hpp
[7.679s] -- Installing: /home/abdullah/task12/Group7-Task7-Maze/install/maze_msgs/include/maze_msgs/maze_msgs/action/detail/move_x__type_support.cpp
[7.679s] -- Installing: /home/abdullah/task12/Group7-Task7-Maze/install/maze_msgs/lib/libmaze_msgs__rosidl_typesupport_introspection_cpp.so
[7.680s] -- Set non-toolchain portion of runtime path of "/home/abdullah/task12/Group7-Task7-Maze/install/maze_msgs/lib/libmaze_msgs__rosidl_typesupport_introspection_cpp.so" to ""
[7.680s] -- Installing: /home/abdullah/task12/Group7-Task7-Maze/install/maze_msgs/lib/libmaze_msgs__rosidl_typesupport_cpp.so
[7.681s] -- Set non-toolchain portion of runtime path of "/home/abdullah/task12/Group7-Task7-Maze/install/maze_msgs/lib/libmaze_msgs__rosidl_typesupport_cpp.so" to ""
[7.681s] -- Installing: /home/abdullah/task12/Group7-Task7-Maze/install/maze_msgs/share/maze_msgs/environment/pythonpath.sh
[7.681s] -- Installing: /home/abdullah/task12/Group7-Task7-Maze/install/maze_msgs/share/maze_msgs/environment/pythonpath.dsv
[7.681s] -- Installing: /home/abdullah/task12/Group7-Task7-Maze/install/maze_msgs/lib/python3.12/site-packages/maze_msgs-0.0.0-py3.12.egg-info
[7.681s] -- Installing: /home/abdullah/task12/Group7-Task7-Maze/install/maze_msgs/lib/python3.12/site-packages/maze_msgs-0.0.0-py3.12.egg-info/dependency_links.txt
[7.681s] -- Installing: /home/abdullah/task12/Group7-Task7-Maze/install/maze_msgs/lib/python3.12/site-packages/maze_msgs-0.0.0-py3.12.egg-info/PKG-INFO
[7.681s] -- Installing: /home/abdullah/task12/Group7-Task7-Maze/install/maze_msgs/lib/python3.12/site-packages/maze_msgs-0.0.0-py3.12.egg-info/SOURCES.txt
[7.681s] -- Installing: /home/abdullah/task12/Group7-Task7-Maze/install/maze_msgs/lib/python3.12/site-packages/maze_msgs-0.0.0-py3.12.egg-info/top_level.txt
[7.682s] -- Installing: /home/abdullah/task12/Group7-Task7-Maze/install/maze_msgs/lib/python3.12/site-packages/maze_msgs
[7.682s] -- Installing: /home/abdullah/task12/Group7-Task7-Maze/install/maze_msgs/lib/python3.12/site-packages/maze_msgs/maze_msgs_s__rosidl_typesupport_fastrtps_c.so
[7.682s] -- Installing: /home/abdullah/task12/Group7-Task7-Maze/install/maze_msgs/lib/python3.12/site-packages/maze_msgs/_maze_msgs_s.ep.rosidl_typesupport_c.c
[7.682s] -- Installing: /home/abdullah/task12/Group7-Task7-Maze/install/maze_msgs/lib/python3.12/site-packages/maze_msgs/maze_msgs_s__rosidl_typesupport_c.so
[7.682s] -- Installing: /home/abdullah/task12/Group7-Task7-Maze/install/maze_msgs/lib/python3.12/site-packages/maze_msgs/__init__.py
[7.683s] -- Installing: /home/abdullah/task12/Group7-Task7-Maze/install/maze_msgs/lib/python3.12/site-packages/maze_msgs/maze_msgs_s__rosidl_typesupport_introspection_c.so
[7.683s] -- Installing: /home/abdullah/task12/Group7-Task7-Maze/install/maze_msgs/lib/python3.12/site-packages/maze_msgs/_maze_msgs_s.ep.rosidl_typesupport_fastrtps_c.c
[7.683s] -- Installing: /home/abdullah/task12/Group7-Task7-Maze/install/maze_msgs/lib/python3.12/site-packages/maze_msgs/action
[7.683s] -- Installing: /home/abdullah/task12/Group7-Task7-Maze/install/maze_msgs/lib/python3.12/site-packages/maze_msgs/action/_move_yaw_s.c
[7.683s] -- Installing: /home/abdullah/task12/Group7-Task7-Maze/install/maze_msgs/lib/python3.12/site-packages/maze_msgs/action/_move_yaw.py
[7.683s] -- Installing: /home/abdullah/task12/Group7-Task7-Maze/install/maze_msgs/lib/python3.12/site-packages/maze_msgs/action/_move_x.py
[7.684s] -- Installing: /home/abdullah/task12/Group7-Task7-Maze/install/maze_msgs/lib/python3.12/site-packages/maze_msgs/action/_move_x_s.c
[7.684s] -- Installing: /home/abdullah/task12/Group7-Task7-Maze/install/maze_msgs/lib/python3.12/site-packages/maze_msgs/action/__init__.py
[7.684s] -- Installing: /home/abdullah/task12/Group7-Task7-Maze/install/maze_msgs/lib/python3.12/site-packages/maze_msgs/_maze_msgs_s.ep.rosidl_typesupport_introspection_c.c
[7.730s] Listing '/home/abdullah/task12/Group7-Task7-Maze/install/maze_msgs/lib/python3.12/site-packages/maze_msgs'...
[7.730s] Compiling '/home/abdullah/task12/Group7-Task7-Maze/install/maze_msgs/lib/python3.12/site-packages/maze_msgs/__init__.py'...
[7.730s] Listing '/home/abdullah/task12/Group7-Task7-Maze/install/maze_msgs/lib/python3.12/site-packages/maze_msgs/action'...
[7.730s] Compiling '/home/abdullah/task12/Group7-Task7-Maze/install/maze_msgs/lib/python3.12/site-packages/maze_msgs/action/__init__.py'...
[7.730s] Compiling '/home/abdullah/task12/Group7-Task7-Maze/install/maze_msgs/lib/python3.12/site-packages/maze_msgs/action/_move_x.py'...
[7.730s] Compiling '/home/abdullah/task12/Group7-Task7-Maze/install/maze_msgs/lib/python3.12/site-packages/maze_msgs/action/_move_yaw.py'...
[7.734s] -- Installing: /home/abdullah/task12/Group7-Task7-Maze/install/maze_msgs/lib/python3.12/site-packages/maze_msgs/maze_msgs_s__rosidl_typesupport_fastrtps_c.so
[7.735s] -- Set non-toolchain portion of runtime path of "/home/abdullah/task12/Group7-Task7-Maze/install/maze_msgs/lib/python3.12/site-packages/maze_msgs/maze_msgs_s__rosidl_typesupport_fastrtps_c.so" to ""
[7.735s] -- Installing: /home/abdullah/task12/Group7-Task7-Maze/install/maze_msgs/lib/python3.12/site-packages/maze_msgs/maze_msgs_s__rosidl_typesupport_introspection_c.so
[7.736s] -- Set non-toolchain portion of runtime path of "/home/abdullah/task12/Group7-Task7-Maze/install/maze_msgs/lib/python3.12/site-packages/maze_msgs/maze_msgs_s__rosidl_typesupport_introspection_c.so" to ""
[7.736s] -- Installing: /home/abdullah/task12/Group7-Task7-Maze/install/maze_msgs/lib/python3.12/site-packages/maze_msgs/maze_msgs_s__rosidl_typesupport_c.so
[7.736s] -- Set non-toolchain portion of runtime path of "/home/abdullah/task12/Group7-Task7-Maze/install/maze_msgs/lib/python3.12/site-packages/maze_msgs/maze_msgs_s__rosidl_typesupport_c.so" to ""
[7.737s] -- Installing: /home/abdullah/task12/Group7-Task7-Maze/install/maze_msgs/lib/libmaze_msgs__rosidl_generator_py.so
[7.737s] -- Set non-toolchain portion of runtime path of "/home/abdullah/task12/Group7-Task7-Maze/install/maze_msgs/lib/libmaze_msgs__rosidl_generator_py.so" to ""
[7.737s] -- Installing: /home/abdullah/task12/Group7-Task7-Maze/install/maze_msgs/share/ament_index/resource_index/rust_packages/maze_msgs
[7.737s] -- Installing: /home/abdullah/task12/Group7-Task7-Maze/install/maze_msgs/share/maze_msgs/rust
[7.737s] -- Installing: /home/abdullah/task12/Group7-Task7-Maze/install/maze_msgs/share/maze_msgs/rust/Cargo.toml
[7.737s] -- Installing: /home/abdullah/task12/Group7-Task7-Maze/install/maze_msgs/share/maze_msgs/rust/build.rs
[7.737s] -- Installing: /home/abdullah/task12/Group7-Task7-Maze/install/maze_msgs/share/maze_msgs/rust/src
[7.737s] -- Installing: /home/abdullah/task12/Group7-Task7-Maze/install/maze_msgs/share/maze_msgs/rust/src/lib.rs
[7.738s] -- Installing: /home/abdullah/task12/Group7-Task7-Maze/install/maze_msgs/share/maze_msgs/rust/src/action.rs
[7.738s] -- Installing: /home/abdullah/task12/Group7-Task7-Maze/install/maze_msgs/share/maze_msgs/rust/src/action
[7.738s] -- Installing: /home/abdullah/task12/Group7-Task7-Maze/install/maze_msgs/share/maze_msgs/rust/src/action/rmw.rs
[7.738s] -- Installing: /home/abdullah/task12/Group7-Task7-Maze/install/maze_msgs/share/maze_msgs/action/MoveX.idl
[7.738s] -- Installing: /home/abdullah/task12/Group7-Task7-Maze/install/maze_msgs/share/maze_msgs/action/MoveYaw.idl
[7.738s] -- Installing: /home/abdullah/task12/Group7-Task7-Maze/install/maze_msgs/share/maze_msgs/action/MoveX.action
[7.738s] -- Installing: /home/abdullah/task12/Group7-Task7-Maze/install/maze_msgs/share/maze_msgs/action/MoveYaw.action
[7.738s] -- Installing: /home/abdullah/task12/Group7-Task7-Maze/install/maze_msgs/share/ament_index/resource_index/package_run_dependencies/maze_msgs
[7.739s] -- Installing: /home/abdullah/task12/Group7-Task7-Maze/install/maze_msgs/share/ament_index/resource_index/parent_prefix_path/maze_msgs
[7.739s] -- Installing: /home/abdullah/task12/Group7-Task7-Maze/install/maze_msgs/share/maze_msgs/environment/ament_prefix_path.sh
[7.739s] -- Installing: /home/abdullah/task12/Group7-Task7-Maze/install/maze_msgs/share/maze_msgs/environment/ament_prefix_path.dsv
[7.739s] -- Installing: /home/abdullah/task12/Group7-Task7-Maze/install/maze_msgs/share/maze_msgs/environment/path.sh
[7.739s] -- Installing: /home/abdullah/task12/Group7-Task7-Maze/install/maze_msgs/share/maze_msgs/environment/path.dsv
[7.739s] -- Installing: /home/abdullah/task12/Group7-Task7-Maze/install/maze_msgs/share/maze_msgs/local_setup.bash
[7.739s] -- Installing: /home/abdullah/task12/Group7-Task7-Maze/install/maze_msgs/share/maze_msgs/local_setup.sh
[7.739s] -- Installing: /home/abdullah/task12/Group7-Task7-Maze/install/maze_msgs/share/maze_msgs/local_setup.zsh
[7.740s] -- Installing: /home/abdullah/task12/Group7-Task7-Maze/install/maze_msgs/share/maze_msgs/local_setup.dsv
[7.740s] -- Installing: /home/abdullah/task12/Group7-Task7-Maze/install/maze_msgs/share/maze_msgs/package.dsv
[7.740s] -- Installing: /home/abdullah/task12/Group7-Task7-Maze/install/maze_msgs/share/ament_index/resource_index/packages/maze_msgs
[7.740s] -- Installing: /home/abdullah/task12/Group7-Task7-Maze/install/maze_msgs/share/maze_msgs/cmake/export_maze_msgs__rosidl_generator_cExport.cmake
[7.740s] -- Installing: /home/abdullah/task12/Group7-Task7-Maze/install/maze_msgs/share/maze_msgs/cmake/export_maze_msgs__rosidl_generator_cExport-noconfig.cmake
[7.740s] -- Installing: /home/abdullah/task12/Group7-Task7-Maze/install/maze_msgs/share/maze_msgs/cmake/export_maze_msgs__rosidl_typesupport_fastrtps_cExport.cmake
[7.741s] -- Installing: /home/abdullah/task12/Group7-Task7-Maze/install/maze_msgs/share/maze_msgs/cmake/export_maze_msgs__rosidl_typesupport_fastrtps_cExport-noconfig.cmake
[7.741s] -- Installing: /home/abdullah/task12/Group7-Task7-Maze/install/maze_msgs/share/maze_msgs/cmake/maze_msgs__rosidl_typesupport_introspection_cExport.cmake
[7.741s] -- Installing: /home/abdullah/task12/Group7-Task7-Maze/install/maze_msgs/share/maze_msgs/cmake/maze_msgs__rosidl_typesupport_introspection_cExport-noconfig.cmake
[7.741s] -- Installing: /home/abdullah/task12/Group7-Task7-Maze/install/maze_msgs/share/maze_msgs/cmake/maze_msgs__rosidl_typesupport_cExport.cmake
[7.741s] -- Installing: /home/abdullah/task12/Group7-Task7-Maze/install/maze_msgs/share/maze_msgs/cmake/maze_msgs__rosidl_typesupport_cExport-noconfig.cmake
[7.741s] -- Installing: /home/abdullah/task12/Group7-Task7-Maze/install/maze_msgs/share/maze_msgs/cmake/export_maze_msgs__rosidl_generator_cppExport.cmake
[7.741s] -- Installing: /home/abdullah/task12/Group7-Task7-Maze/install/maze_msgs/share/maze_msgs/cmake/export_maze_msgs__rosidl_typesupport_fastrtps_cppExport.cmake
[7.741s] -- Installing: /home/abdullah/task12/Group7-Task7-Maze/install/maze_msgs/share/maze_msgs/cmake/export_maze_msgs__rosidl_typesupport_fastrtps_cppExport-noconfig.cmake
[7.742s] -- Installing: /home/abdullah/task12/Group7-Task7-Maze/install/maze_msgs/share/maze_msgs/cmake/maze_msgs__rosidl_typesupport_introspection_cppExport.cmake
[7.742s] -- Installing: /home/abdullah/task12/Group7-Task7-Maze/install/maze_msgs/share/maze_msgs/cmake/maze_msgs__rosidl_typesupport_introspection_cppExport-noconfig.cmake
[7.742s] -- Installing: /home/abdullah/task12/Group7-Task7-Maze/install/maze_msgs/share/maze_msgs/cmake/maze_msgs__rosidl_typesupport_cppExport.cmake
[7.742s] -- Installing: /home/abdullah/task12/Group7-Task7-Maze/install/maze_msgs/share/maze_msgs/cmake/maze_msgs__rosidl_typesupport_cppExport-noconfig.cmake
[7.742s] -- Installing: /home/abdullah/task12/Group7-Task7-Maze/install/maze_msgs/share/maze_msgs/cmake/export_maze_msgs__rosidl_generator_pyExport.cmake
[7.742s] -- Installing: /home/abdullah/task12/Group7-Task7-Maze/install/maze_msgs/share/maze_msgs/cmake/export_maze_msgs__rosidl_generator_pyExport-noconfig.cmake
[7.742s] -- Installing: /home/abdullah/task12/Group7-Task7-Maze/install/maze_msgs/share/maze_msgs/cmake/rosidl_cmake-extras.cmake
[7.742s] -- Installing: /home/abdullah/task12/Group7-Task7-Maze/install/maze_msgs/share/maze_msgs/cmake/ament_cmake_export_dependencies-extras.cmake
[7.743s] -- Installing: /home/abdullah/task12/Group7-Task7-Maze/install/maze_msgs/share/maze_msgs/cmake/ament_cmake_export_include_directories-extras.cmake
[7.743s] -- Installing: /home/abdullah/task12/Group7-Task7-Maze/install/maze_msgs/share/maze_msgs/cmake/ament_cmake_export_libraries-extras.cmake
[7.743s] -- Installing: /home/abdullah/task12/Group7-Task7-Maze/install/maze_msgs/share/maze_msgs/cmake/ament_cmake_export_targets-extras.cmake
[7.743s] -- Installing: /home/abdullah/task12/Group7-Task7-Maze/install/maze_msgs/share/maze_msgs/cmake/rosidl_cmake_export_typesupport_targets-extras.cmake
[7.743s] -- Installing: /home/abdullah/task12/Group7-Task7-Maze/install/maze_msgs/share/maze_msgs/cmake/rosidl_cmake_export_typesupport_libraries-extras.cmake
[7.743s] -- Installing: /home/abdullah/task12/Group7-Task7-Maze/install/maze_msgs/share/maze_msgs/cmake/rosidl_cmake_aggregate_target-extras.cmake
[7.743s] -- Installing: /home/abdullah/task12/Group7-Task7-Maze/install/maze_msgs/share/maze_msgs/cmake/maze_msgsConfig.cmake
[7.743s] -- Installing: /home/abdullah/task12/Group7-Task7-Maze/install/maze_msgs/share/maze_msgs/cmake/maze_msgsConfig-version.cmake
[7.744s] -- Installing: /home/abdullah/task12/Group7-Task7-Maze/install/maze_msgs/share/maze_msgs/package.xml
[7.746s] Invoked command in '/home/abdullah/task12/Group7-Task7-Maze/build/maze_msgs' returned '0': CMAKE_PREFIX_PATH=${CMAKE_PREFIX_PATH}:/opt/ros/jazzy DEBUGINFOD_URLS=https://debuginfod.ubuntu.com /usr/bin/cmake --install /home/abdullah/task12/Group7-Task7-Maze/build/maze_msgs
