/home/abdullah/task12/Group7-Task7-Maze/install/maze_movement/lib/python3.12/site-packages/maze_movement/maze_solver_client.py
/home/abdullah/task12/Group7-Task7-Maze/install/maze_movement/lib/python3.12/site-packages/maze_movement/__init__.py
/home/abdullah/task12/Group7-Task7-Maze/install/maze_movement/lib/python3.12/site-packages/maze_movement/movement_x.py
/home/abdullah/task12/Group7-Task7-Maze/install/maze_movement/lib/python3.12/site-packages/maze_movement/movement_yaw.py
/home/abdullah/task12/Group7-Task7-Maze/install/maze_movement/lib/python3.12/site-packages/maze_movement/solve_maze.py
/home/abdullah/task12/Group7-Task7-Maze/install/maze_movement/lib/python3.12/site-packages/maze_movement/__pycache__/maze_solver_client.cpython-312.pyc
/home/abdullah/task12/Group7-Task7-Maze/install/maze_movement/lib/python3.12/site-packages/maze_movement/__pycache__/__init__.cpython-312.pyc
/home/abdullah/task12/Group7-Task7-Maze/install/maze_movement/lib/python3.12/site-packages/maze_movement/__pycache__/movement_x.cpython-312.pyc
/home/abdullah/task12/Group7-Task7-Maze/install/maze_movement/lib/python3.12/site-packages/maze_movement/__pycache__/movement_yaw.cpython-312.pyc
/home/abdullah/task12/Group7-Task7-Maze/install/maze_movement/lib/python3.12/site-packages/maze_movement/__pycache__/solve_maze.cpython-312.pyc
/home/abdullah/task12/Group7-Task7-Maze/install/maze_movement/share/ament_index/resource_index/packages/maze_movement
/home/abdullah/task12/Group7-Task7-Maze/install/maze_movement/share/maze_movement/package.xml
/home/abdullah/task12/Group7-Task7-Maze/install/maze_movement/share/maze_movement/launch/solve_maze.launch.py
/home/abdullah/task12/Group7-Task7-Maze/install/maze_movement/lib/python3.12/site-packages/maze_movement-0.0.0-py3.12.egg-info/dependency_links.txt
/home/abdullah/task12/Group7-Task7-Maze/install/maze_movement/lib/python3.12/site-packages/maze_movement-0.0.0-py3.12.egg-info/requires.txt
/home/abdullah/task12/Group7-Task7-Maze/install/maze_movement/lib/python3.12/site-packages/maze_movement-0.0.0-py3.12.egg-info/entry_points.txt
/home/abdullah/task12/Group7-Task7-Maze/install/maze_movement/lib/python3.12/site-packages/maze_movement-0.0.0-py3.12.egg-info/zip-safe
/home/abdullah/task12/Group7-Task7-Maze/install/maze_movement/lib/python3.12/site-packages/maze_movement-0.0.0-py3.12.egg-info/PKG-INFO
/home/abdullah/task12/Group7-Task7-Maze/install/maze_movement/lib/python3.12/site-packages/maze_movement-0.0.0-py3.12.egg-info/SOURCES.txt
/home/abdullah/task12/Group7-Task7-Maze/install/maze_movement/lib/python3.12/site-packages/maze_movement-0.0.0-py3.12.egg-info/top_level.txt
/home/abdullah/task12/Group7-Task7-Maze/install/maze_movement/lib/maze_movement/maze_solver_client
/home/abdullah/task12/Group7-Task7-Maze/install/maze_movement/lib/maze_movement/movement_x
/home/abdullah/task12/Group7-Task7-Maze/install/maze_movement/lib/maze_movement/movement_yaw
/home/abdullah/task12/Group7-Task7-Maze/install/maze_movement/lib/maze_movement/solve_maze
