[0.082s] DEBUG:colcon:Command line arguments: ['/usr/bin/colcon', 'build']
[0.082s] DEBUG:colcon:Parsed command line arguments: Namespace(log_base=None, log_level=None, verb_name='build', build_base='build', install_base='install', merge_install=False, symlink_install=False, test_result_base=None, continue_on_error=False, executor='parallel', parallel_workers=16, event_handlers=None, ignore_user_meta=False, metas=['./colcon.meta'], base_paths=['.'], packages_ignore=None, packages_ignore_regex=None, paths=None, packages_up_to=None, packages_up_to_regex=None, packages_above=None, packages_above_and_dependencies=None, packages_above_depth=None, packages_select_by_dep=None, packages_skip_by_dep=None, packages_skip_up_to=None, packages_select_build_failed=False, packages_skip_build_finished=False, packages_select_test_failures=False, packages_skip_test_passed=False, packages_select=None, packages_skip=None, packages_select_regex=None, packages_skip_regex=None, packages_start=None, packages_end=None, allow_overriding=[], cmake_args=None, cmake_target=None, cmake_target_skip_unavailable=False, cmake_clean_cache=False, cmake_clean_first=False, cmake_force_configure=False, ament_cmake_args=None, catkin_cmake_args=None, catkin_skip_building_tests=False, mixin_files=None, mixin=None, verb_parser=<colcon_mixin.mixin.mixin_argument.MixinArgumentDecorator object at 0x7eb1af746810>, verb_extension=<colcon_core.verb.build.BuildVerb object at 0x7eb1af86eba0>, main=<bound method BuildVerb.main of <colcon_core.verb.build.BuildVerb object at 0x7eb1af86eba0>>, mixin_verb=('build',))
[0.113s] Level 1:colcon.colcon_core.package_discovery:discover_packages(colcon_meta) check parameters
[0.113s] Level 1:colcon.colcon_core.package_discovery:discover_packages(recursive) check parameters
[0.113s] Level 1:colcon.colcon_core.package_discovery:discover_packages(ignore) check parameters
[0.113s] Level 1:colcon.colcon_core.package_discovery:discover_packages(path) check parameters
[0.113s] Level 1:colcon.colcon_core.package_discovery:discover_packages(colcon_meta) discover
[0.113s] Level 1:colcon.colcon_core.package_discovery:discover_packages(recursive) discover
[0.113s] INFO:colcon.colcon_core.package_discovery:Crawling recursively for packages in '/home/abdullah/task12/Group7-Task7-Maze'
[0.113s] Level 1:colcon.colcon_core.package_identification:_identify(.) by extensions ['ignore', 'ignore_ament_install']
[0.113s] Level 1:colcon.colcon_core.package_identification:_identify(.) by extension 'ignore'
[0.113s] Level 1:colcon.colcon_core.package_identification:_identify(.) by extension 'ignore_ament_install'
[0.113s] Level 1:colcon.colcon_core.package_identification:_identify(.) by extensions ['colcon_pkg']
[0.113s] Level 1:colcon.colcon_core.package_identification:_identify(.) by extension 'colcon_pkg'
[0.113s] Level 1:colcon.colcon_core.package_identification:_identify(.) by extensions ['colcon_meta']
[0.113s] Level 1:colcon.colcon_core.package_identification:_identify(.) by extension 'colcon_meta'
[0.113s] Level 1:colcon.colcon_core.package_identification:_identify(.) by extensions ['ros']
[0.113s] Level 1:colcon.colcon_core.package_identification:_identify(.) by extension 'ros'
[0.132s] Level 1:colcon.colcon_core.package_identification:_identify(.) by extensions ['cmake', 'python']
[0.132s] Level 1:colcon.colcon_core.package_identification:_identify(.) by extension 'cmake'
[0.132s] Level 1:colcon.colcon_core.package_identification:_identify(.) by extension 'python'
[0.132s] Level 1:colcon.colcon_core.package_identification:_identify(.) by extensions ['python_setup_py']
[0.132s] Level 1:colcon.colcon_core.package_identification:_identify(.) by extension 'python_setup_py'
[0.132s] Level 1:colcon.colcon_core.package_identification:_identify(build) by extensions ['ignore', 'ignore_ament_install']
[0.132s] Level 1:colcon.colcon_core.package_identification:_identify(build) by extension 'ignore'
[0.133s] Level 1:colcon.colcon_core.package_identification:_identify(build) ignored
[0.133s] Level 1:colcon.colcon_core.package_identification:_identify(install) by extensions ['ignore', 'ignore_ament_install']
[0.133s] Level 1:colcon.colcon_core.package_identification:_identify(install) by extension 'ignore'
[0.133s] Level 1:colcon.colcon_core.package_identification:_identify(install) ignored
[0.133s] Level 1:colcon.colcon_core.package_identification:_identify(log) by extensions ['ignore', 'ignore_ament_install']
[0.133s] Level 1:colcon.colcon_core.package_identification:_identify(log) by extension 'ignore'
[0.133s] Level 1:colcon.colcon_core.package_identification:_identify(log) ignored
[0.133s] Level 1:colcon.colcon_core.package_identification:_identify(maze_control) by extensions ['ignore', 'ignore_ament_install']
[0.133s] Level 1:colcon.colcon_core.package_identification:_identify(maze_control) by extension 'ignore'
[0.133s] Level 1:colcon.colcon_core.package_identification:_identify(maze_control) by extension 'ignore_ament_install'
[0.133s] Level 1:colcon.colcon_core.package_identification:_identify(maze_control) by extensions ['colcon_pkg']
[0.133s] Level 1:colcon.colcon_core.package_identification:_identify(maze_control) by extension 'colcon_pkg'
[0.133s] Level 1:colcon.colcon_core.package_identification:_identify(maze_control) by extensions ['colcon_meta']
[0.133s] Level 1:colcon.colcon_core.package_identification:_identify(maze_control) by extension 'colcon_meta'
[0.133s] Level 1:colcon.colcon_core.package_identification:_identify(maze_control) by extensions ['ros']
[0.133s] Level 1:colcon.colcon_core.package_identification:_identify(maze_control) by extension 'ros'
[0.135s] DEBUG:colcon.colcon_core.package_identification:Package 'maze_control' with type 'ros.ament_python' and name 'maze_control'
[0.135s] Level 1:colcon.colcon_core.package_identification:_identify(maze_movement) by extensions ['ignore', 'ignore_ament_install']
[0.135s] Level 1:colcon.colcon_core.package_identification:_identify(maze_movement) by extension 'ignore'
[0.135s] Level 1:colcon.colcon_core.package_identification:_identify(maze_movement) by extension 'ignore_ament_install'
[0.135s] Level 1:colcon.colcon_core.package_identification:_identify(maze_movement) by extensions ['colcon_pkg']
[0.135s] Level 1:colcon.colcon_core.package_identification:_identify(maze_movement) by extension 'colcon_pkg'
[0.135s] Level 1:colcon.colcon_core.package_identification:_identify(maze_movement) by extensions ['colcon_meta']
[0.135s] Level 1:colcon.colcon_core.package_identification:_identify(maze_movement) by extension 'colcon_meta'
[0.135s] Level 1:colcon.colcon_core.package_identification:_identify(maze_movement) by extensions ['ros']
[0.135s] Level 1:colcon.colcon_core.package_identification:_identify(maze_movement) by extension 'ros'
[0.136s] DEBUG:colcon.colcon_core.package_identification:Package 'maze_movement' with type 'ros.ament_python' and name 'maze_movement'
[0.136s] Level 1:colcon.colcon_core.package_identification:_identify(maze_msgs) by extensions ['ignore', 'ignore_ament_install']
[0.136s] Level 1:colcon.colcon_core.package_identification:_identify(maze_msgs) by extension 'ignore'
[0.136s] Level 1:colcon.colcon_core.package_identification:_identify(maze_msgs) by extension 'ignore_ament_install'
[0.136s] Level 1:colcon.colcon_core.package_identification:_identify(maze_msgs) by extensions ['colcon_pkg']
[0.136s] Level 1:colcon.colcon_core.package_identification:_identify(maze_msgs) by extension 'colcon_pkg'
[0.136s] Level 1:colcon.colcon_core.package_identification:_identify(maze_msgs) by extensions ['colcon_meta']
[0.136s] Level 1:colcon.colcon_core.package_identification:_identify(maze_msgs) by extension 'colcon_meta'
[0.136s] Level 1:colcon.colcon_core.package_identification:_identify(maze_msgs) by extensions ['ros']
[0.136s] Level 1:colcon.colcon_core.package_identification:_identify(maze_msgs) by extension 'ros'
[0.137s] DEBUG:colcon.colcon_core.package_identification:Package 'maze_msgs' with type 'ros.ament_cmake' and name 'maze_msgs'
[0.137s] Level 1:colcon.colcon_core.package_discovery:discover_packages(recursive) using defaults
[0.137s] Level 1:colcon.colcon_core.package_discovery:discover_packages(ignore) discover
[0.137s] Level 1:colcon.colcon_core.package_discovery:discover_packages(ignore) using defaults
[0.137s] Level 1:colcon.colcon_core.package_discovery:discover_packages(path) discover
[0.137s] Level 1:colcon.colcon_core.package_discovery:discover_packages(path) using defaults
[0.151s] Level 1:colcon.colcon_core.package_discovery:discover_packages(prefix_path) check parameters
[0.151s] Level 1:colcon.colcon_core.package_discovery:discover_packages(prefix_path) discover
[0.152s] Level 1:colcon.colcon_core.package_discovery:discover_packages(prefix_path) using defaults
[0.153s] Level 5:colcon.colcon_core.verb:set package 'maze_control' build argument 'cmake_args' from command line to 'None'
[0.153s] Level 5:colcon.colcon_core.verb:set package 'maze_control' build argument 'cmake_target' from command line to 'None'
[0.153s] Level 5:colcon.colcon_core.verb:set package 'maze_control' build argument 'cmake_target_skip_unavailable' from command line to 'False'
[0.153s] Level 5:colcon.colcon_core.verb:set package 'maze_control' build argument 'cmake_clean_cache' from command line to 'False'
[0.153s] Level 5:colcon.colcon_core.verb:set package 'maze_control' build argument 'cmake_clean_first' from command line to 'False'
[0.153s] Level 5:colcon.colcon_core.verb:set package 'maze_control' build argument 'cmake_force_configure' from command line to 'False'
[0.153s] Level 5:colcon.colcon_core.verb:set package 'maze_control' build argument 'ament_cmake_args' from command line to 'None'
[0.153s] Level 5:colcon.colcon_core.verb:set package 'maze_control' build argument 'catkin_cmake_args' from command line to 'None'
[0.153s] Level 5:colcon.colcon_core.verb:set package 'maze_control' build argument 'catkin_skip_building_tests' from command line to 'False'
[0.153s] DEBUG:colcon.colcon_core.verb:Building package 'maze_control' with the following arguments: {'ament_cmake_args': None, 'build_base': '/home/abdullah/task12/Group7-Task7-Maze/build/maze_control', 'catkin_cmake_args': None, 'catkin_skip_building_tests': False, 'cmake_args': None, 'cmake_clean_cache': False, 'cmake_clean_first': False, 'cmake_force_configure': False, 'cmake_target': None, 'cmake_target_skip_unavailable': False, 'install_base': '/home/abdullah/task12/Group7-Task7-Maze/install/maze_control', 'merge_install': False, 'path': '/home/abdullah/task12/Group7-Task7-Maze/maze_control', 'symlink_install': False, 'test_result_base': None}
[0.154s] Level 5:colcon.colcon_core.verb:set package 'maze_movement' build argument 'cmake_args' from command line to 'None'
[0.154s] Level 5:colcon.colcon_core.verb:set package 'maze_movement' build argument 'cmake_target' from command line to 'None'
[0.154s] Level 5:colcon.colcon_core.verb:set package 'maze_movement' build argument 'cmake_target_skip_unavailable' from command line to 'False'
[0.154s] Level 5:colcon.colcon_core.verb:set package 'maze_movement' build argument 'cmake_clean_cache' from command line to 'False'
[0.154s] Level 5:colcon.colcon_core.verb:set package 'maze_movement' build argument 'cmake_clean_first' from command line to 'False'
[0.154s] Level 5:colcon.colcon_core.verb:set package 'maze_movement' build argument 'cmake_force_configure' from command line to 'False'
[0.154s] Level 5:colcon.colcon_core.verb:set package 'maze_movement' build argument 'ament_cmake_args' from command line to 'None'
[0.154s] Level 5:colcon.colcon_core.verb:set package 'maze_movement' build argument 'catkin_cmake_args' from command line to 'None'
[0.154s] Level 5:colcon.colcon_core.verb:set package 'maze_movement' build argument 'catkin_skip_building_tests' from command line to 'False'
[0.154s] DEBUG:colcon.colcon_core.verb:Building package 'maze_movement' with the following arguments: {'ament_cmake_args': None, 'build_base': '/home/abdullah/task12/Group7-Task7-Maze/build/maze_movement', 'catkin_cmake_args': None, 'catkin_skip_building_tests': False, 'cmake_args': None, 'cmake_clean_cache': False, 'cmake_clean_first': False, 'cmake_force_configure': False, 'cmake_target': None, 'cmake_target_skip_unavailable': False, 'install_base': '/home/abdullah/task12/Group7-Task7-Maze/install/maze_movement', 'merge_install': False, 'path': '/home/abdullah/task12/Group7-Task7-Maze/maze_movement', 'symlink_install': False, 'test_result_base': None}
[0.154s] Level 5:colcon.colcon_core.verb:set package 'maze_msgs' build argument 'cmake_args' from command line to 'None'
[0.154s] Level 5:colcon.colcon_core.verb:set package 'maze_msgs' build argument 'cmake_target' from command line to 'None'
[0.154s] Level 5:colcon.colcon_core.verb:set package 'maze_msgs' build argument 'cmake_target_skip_unavailable' from command line to 'False'
[0.154s] Level 5:colcon.colcon_core.verb:set package 'maze_msgs' build argument 'cmake_clean_cache' from command line to 'False'
[0.154s] Level 5:colcon.colcon_core.verb:set package 'maze_msgs' build argument 'cmake_clean_first' from command line to 'False'
[0.154s] Level 5:colcon.colcon_core.verb:set package 'maze_msgs' build argument 'cmake_force_configure' from command line to 'False'
[0.154s] Level 5:colcon.colcon_core.verb:set package 'maze_msgs' build argument 'ament_cmake_args' from command line to 'None'
[0.154s] Level 5:colcon.colcon_core.verb:set package 'maze_msgs' build argument 'catkin_cmake_args' from command line to 'None'
[0.154s] Level 5:colcon.colcon_core.verb:set package 'maze_msgs' build argument 'catkin_skip_building_tests' from command line to 'False'
[0.154s] DEBUG:colcon.colcon_core.verb:Building package 'maze_msgs' with the following arguments: {'ament_cmake_args': None, 'build_base': '/home/abdullah/task12/Group7-Task7-Maze/build/maze_msgs', 'catkin_cmake_args': None, 'catkin_skip_building_tests': False, 'cmake_args': None, 'cmake_clean_cache': False, 'cmake_clean_first': False, 'cmake_force_configure': False, 'cmake_target': None, 'cmake_target_skip_unavailable': False, 'install_base': '/home/abdullah/task12/Group7-Task7-Maze/install/maze_msgs', 'merge_install': False, 'path': '/home/abdullah/task12/Group7-Task7-Maze/maze_msgs', 'symlink_install': False, 'test_result_base': None}
[0.154s] INFO:colcon.colcon_core.executor:Executing jobs using 'parallel' executor
[0.155s] DEBUG:colcon.colcon_parallel_executor.executor.parallel:run_until_complete
[0.155s] INFO:colcon.colcon_ros.task.ament_python.build:Building ROS package in '/home/abdullah/task12/Group7-Task7-Maze/maze_control' with build type 'ament_python'
[0.155s] Level 1:colcon.colcon_core.shell:create_environment_hook('maze_control', 'ament_prefix_path')
[0.157s] INFO:colcon.colcon_core.plugin_system:Skipping extension 'colcon_core.shell.bat': Not used on non-Windows systems
[0.158s] INFO:colcon.colcon_core.shell:Creating environment hook '/home/abdullah/task12/Group7-Task7-Maze/install/maze_control/share/maze_control/hook/ament_prefix_path.ps1'
[0.158s] INFO:colcon.colcon_core.shell:Creating environment descriptor '/home/abdullah/task12/Group7-Task7-Maze/install/maze_control/share/maze_control/hook/ament_prefix_path.dsv'
[0.159s] INFO:colcon.colcon_core.shell:Creating environment hook '/home/abdullah/task12/Group7-Task7-Maze/install/maze_control/share/maze_control/hook/ament_prefix_path.sh'
[0.159s] INFO:colcon.colcon_core.shell:Skip shell extension 'powershell' for command environment: Not usable outside of PowerShell
[0.160s] DEBUG:colcon.colcon_core.shell:Skip shell extension 'dsv' for command environment
[0.161s] INFO:colcon.colcon_ros.task.ament_python.build:Building ROS package in '/home/abdullah/task12/Group7-Task7-Maze/maze_movement' with build type 'ament_python'
[0.161s] Level 1:colcon.colcon_core.shell:create_environment_hook('maze_movement', 'ament_prefix_path')
[0.161s] INFO:colcon.colcon_core.shell:Creating environment hook '/home/abdullah/task12/Group7-Task7-Maze/install/maze_movement/share/maze_movement/hook/ament_prefix_path.ps1'
[0.162s] INFO:colcon.colcon_core.shell:Creating environment descriptor '/home/abdullah/task12/Group7-Task7-Maze/install/maze_movement/share/maze_movement/hook/ament_prefix_path.dsv'
[0.162s] INFO:colcon.colcon_core.shell:Creating environment hook '/home/abdullah/task12/Group7-Task7-Maze/install/maze_movement/share/maze_movement/hook/ament_prefix_path.sh'
[0.162s] INFO:colcon.colcon_core.shell:Skip shell extension 'powershell' for command environment: Not usable outside of PowerShell
[0.162s] DEBUG:colcon.colcon_core.shell:Skip shell extension 'dsv' for command environment
[0.163s] INFO:colcon.colcon_ros.task.ament_cmake.build:Building ROS package in '/home/abdullah/task12/Group7-Task7-Maze/maze_msgs' with build type 'ament_cmake'
[0.163s] INFO:colcon.colcon_cmake.task.cmake.build:Building CMake package in '/home/abdullah/task12/Group7-Task7-Maze/maze_msgs'
[0.164s] INFO:colcon.colcon_core.shell:Skip shell extension 'powershell' for command environment: Not usable outside of PowerShell
[0.164s] DEBUG:colcon.colcon_core.shell:Skip shell extension 'dsv' for command environment
[0.294s] INFO:colcon.colcon_core.task.python.build:Building Python package in '/home/abdullah/task12/Group7-Task7-Maze/maze_control'
[0.295s] INFO:colcon.colcon_core.shell:Skip shell extension 'powershell' for command environment: Not usable outside of PowerShell
[0.295s] DEBUG:colcon.colcon_core.shell:Skip shell extension 'dsv' for command environment
[0.424s] INFO:colcon.colcon_core.task.python.build:Building Python package in '/home/abdullah/task12/Group7-Task7-Maze/maze_movement'
[0.424s] INFO:colcon.colcon_core.shell:Skip shell extension 'powershell' for command environment: Not usable outside of PowerShell
[0.424s] DEBUG:colcon.colcon_core.shell:Skip shell extension 'dsv' for command environment
[0.428s] DEBUG:colcon.colcon_core.event_handler.log_command:Invoking command in '/home/abdullah/task12/Group7-Task7-Maze/build/maze_msgs': DEBUGINFOD_URLS=https://debuginfod.ubuntu.com /usr/bin/cmake --build /home/abdullah/task12/Group7-Task7-Maze/build/maze_msgs -- -j16 -l16
[0.703s] DEBUG:colcon.colcon_core.event_handler.log_command:Invoked command in '/home/abdullah/task12/Group7-Task7-Maze/build/maze_msgs' returned '0': DEBUGINFOD_URLS=https://debuginfod.ubuntu.com /usr/bin/cmake --build /home/abdullah/task12/Group7-Task7-Maze/build/maze_msgs -- -j16 -l16
[0.711s] DEBUG:colcon.colcon_core.event_handler.log_command:Invoking command in '/home/abdullah/task12/Group7-Task7-Maze/build/maze_msgs': DEBUGINFOD_URLS=https://debuginfod.ubuntu.com /usr/bin/cmake --install /home/abdullah/task12/Group7-Task7-Maze/build/maze_msgs
[0.761s] Level 1:colcon.colcon_core.environment:create_environment_scripts_only(maze_msgs)
[0.762s] DEBUG:colcon.colcon_core.event_handler.log_command:Invoked command in '/home/abdullah/task12/Group7-Task7-Maze/build/maze_msgs' returned '0': DEBUGINFOD_URLS=https://debuginfod.ubuntu.com /usr/bin/cmake --install /home/abdullah/task12/Group7-Task7-Maze/build/maze_msgs
[0.765s] Level 1:colcon.colcon_core.environment:checking '/home/abdullah/task12/Group7-Task7-Maze/install/maze_msgs' for CMake module files
[0.765s] Level 1:colcon.colcon_core.environment:checking '/home/abdullah/task12/Group7-Task7-Maze/install/maze_msgs' for CMake config files
[0.766s] Level 1:colcon.colcon_core.shell:create_environment_hook('maze_msgs', 'cmake_prefix_path')
[0.766s] INFO:colcon.colcon_core.shell:Creating environment hook '/home/abdullah/task12/Group7-Task7-Maze/install/maze_msgs/share/maze_msgs/hook/cmake_prefix_path.ps1'
[0.767s] INFO:colcon.colcon_core.shell:Creating environment descriptor '/home/abdullah/task12/Group7-Task7-Maze/install/maze_msgs/share/maze_msgs/hook/cmake_prefix_path.dsv'
[0.767s] INFO:colcon.colcon_core.shell:Creating environment hook '/home/abdullah/task12/Group7-Task7-Maze/install/maze_msgs/share/maze_msgs/hook/cmake_prefix_path.sh'
[0.768s] Level 1:colcon.colcon_core.environment:checking '/home/abdullah/task12/Group7-Task7-Maze/install/maze_msgs/lib'
[0.768s] Level 1:colcon.colcon_core.shell:create_environment_hook('maze_msgs', 'ld_library_path_lib')
[0.768s] INFO:colcon.colcon_core.shell:Creating environment hook '/home/abdullah/task12/Group7-Task7-Maze/install/maze_msgs/share/maze_msgs/hook/ld_library_path_lib.ps1'
[0.768s] INFO:colcon.colcon_core.shell:Creating environment descriptor '/home/abdullah/task12/Group7-Task7-Maze/install/maze_msgs/share/maze_msgs/hook/ld_library_path_lib.dsv'
[0.769s] INFO:colcon.colcon_core.shell:Creating environment hook '/home/abdullah/task12/Group7-Task7-Maze/install/maze_msgs/share/maze_msgs/hook/ld_library_path_lib.sh'
[0.769s] Level 1:colcon.colcon_core.environment:checking '/home/abdullah/task12/Group7-Task7-Maze/install/maze_msgs/bin'
[0.769s] Level 1:colcon.colcon_core.environment:checking '/home/abdullah/task12/Group7-Task7-Maze/install/maze_msgs/lib/pkgconfig/maze_msgs.pc'
[0.769s] Level 1:colcon.colcon_core.environment:checking '/home/abdullah/task12/Group7-Task7-Maze/install/maze_msgs/lib/python3.12/site-packages'
[0.769s] Level 1:colcon.colcon_core.shell:create_environment_hook('maze_msgs', 'pythonpath')
[0.769s] INFO:colcon.colcon_core.shell:Creating environment hook '/home/abdullah/task12/Group7-Task7-Maze/install/maze_msgs/share/maze_msgs/hook/pythonpath.ps1'
[0.770s] INFO:colcon.colcon_core.shell:Creating environment descriptor '/home/abdullah/task12/Group7-Task7-Maze/install/maze_msgs/share/maze_msgs/hook/pythonpath.dsv'
[0.770s] INFO:colcon.colcon_core.shell:Creating environment hook '/home/abdullah/task12/Group7-Task7-Maze/install/maze_msgs/share/maze_msgs/hook/pythonpath.sh'
[0.770s] Level 1:colcon.colcon_core.environment:checking '/home/abdullah/task12/Group7-Task7-Maze/install/maze_msgs/bin'
[0.771s] INFO:colcon.colcon_core.shell:Creating package script '/home/abdullah/task12/Group7-Task7-Maze/install/maze_msgs/share/maze_msgs/package.ps1'
[0.772s] INFO:colcon.colcon_core.shell:Creating package descriptor '/home/abdullah/task12/Group7-Task7-Maze/install/maze_msgs/share/maze_msgs/package.dsv'
[0.772s] INFO:colcon.colcon_core.shell:Creating package script '/home/abdullah/task12/Group7-Task7-Maze/install/maze_msgs/share/maze_msgs/package.sh'
[0.772s] INFO:colcon.colcon_core.shell:Creating package script '/home/abdullah/task12/Group7-Task7-Maze/install/maze_msgs/share/maze_msgs/package.bash'
[0.773s] INFO:colcon.colcon_core.shell:Creating package script '/home/abdullah/task12/Group7-Task7-Maze/install/maze_msgs/share/maze_msgs/package.zsh'
[0.773s] Level 1:colcon.colcon_core.environment:create_file_with_runtime_dependencies(/home/abdullah/task12/Group7-Task7-Maze/install/maze_msgs/share/colcon-core/packages/maze_msgs)
[0.774s] Level 1:colcon.colcon_core.environment:create_environment_scripts_only(maze_msgs)
[0.774s] Level 1:colcon.colcon_core.environment:checking '/home/abdullah/task12/Group7-Task7-Maze/install/maze_msgs' for CMake module files
[0.774s] Level 1:colcon.colcon_core.environment:checking '/home/abdullah/task12/Group7-Task7-Maze/install/maze_msgs' for CMake config files
[0.775s] Level 1:colcon.colcon_core.shell:create_environment_hook('maze_msgs', 'cmake_prefix_path')
[0.775s] INFO:colcon.colcon_core.shell:Creating environment hook '/home/abdullah/task12/Group7-Task7-Maze/install/maze_msgs/share/maze_msgs/hook/cmake_prefix_path.ps1'
[0.775s] INFO:colcon.colcon_core.shell:Creating environment descriptor '/home/abdullah/task12/Group7-Task7-Maze/install/maze_msgs/share/maze_msgs/hook/cmake_prefix_path.dsv'
[0.775s] INFO:colcon.colcon_core.shell:Creating environment hook '/home/abdullah/task12/Group7-Task7-Maze/install/maze_msgs/share/maze_msgs/hook/cmake_prefix_path.sh'
[0.776s] Level 1:colcon.colcon_core.environment:checking '/home/abdullah/task12/Group7-Task7-Maze/install/maze_msgs/lib'
[0.776s] Level 1:colcon.colcon_core.shell:create_environment_hook('maze_msgs', 'ld_library_path_lib')
[0.776s] INFO:colcon.colcon_core.shell:Creating environment hook '/home/abdullah/task12/Group7-Task7-Maze/install/maze_msgs/share/maze_msgs/hook/ld_library_path_lib.ps1'
[0.776s] INFO:colcon.colcon_core.shell:Creating environment descriptor '/home/abdullah/task12/Group7-Task7-Maze/install/maze_msgs/share/maze_msgs/hook/ld_library_path_lib.dsv'
[0.776s] INFO:colcon.colcon_core.shell:Creating environment hook '/home/abdullah/task12/Group7-Task7-Maze/install/maze_msgs/share/maze_msgs/hook/ld_library_path_lib.sh'
[0.777s] Level 1:colcon.colcon_core.environment:checking '/home/abdullah/task12/Group7-Task7-Maze/install/maze_msgs/bin'
[0.777s] Level 1:colcon.colcon_core.environment:checking '/home/abdullah/task12/Group7-Task7-Maze/install/maze_msgs/lib/pkgconfig/maze_msgs.pc'
[0.777s] Level 1:colcon.colcon_core.environment:checking '/home/abdullah/task12/Group7-Task7-Maze/install/maze_msgs/lib/python3.12/site-packages'
[0.777s] Level 1:colcon.colcon_core.shell:create_environment_hook('maze_msgs', 'pythonpath')
[0.777s] INFO:colcon.colcon_core.shell:Creating environment hook '/home/abdullah/task12/Group7-Task7-Maze/install/maze_msgs/share/maze_msgs/hook/pythonpath.ps1'
[0.777s] INFO:colcon.colcon_core.shell:Creating environment descriptor '/home/abdullah/task12/Group7-Task7-Maze/install/maze_msgs/share/maze_msgs/hook/pythonpath.dsv'
[0.778s] INFO:colcon.colcon_core.shell:Creating environment hook '/home/abdullah/task12/Group7-Task7-Maze/install/maze_msgs/share/maze_msgs/hook/pythonpath.sh'
[0.778s] Level 1:colcon.colcon_core.environment:checking '/home/abdullah/task12/Group7-Task7-Maze/install/maze_msgs/bin'
[0.778s] INFO:colcon.colcon_core.shell:Creating package script '/home/abdullah/task12/Group7-Task7-Maze/install/maze_msgs/share/maze_msgs/package.ps1'
[0.779s] INFO:colcon.colcon_core.shell:Creating package descriptor '/home/abdullah/task12/Group7-Task7-Maze/install/maze_msgs/share/maze_msgs/package.dsv'
[0.779s] INFO:colcon.colcon_core.shell:Creating package script '/home/abdullah/task12/Group7-Task7-Maze/install/maze_msgs/share/maze_msgs/package.sh'
[0.779s] INFO:colcon.colcon_core.shell:Creating package script '/home/abdullah/task12/Group7-Task7-Maze/install/maze_msgs/share/maze_msgs/package.bash'
[0.780s] INFO:colcon.colcon_core.shell:Creating package script '/home/abdullah/task12/Group7-Task7-Maze/install/maze_msgs/share/maze_msgs/package.zsh'
[0.780s] Level 1:colcon.colcon_core.environment:create_file_with_runtime_dependencies(/home/abdullah/task12/Group7-Task7-Maze/install/maze_msgs/share/colcon-core/packages/maze_msgs)
[0.819s] DEBUG:colcon.colcon_core.task.python.build:Available setuptools commands: editable_wheel, dist_info, bdist_dumb, bdist_egg, egg_info, clean, alias, bdist, upload_docs, saveopts, easy_install, install_headers, sdist, check, symlink_data, setopt, update_catalog, upload, build_py, install_data, extract_messages, install, register, test, install_lib, install_egg_info, develop, build_scripts, build, bdist_rpm, rotate, build_clib, install_scripts, init_catalog, build_ext, compile_catalog
[0.821s] DEBUG:colcon.colcon_core.event_handler.log_command:Invoking command in '/home/abdullah/task12/Group7-Task7-Maze/maze_control': DEBUGINFOD_URLS=https://debuginfod.ubuntu.com PYTHONPATH=/home/abdullah/task12/Group7-Task7-Maze/build/maze_control/prefix_override:/usr/lib/python3/dist-packages/colcon_core/task/python/colcon_distutils_commands:/home/abdullah/task12/Group7-Task7-Maze/install/maze_control/lib/python3.12/site-packages: /usr/bin/python3 -W ignore:setup.py install is deprecated -W ignore:easy_install command is deprecated setup.py egg_info --egg-base ../build/maze_control build --build-base /home/abdullah/task12/Group7-Task7-Maze/build/maze_control/build install --record /home/abdullah/task12/Group7-Task7-Maze/build/maze_control/install.log --install-scripts $base/lib/maze_control --single-version-externally-managed install_data
[0.827s] DEBUG:colcon.colcon_core.task.python.build:Available setuptools commands: editable_wheel, dist_info, bdist_dumb, bdist_egg, egg_info, clean, alias, bdist, upload_docs, saveopts, easy_install, install_headers, sdist, check, symlink_data, setopt, update_catalog, upload, build_py, install_data, extract_messages, install, register, test, install_lib, install_egg_info, develop, build_scripts, build, bdist_rpm, rotate, build_clib, install_scripts, init_catalog, build_ext, compile_catalog
[0.829s] DEBUG:colcon.colcon_core.event_handler.log_command:Invoking command in '/home/abdullah/task12/Group7-Task7-Maze/maze_movement': DEBUGINFOD_URLS=https://debuginfod.ubuntu.com PYTHONPATH=/home/abdullah/task12/Group7-Task7-Maze/build/maze_movement/prefix_override:/usr/lib/python3/dist-packages/colcon_core/task/python/colcon_distutils_commands:/home/abdullah/task12/Group7-Task7-Maze/install/maze_movement/lib/python3.12/site-packages: /usr/bin/python3 -W ignore:setup.py install is deprecated -W ignore:easy_install command is deprecated setup.py egg_info --egg-base ../build/maze_movement build --build-base /home/abdullah/task12/Group7-Task7-Maze/build/maze_movement/build install --record /home/abdullah/task12/Group7-Task7-Maze/build/maze_movement/install.log --install-scripts $base/lib/maze_movement --single-version-externally-managed install_data
[1.135s] Level 1:colcon.colcon_core.environment:checking '/home/abdullah/task12/Group7-Task7-Maze/install/maze_control' for CMake module files
[1.136s] DEBUG:colcon.colcon_core.event_handler.log_command:Invoked command in '/home/abdullah/task12/Group7-Task7-Maze/maze_control' returned '0': DEBUGINFOD_URLS=https://debuginfod.ubuntu.com PYTHONPATH=/home/abdullah/task12/Group7-Task7-Maze/build/maze_control/prefix_override:/usr/lib/python3/dist-packages/colcon_core/task/python/colcon_distutils_commands:/home/abdullah/task12/Group7-Task7-Maze/install/maze_control/lib/python3.12/site-packages: /usr/bin/python3 -W ignore:setup.py install is deprecated -W ignore:easy_install command is deprecated setup.py egg_info --egg-base ../build/maze_control build --build-base /home/abdullah/task12/Group7-Task7-Maze/build/maze_control/build install --record /home/abdullah/task12/Group7-Task7-Maze/build/maze_control/install.log --install-scripts $base/lib/maze_control --single-version-externally-managed install_data
[1.137s] Level 1:colcon.colcon_core.environment:checking '/home/abdullah/task12/Group7-Task7-Maze/install/maze_control' for CMake config files
[1.139s] Level 1:colcon.colcon_core.environment:checking '/home/abdullah/task12/Group7-Task7-Maze/install/maze_control/lib'
[1.139s] Level 1:colcon.colcon_core.environment:checking '/home/abdullah/task12/Group7-Task7-Maze/install/maze_control/bin'
[1.139s] Level 1:colcon.colcon_core.environment:checking '/home/abdullah/task12/Group7-Task7-Maze/install/maze_control/lib/pkgconfig/maze_control.pc'
[1.139s] Level 1:colcon.colcon_core.environment:checking '/home/abdullah/task12/Group7-Task7-Maze/install/maze_control/lib/python3.12/site-packages'
[1.139s] Level 1:colcon.colcon_core.shell:create_environment_hook('maze_control', 'pythonpath')
[1.139s] INFO:colcon.colcon_core.shell:Creating environment hook '/home/abdullah/task12/Group7-Task7-Maze/install/maze_control/share/maze_control/hook/pythonpath.ps1'
[1.140s] INFO:colcon.colcon_core.shell:Creating environment descriptor '/home/abdullah/task12/Group7-Task7-Maze/install/maze_control/share/maze_control/hook/pythonpath.dsv'
[1.140s] INFO:colcon.colcon_core.shell:Creating environment hook '/home/abdullah/task12/Group7-Task7-Maze/install/maze_control/share/maze_control/hook/pythonpath.sh'
[1.141s] Level 1:colcon.colcon_core.environment:checking '/home/abdullah/task12/Group7-Task7-Maze/install/maze_control/bin'
[1.141s] Level 1:colcon.colcon_core.environment:create_environment_scripts_only(maze_control)
[1.141s] INFO:colcon.colcon_core.shell:Creating package script '/home/abdullah/task12/Group7-Task7-Maze/install/maze_control/share/maze_control/package.ps1'
[1.141s] INFO:colcon.colcon_core.shell:Creating package descriptor '/home/abdullah/task12/Group7-Task7-Maze/install/maze_control/share/maze_control/package.dsv'
[1.142s] INFO:colcon.colcon_core.shell:Creating package script '/home/abdullah/task12/Group7-Task7-Maze/install/maze_control/share/maze_control/package.sh'
[1.142s] INFO:colcon.colcon_core.shell:Creating package script '/home/abdullah/task12/Group7-Task7-Maze/install/maze_control/share/maze_control/package.bash'
[1.142s] INFO:colcon.colcon_core.shell:Creating package script '/home/abdullah/task12/Group7-Task7-Maze/install/maze_control/share/maze_control/package.zsh'
[1.142s] Level 1:colcon.colcon_core.environment:create_file_with_runtime_dependencies(/home/abdullah/task12/Group7-Task7-Maze/install/maze_control/share/colcon-core/packages/maze_control)
[1.143s] Level 1:colcon.colcon_core.environment:checking '/home/abdullah/task12/Group7-Task7-Maze/install/maze_movement' for CMake module files
[1.144s] DEBUG:colcon.colcon_core.event_handler.log_command:Invoked command in '/home/abdullah/task12/Group7-Task7-Maze/maze_movement' returned '0': DEBUGINFOD_URLS=https://debuginfod.ubuntu.com PYTHONPATH=/home/abdullah/task12/Group7-Task7-Maze/build/maze_movement/prefix_override:/usr/lib/python3/dist-packages/colcon_core/task/python/colcon_distutils_commands:/home/abdullah/task12/Group7-Task7-Maze/install/maze_movement/lib/python3.12/site-packages: /usr/bin/python3 -W ignore:setup.py install is deprecated -W ignore:easy_install command is deprecated setup.py egg_info --egg-base ../build/maze_movement build --build-base /home/abdullah/task12/Group7-Task7-Maze/build/maze_movement/build install --record /home/abdullah/task12/Group7-Task7-Maze/build/maze_movement/install.log --install-scripts $base/lib/maze_movement --single-version-externally-managed install_data
[1.145s] Level 1:colcon.colcon_core.environment:checking '/home/abdullah/task12/Group7-Task7-Maze/install/maze_movement' for CMake config files
[1.146s] Level 1:colcon.colcon_core.environment:checking '/home/abdullah/task12/Group7-Task7-Maze/install/maze_movement/lib'
[1.146s] Level 1:colcon.colcon_core.environment:checking '/home/abdullah/task12/Group7-Task7-Maze/install/maze_movement/bin'
[1.146s] Level 1:colcon.colcon_core.environment:checking '/home/abdullah/task12/Group7-Task7-Maze/install/maze_movement/lib/pkgconfig/maze_movement.pc'
[1.147s] Level 1:colcon.colcon_core.environment:checking '/home/abdullah/task12/Group7-Task7-Maze/install/maze_movement/lib/python3.12/site-packages'
[1.147s] Level 1:colcon.colcon_core.shell:create_environment_hook('maze_movement', 'pythonpath')
[1.147s] INFO:colcon.colcon_core.shell:Creating environment hook '/home/abdullah/task12/Group7-Task7-Maze/install/maze_movement/share/maze_movement/hook/pythonpath.ps1'
[1.147s] INFO:colcon.colcon_core.shell:Creating environment descriptor '/home/abdullah/task12/Group7-Task7-Maze/install/maze_movement/share/maze_movement/hook/pythonpath.dsv'
[1.148s] INFO:colcon.colcon_core.shell:Creating environment hook '/home/abdullah/task12/Group7-Task7-Maze/install/maze_movement/share/maze_movement/hook/pythonpath.sh'
[1.149s] Level 1:colcon.colcon_core.environment:checking '/home/abdullah/task12/Group7-Task7-Maze/install/maze_movement/bin'
[1.149s] Level 1:colcon.colcon_core.environment:create_environment_scripts_only(maze_movement)
[1.149s] INFO:colcon.colcon_core.shell:Creating package script '/home/abdullah/task12/Group7-Task7-Maze/install/maze_movement/share/maze_movement/package.ps1'
[1.149s] INFO:colcon.colcon_core.shell:Creating package descriptor '/home/abdullah/task12/Group7-Task7-Maze/install/maze_movement/share/maze_movement/package.dsv'
[1.150s] INFO:colcon.colcon_core.shell:Creating package script '/home/abdullah/task12/Group7-Task7-Maze/install/maze_movement/share/maze_movement/package.sh'
[1.150s] INFO:colcon.colcon_core.shell:Creating package script '/home/abdullah/task12/Group7-Task7-Maze/install/maze_movement/share/maze_movement/package.bash'
[1.150s] INFO:colcon.colcon_core.shell:Creating package script '/home/abdullah/task12/Group7-Task7-Maze/install/maze_movement/share/maze_movement/package.zsh'
[1.150s] Level 1:colcon.colcon_core.environment:create_file_with_runtime_dependencies(/home/abdullah/task12/Group7-Task7-Maze/install/maze_movement/share/colcon-core/packages/maze_movement)
[1.151s] DEBUG:colcon.colcon_parallel_executor.executor.parallel:closing loop
[1.151s] DEBUG:colcon.colcon_parallel_executor.executor.parallel:loop closed
[1.151s] DEBUG:colcon.colcon_parallel_executor.executor.parallel:run_until_complete finished with '0'
[1.151s] DEBUG:colcon.colcon_core.event_reactor:joining thread
[1.156s] INFO:colcon.colcon_core.plugin_system:Skipping extension 'colcon_notification.desktop_notification.terminal_notifier': Not used on non-Darwin systems
[1.157s] INFO:colcon.colcon_core.plugin_system:Skipping extension 'colcon_notification.desktop_notification.win32': Not used on non-Windows systems
[1.157s] INFO:colcon.colcon_notification.desktop_notification:Sending desktop notification using 'notify2'
[1.175s] DEBUG:colcon.colcon_core.event_reactor:joined thread
[1.175s] INFO:colcon.colcon_core.shell:Creating prefix script '/home/abdullah/task12/Group7-Task7-Maze/install/local_setup.ps1'
[1.176s] INFO:colcon.colcon_core.shell:Creating prefix util module '/home/abdullah/task12/Group7-Task7-Maze/install/_local_setup_util_ps1.py'
[1.177s] INFO:colcon.colcon_core.shell:Creating prefix chain script '/home/abdullah/task12/Group7-Task7-Maze/install/setup.ps1'
[1.178s] INFO:colcon.colcon_core.shell:Creating prefix script '/home/abdullah/task12/Group7-Task7-Maze/install/local_setup.sh'
[1.178s] INFO:colcon.colcon_core.shell:Creating prefix util module '/home/abdullah/task12/Group7-Task7-Maze/install/_local_setup_util_sh.py'
[1.179s] INFO:colcon.colcon_core.shell:Creating prefix chain script '/home/abdullah/task12/Group7-Task7-Maze/install/setup.sh'
[1.179s] INFO:colcon.colcon_core.shell:Creating prefix script '/home/abdullah/task12/Group7-Task7-Maze/install/local_setup.bash'
[1.180s] INFO:colcon.colcon_core.shell:Creating prefix chain script '/home/abdullah/task12/Group7-Task7-Maze/install/setup.bash'
[1.181s] INFO:colcon.colcon_core.shell:Creating prefix script '/home/abdullah/task12/Group7-Task7-Maze/install/local_setup.zsh'
[1.182s] INFO:colcon.colcon_core.shell:Creating prefix chain script '/home/abdullah/task12/Group7-Task7-Maze/install/setup.zsh'
